                _._                                                  
           _.-``__ ''-._                                             
      _.-``    `.  `_.  ''-._           Redis 999.999.999 (3b644e82/0) 64 bit
  .-`` .-```.  ```\/    _.,_ ''-._                                   
 (    '      ,       .-`  | `,    )     Running in standalone mode
 |`-._`-...-` __...-.``-._|'` _.-'|     Port: 6379
 |    `-._   `._    /     _.-'    |     PID: 2093137
  `-._    `-._  `-./  _.-'    _.-'                                   
 |`-._`-._    `-.__.-'    _.-'_.-'|                                  
 |    `-._`-._        _.-'_.-'    |           http://redis.io        
  `-._    `-._`-.__.-'_.-'    _.-'                                   
 |`-._`-._    `-.__.-'    _.-'_.-'|                                  
 |    `-._`-._        _.-'_.-'    |                                  
  `-._    `-._`-.__.-'_.-'    _.-'                                   
      `-._    `-.__.-'    _.-'                                       
          `-._        _.-'                                           
              `-.__.-'                                               

2093137:M 27 Sep 15:48:26.933 # Server started, Redis version 999.999.999
2093137:M 27 Sep 15:48:26.933 # WARNING you have Transparent Huge Pages (THP) support enabled in your kernel. This will create latency and memory usage issues with Redis. To fix this issue run the command 'echo never > /sys/kernel/mm/transparent_hugepage/enabled' as root, and add it to your /etc/rc.local in order to retain the setting after a reboot. Redis must be restarted after THP is disabled.
2093137:M 27 Sep 15:48:26.933 * The server is now ready to accept connections on port 6379
2093137:M 27 Sep 15:48:26.934 - 0 clients connected (0 slaves), 762624 bytes in use
2093137:M 27 Sep 15:48:31.953 - 0 clients connected (0 slaves), 762624 bytes in use
2093137:M 27 Sep 15:48:33.216 - Accepted 127.0.0.1:58436


=== REDIS BUG REPORT START: Cut & paste starting from here ===
2093137:M 27 Sep 15:48:36.145 # Redis 999.999.999 crashed by signal: 11
2093137:M 27 Sep 15:48:36.145 # Crashed running the instuction at: 0x47d221
2093137:M 27 Sep 15:48:36.145 # Accessing address: (nil)
2093137:M 27 Sep 15:48:36.145 # Failed assertion: <no assertion failed> (<no file>:0)

------ STACK TRACE ------
EIP:
./redis/src/redis-server *:6379(bitfieldCommand+0x3f1)[0x47d221]

Backtrace:
./redis/src/redis-server *:6379(logStackTrace+0x6b)[0x4670fb]
./redis/src/redis-server *:6379(sigsegvHandler+0xaf)[0x46766f]
/nix/store/fg4yq8i8wd08xg3fy58l6q73cjy8hjr2-glibc-2.27/lib/libpthread.so.0(+0x11f10)[0x75b151c11f10]
./redis/src/redis-server *:6379(bitfieldCommand+0x3f1)[0x47d221]
./redis/src/redis-server *:6379(call+0x71)[0x42ac81]
./redis/src/redis-server *:6379(processCommand+0x45f)[0x42df8f]
./redis/src/redis-server *:6379(processInputBuffer+0x115)[0x43b155]
./redis/src/redis-server *:6379(aeProcessEvents+0x124)[0x424b04]
./redis/src/redis-server *:6379(aeMain+0x2b)[0x424ebb]
./redis/src/redis-server *:6379(main+0x200)[0x421b30]
/nix/store/fg4yq8i8wd08xg3fy58l6q73cjy8hjr2-glibc-2.27/lib/libc.so.6(__libc_start_main+0xee)[0x75b151821b8e]
./redis/src/redis-server *:6379(_start+0x2a)[0x421fda]

------ INFO OUTPUT ------
# Server
redis_version:999.999.999
redis_git_sha1:3b644e82
redis_git_dirty:0
redis_build_id:158514199423cc90
redis_mode:standalone
os:Linux 7.1.5 x86_64
arch_bits:64
multiplexing_api:epoll
gcc_version:7.3.0
process_id:2093137
run_id:e7c932b25820e30b9e30d576518e3d318f393205
tcp_port:6379
uptime_in_seconds:10
uptime_in_days:0
hz:10
lru_clock:12106820
executable:/home/sshkgw/repo/lets-reproduce-logs/redis/redis-3221/./redis/src/redis-server
config_file:

# Clients
connected_clients:1
client_longest_output_list:0
client_biggest_input_buf:0
blocked_clients:0

# Memory
used_memory:825800
used_memory_human:806.45K
used_memory_rss:4583424
used_memory_rss_human:4.37M
used_memory_peak:825800
used_memory_peak_human:806.45K
total_system_memory:16149856256
total_system_memory_human:15.04G
used_memory_lua:37888
used_memory_lua_human:37.00K
maxmemory:0
maxmemory_human:0B
maxmemory_policy:noeviction
mem_fragmentation_ratio:5.55
mem_allocator:jemalloc-4.0.3
lazyfree_pending_objects:0

# Persistence
loading:0
rdb_changes_since_last_save:1
rdb_bgsave_in_progress:0
rdb_last_save_time:1790491706
rdb_last_bgsave_status:ok
rdb_last_bgsave_time_sec:-1
rdb_current_bgsave_time_sec:-1
aof_enabled:0
aof_rewrite_in_progress:0
aof_rewrite_scheduled:0
aof_last_rewrite_time_sec:-1
aof_current_rewrite_time_sec:-1
aof_last_bgrewrite_status:ok
aof_last_write_status:ok

# Stats
total_connections_received:1
total_commands_processed:2
instantaneous_ops_per_sec:0
total_net_input_bytes:97
total_net_output_bytes:832476
instantaneous_input_kbps:0.02
instantaneous_output_kbps:0.00
rejected_connections:0
sync_full:0
sync_partial_ok:0
sync_partial_err:0
expired_keys:0
evicted_keys:0
keyspace_hits:1
keyspace_misses:0
pubsub_channels:0
pubsub_patterns:0
latest_fork_usec:0
migrate_cached_sockets:0

# Replication
role:master
connected_slaves:0
master_repl_offset:0
repl_backlog_active:0
repl_backlog_size:1048576
repl_backlog_first_byte_offset:0
repl_backlog_histlen:0

# CPU
used_cpu_sys:0.01
used_cpu_user:0.01
used_cpu_sys_children:0.00
used_cpu_user_children:0.00

# Commandstats
cmdstat_set:calls=1,usec=9,usec_per_call=9.00
cmdstat_command:calls=1,usec=207,usec_per_call=207.00

# Cluster
cluster_enabled:0

# Keyspace
db0:keys=1,expires=0,avg_ttl=0
hash_init_value: 1789491022

------ CLIENT LIST OUTPUT ------
id=2 addr=127.0.0.1:58436 fd=6 name= age=3 idle=0 flags=N db=0 sub=0 psub=0 multi=-1 qbuf=0 qbuf-free=32768 obl=4 oll=0 omem=0 events=r cmd=bitfield

------ CURRENT CLIENT INFO ------
id=2 addr=127.0.0.1:58436 fd=6 name= age=3 idle=0 flags=N db=0 sub=0 psub=0 multi=-1 qbuf=0 qbuf-free=32768 obl=4 oll=0 omem=0 events=r cmd=bitfield
argv[0]: 'bitfield'
argv[1]: 'foo'
argv[2]: 'get'
argv[3]: 'i1'
argv[4]: '0'
2093137:M 27 Sep 15:48:36.146 # key 'foo' found in DB containing the following object:
2093137:M 27 Sep 15:48:36.146 # Object type: 0
2093137:M 27 Sep 15:48:36.146 # Object encoding: 1
2093137:M 27 Sep 15:48:36.146 # Object refcount: 2147483647

------ REGISTERS ------
2093137:M 27 Sep 15:48:36.146 # 
RAX:000075b150e16ba0 RBX:000075b150f00440
RCX:00000000b8bc4400 RDX:00000000b8bc4410
RDI:000075b150f17276 RSI:0000000000000001
RBP:0000000000000020 RSP:00007fff011f1a20
R8 :0000000000000003 R9 :000075b151931870
R10:000075b150e00000 R11:000075b15197dda0
R12:0000000000000000 R13:000075b150f17260
R14:0000000000000001 R15:000075b150f17240
RIP:000000000047d221 EFL:0000000000010206
CSGSFS:002b000000000033
2093137:M 27 Sep 15:48:36.146 # (00007fff011f1a2f) -> 00000000007535c0
2093137:M 27 Sep 15:48:36.146 # (00007fff011f1a2e) -> 000075b150f00440
2093137:M 27 Sep 15:48:36.146 # (00007fff011f1a2d) -> 8fb05040690a8e00
2093137:M 27 Sep 15:48:36.146 # (00007fff011f1a2c) -> 0000000000000000
2093137:M 27 Sep 15:48:36.146 # (00007fff011f1a2b) -> 000075b150e1af40
2093137:M 27 Sep 15:48:36.146 # (00007fff011f1a2a) -> 0000000000000000
2093137:M 27 Sep 15:48:36.146 # (00007fff011f1a29) -> 0000000000000000
2093137:M 27 Sep 15:48:36.146 # (00007fff011f1a28) -> 0000000100000001
2093137:M 27 Sep 15:48:36.146 # (00007fff011f1a27) -> 00007fff011f1a70
2093137:M 27 Sep 15:48:36.146 # (00007fff011f1a26) -> 00007fff011f1a68
2093137:M 27 Sep 15:48:36.146 # (00007fff011f1a25) -> 00007fff011f1a60
2093137:M 27 Sep 15:48:36.146 # (00007fff011f1a24) -> 00007fff011f1a64
2093137:M 27 Sep 15:48:36.146 # (00007fff011f1a23) -> 0000000000000001
2093137:M 27 Sep 15:48:36.146 # (00007fff011f1a22) -> 000075b150f17240
2093137:M 27 Sep 15:48:36.146 # (00007fff011f1a21) -> 0000000000000002
2093137:M 27 Sep 15:48:36.146 # (00007fff011f1a20) -> 00007fff011f1a70

------ FAST MEMORY TEST ------
2093137:M 27 Sep 15:48:36.146 # Bio thread for job type #0 terminated
2093137:M 27 Sep 15:48:36.146 # Bio thread for job type #1 terminated
2093137:M 27 Sep 15:48:36.146 # Bio thread for job type #2 terminated
*** Preparing to test memory region 73a000 (114688 bytes)
*** Preparing to test memory region 16dff000 (135168 bytes)
*** Preparing to test memory region 75b14f5fe000 (8388608 bytes)
*** Preparing to test memory region 75b14fdff000 (8388608 bytes)
*** Preparing to test memory region 75b150600000 (8388608 bytes)
*** Preparing to test memory region 75b150e00000 (2097152 bytes)
*** Preparing to test memory region 75b151600000 (2097152 bytes)
*** Preparing to test memory region 75b151bb0000 (16384 bytes)
*** Preparing to test memory region 75b151e1b000 (16384 bytes)
*** Preparing to test memory region 75b152a26000 (4096 bytes)
*** Preparing to test memory region 75b152b67000 (16384 bytes)
.O.O.O.O.O.O.O.O.O.O.O
Fast memory test PASSED, however your memory can still be broken. Please run a memory test for several hours if possible.
=== REDIS BUG REPORT END. Make sure to include from START to END. ===

       Please report the crash by opening an issue on github:

           http://github.com/antirez/redis/issues

  Suspect RAM error? Use redis-server --test-memory to verify it.

                _._                                                  
           _.-``__ ''-._                                             
      _.-``    `.  `_.  ''-._           Redis 999.999.999 (3b644e82/0) 64 bit
  .-`` .-```.  ```\/    _.,_ ''-._                                   
 (    '      ,       .-`  | `,    )     Running in standalone mode
 |`-._`-...-` __...-.``-._|'` _.-'|     Port: 6379
 |    `-._   `._    /     _.-'    |     PID: 2132462
  `-._    `-._  `-./  _.-'    _.-'                                   
 |`-._`-._    `-.__.-'    _.-'_.-'|                                  
 |    `-._`-._        _.-'_.-'    |           http://redis.io        
  `-._    `-._`-.__.-'_.-'    _.-'                                   
 |`-._`-._    `-.__.-'    _.-'_.-'|                                  
 |    `-._`-._        _.-'_.-'    |                                  
  `-._    `-._`-.__.-'_.-'    _.-'                                   
      `-._    `-.__.-'    _.-'                                       
          `-._        _.-'                                           
              `-.__.-'                                               

2132462:M 27 Sep 18:32:00.892 # Server started, Redis version 999.999.999
2132462:M 27 Sep 18:32:00.892 # WARNING you have Transparent Huge Pages (THP) support enabled in your kernel. This will create latency and memory usage issues with Redis. To fix this issue run the command 'echo never > /sys/kernel/mm/transparent_hugepage/enabled' as root, and add it to your /etc/rc.local in order to retain the setting after a reboot. Redis must be restarted after THP is disabled.
2132462:M 27 Sep 18:32:00.892 * The server is now ready to accept connections on port 6379
2132462:M 27 Sep 18:32:00.893 - 0 clients connected (0 slaves), 762624 bytes in use
2132462:M 27 Sep 18:32:05.910 - 0 clients connected (0 slaves), 762624 bytes in use
2132462:M 27 Sep 18:32:09.953 - Accepted 127.0.0.1:36738
2132462:M 27 Sep 18:32:10.929 - 1 clients connected (0 slaves), 783488 bytes in use
2132462:M 27 Sep 18:32:15.946 - 1 clients connected (0 slaves), 783488 bytes in use
2132462:M 27 Sep 18:32:20.967 - 1 clients connected (0 slaves), 783488 bytes in use
2132462:M 27 Sep 18:32:25.987 - DB 0: 1 keys (0 volatile) in 4 slots HT.
2132462:M 27 Sep 18:32:25.987 - 1 clients connected (0 slaves), 783584 bytes in use
2132462:M 27 Sep 18:32:31.003 - DB 0: 1 keys (0 volatile) in 4 slots HT.
2132462:M 27 Sep 18:32:31.003 - 1 clients connected (0 slaves), 783584 bytes in use
2132462:M 27 Sep 18:32:36.022 - DB 0: 1 keys (0 volatile) in 4 slots HT.
2132462:M 27 Sep 18:32:36.022 - 1 clients connected (0 slaves), 783584 bytes in use
2132462:M 27 Sep 18:32:41.042 - DB 0: 1 keys (0 volatile) in 4 slots HT.
2132462:M 27 Sep 18:32:41.042 - 1 clients connected (0 slaves), 783584 bytes in use
2132462:M 27 Sep 18:32:46.061 - DB 0: 1 keys (0 volatile) in 4 slots HT.
2132462:M 27 Sep 18:32:46.061 - 1 clients connected (0 slaves), 783584 bytes in use
2132462:M 27 Sep 18:32:51.080 - DB 0: 1 keys (0 volatile) in 4 slots HT.
2132462:M 27 Sep 18:32:51.080 - 1 clients connected (0 slaves), 783584 bytes in use
2132462:M 27 Sep 18:32:56.099 - DB 0: 1 keys (0 volatile) in 4 slots HT.
2132462:M 27 Sep 18:32:56.099 - 1 clients connected (0 slaves), 783584 bytes in use
2132462:M 27 Sep 18:33:01.115 - DB 0: 1 keys (0 volatile) in 4 slots HT.
2132462:M 27 Sep 18:33:01.115 - 1 clients connected (0 slaves), 783600 bytes in use
2132462:M 27 Sep 18:33:06.133 - DB 0: 1 keys (0 volatile) in 4 slots HT.
2132462:M 27 Sep 18:33:06.133 - 1 clients connected (0 slaves), 783592 bytes in use
2132462:M 27 Sep 18:33:11.151 - DB 0: 1 keys (0 volatile) in 4 slots HT.
2132462:M 27 Sep 18:33:11.151 - 1 clients connected (0 slaves), 783592 bytes in use
2132462:M 27 Sep 18:33:16.170 - DB 0: 1 keys (0 volatile) in 4 slots HT.
2132462:M 27 Sep 18:33:16.170 - 1 clients connected (0 slaves), 783592 bytes in use
2132462:M 27 Sep 18:33:21.189 - DB 0: 1 keys (0 volatile) in 4 slots HT.
2132462:M 27 Sep 18:33:21.189 - 1 clients connected (0 slaves), 783592 bytes in use
2132462:M 27 Sep 18:33:26.208 - DB 0: 1 keys (0 volatile) in 4 slots HT.
2132462:M 27 Sep 18:33:26.208 - 1 clients connected (0 slaves), 783592 bytes in use
2132462:M 27 Sep 18:33:31.227 - DB 0: 1 keys (0 volatile) in 4 slots HT.
2132462:M 27 Sep 18:33:31.227 - 1 clients connected (0 slaves), 783592 bytes in use
2132462:M 27 Sep 18:33:36.245 - DB 0: 1 keys (0 volatile) in 4 slots HT.
2132462:M 27 Sep 18:33:36.245 - 1 clients connected (0 slaves), 783592 bytes in use
2132462:M 27 Sep 18:33:41.265 - DB 0: 1 keys (0 volatile) in 4 slots HT.
2132462:M 27 Sep 18:33:41.265 - 1 clients connected (0 slaves), 783592 bytes in use
2132462:M 27 Sep 18:33:46.285 - DB 0: 1 keys (0 volatile) in 4 slots HT.
2132462:M 27 Sep 18:33:46.286 - 1 clients connected (0 slaves), 783592 bytes in use
2132462:M 27 Sep 18:33:51.306 - DB 0: 1 keys (0 volatile) in 4 slots HT.
2132462:M 27 Sep 18:33:51.306 - 1 clients connected (0 slaves), 783592 bytes in use
2132462:M 27 Sep 18:33:53.994 - Client closed connection
2132462:signal-handler (1790501636) Received SIGINT scheduling shutdown...
2132462:M 27 Sep 18:33:56.022 # User requested shutdown...
2132462:M 27 Sep 18:33:56.022 # Redis is now ready to exit, bye bye...
