2026-09-15 04:57:26.072 UTC [49] LOG:  00000: starting PostgreSQL 13.1 (Debian 13.1-1.pgdg100+1) on x86_64-pc-linux-gnu, compiled by gcc (Debian 8.3.0-6) 8.3.0, 64-bit
2026-09-15 04:57:26.072 UTC [49] LOCATION:  PostmasterMain, postmaster.c:1125
2026-09-15 04:57:26.076 UTC [49] LOG:  00000: listening on Unix socket "/var/run/postgresql/.s.PGSQL.5432"
2026-09-15 04:57:26.076 UTC [49] LOCATION:  StreamServerPort, pqcomm.c:585
2026-09-15 04:57:26.096 UTC [51] LOG:  00000: database system was shut down at 2026-09-15 04:57:25 UTC
2026-09-15 04:57:26.096 UTC [51] LOCATION:  StartupXLOG, xlog.c:6353
2026-09-15 04:57:26.096 UTC [51] DEBUG:  00000: checkpoint record is at 0/15CC7A8
2026-09-15 04:57:26.096 UTC [51] LOCATION:  StartupXLOG, xlog.c:6665
2026-09-15 04:57:26.096 UTC [51] DEBUG:  00000: redo record is at 0/15CC7A8; shutdown true
2026-09-15 04:57:26.096 UTC [51] LOCATION:  StartupXLOG, xlog.c:6743
2026-09-15 04:57:26.097 UTC [51] DEBUG:  00000: next transaction ID: 486; next OID: 13396
2026-09-15 04:57:26.097 UTC [51] LOCATION:  StartupXLOG, xlog.c:6747
2026-09-15 04:57:26.097 UTC [51] DEBUG:  00000: next MultiXactId: 1; next MultiXactOffset: 0
2026-09-15 04:57:26.097 UTC [51] LOCATION:  StartupXLOG, xlog.c:6750
2026-09-15 04:57:26.097 UTC [51] DEBUG:  00000: oldest unfrozen transaction ID: 479, in database 1
2026-09-15 04:57:26.097 UTC [51] LOCATION:  StartupXLOG, xlog.c:6753
2026-09-15 04:57:26.097 UTC [51] DEBUG:  00000: oldest MultiXactId: 1, in database 1
2026-09-15 04:57:26.097 UTC [51] LOCATION:  StartupXLOG, xlog.c:6756
2026-09-15 04:57:26.097 UTC [51] DEBUG:  00000: commit timestamp Xid oldest/newest: 0/0
2026-09-15 04:57:26.097 UTC [51] LOCATION:  StartupXLOG, xlog.c:6760
2026-09-15 04:57:26.097 UTC [51] DEBUG:  00000: transaction ID wrap limit is 2147484126, limited by database with OID 1
2026-09-15 04:57:26.097 UTC [51] LOCATION:  SetTransactionIdLimit, varsup.c:410
2026-09-15 04:57:26.097 UTC [51] DEBUG:  00000: MultiXactId wrap limit is 2147483648, limited by database with OID 1
2026-09-15 04:57:26.097 UTC [51] LOCATION:  SetMultiXactIdLimit, multixact.c:2271
2026-09-15 04:57:26.097 UTC [51] DEBUG:  00000: starting up replication slots
2026-09-15 04:57:26.097 UTC [51] LOCATION:  StartupReplicationSlots, slot.c:1289
2026-09-15 04:57:26.097 UTC [51] DEBUG:  00000: starting up replication origin progress state
2026-09-15 04:57:26.097 UTC [51] LOCATION:  StartupReplicationOrigin, origin.c:694
2026-09-15 04:57:26.097 UTC [51] DEBUG:  00000: MultiXactId wrap limit is 2147483648, limited by database with OID 1
2026-09-15 04:57:26.097 UTC [51] LOCATION:  SetMultiXactIdLimit, multixact.c:2271
2026-09-15 04:57:26.097 UTC [51] DEBUG:  00000: MultiXact member stop limit is now 4294914944 based on MultiXact 1
2026-09-15 04:57:26.097 UTC [51] LOCATION:  SetOffsetVacuumLimit, multixact.c:2634
2026-09-15 04:57:26.109 UTC [52] DEBUG:  00000: checkpointer updated shared memory configuration values
2026-09-15 04:57:26.109 UTC [52] LOCATION:  UpdateSharedMemoryConfig, checkpointer.c:1301
2026-09-15 04:57:26.112 UTC [49] DEBUG:  00000: starting background worker process "logical replication launcher"
2026-09-15 04:57:26.112 UTC [49] LOCATION:  do_start_bgworker, postmaster.c:5848
2026-09-15 04:57:26.113 UTC [55] DEBUG:  00000: autovacuum launcher started
2026-09-15 04:57:26.113 UTC [55] LOCATION:  AutoVacLauncherMain, autovacuum.c:442
2026-09-15 04:57:26.114 UTC [49] LOG:  00000: database system is ready to accept connections
2026-09-15 04:57:26.114 UTC [49] LOCATION:  reaper, postmaster.c:3061
2026-09-15 04:57:26.115 UTC [56] DEBUG:  00000: received inquiry for database 0
2026-09-15 04:57:26.115 UTC [56] LOCATION:  pgstat_recv_inquiry, pgstat.c:5866
2026-09-15 04:57:26.116 UTC [56] DEBUG:  00000: writing stats file "pg_stat_tmp/global.stat"
2026-09-15 04:57:26.116 UTC [56] LOCATION:  pgstat_write_statsfiles, pgstat.c:4873
2026-09-15 04:57:26.116 UTC [57] DEBUG:  00000: logical replication launcher started
2026-09-15 04:57:26.116 UTC [57] LOCATION:  ApplyLauncherMain, launcher.c:951
2026-09-15 04:57:26.282 UTC [49] DEBUG:  00000: forked new backend, pid=67 socket=8
2026-09-15 04:57:26.282 UTC [49] LOCATION:  BackendStartup, postmaster.c:4242
2026-09-15 04:57:26.302 UTC [49] DEBUG:  00000: server process (PID 67) exited with exit code 0
2026-09-15 04:57:26.302 UTC [49] LOCATION:  LogChildExit, postmaster.c:3731
2026-09-15 04:57:26.304 UTC [49] DEBUG:  00000: postmaster received signal 2
2026-09-15 04:57:26.304 UTC [49] LOCATION:  pmdie, postmaster.c:2787
2026-09-15 04:57:26.304 UTC [49] LOG:  00000: received fast shutdown request
2026-09-15 04:57:26.304 UTC [49] LOCATION:  pmdie, postmaster.c:2848
2026-09-15 04:57:26.308 UTC [49] LOG:  00000: aborting any active transactions
2026-09-15 04:57:26.308 UTC [49] LOCATION:  pmdie, postmaster.c:2866
2026-09-15 04:57:26.309 UTC [55] DEBUG:  00000: autovacuum launcher shutting down
2026-09-15 04:57:26.309 UTC [55] LOCATION:  AutoVacLauncherShutdown, autovacuum.c:839
2026-09-15 04:57:26.312 UTC [57] DEBUG:  00000: logical replication launcher shutting down
2026-09-15 04:57:26.312 UTC [57] LOCATION:  ProcessInterrupts, postgres.c:3049
2026-09-15 04:57:26.314 UTC [49] LOG:  00000: background worker "logical replication launcher" (PID 57) exited with exit code 1
2026-09-15 04:57:26.314 UTC [49] LOCATION:  LogChildExit, postmaster.c:3731
2026-09-15 04:57:26.314 UTC [52] LOG:  00000: shutting down
2026-09-15 04:57:26.314 UTC [52] LOCATION:  ShutdownXLOG, xlog.c:8499
2026-09-15 04:57:26.326 UTC [52] DEBUG:  00000: performing replication slot checkpoint
2026-09-15 04:57:26.326 UTC [52] LOCATION:  CheckPointReplicationSlots, slot.c:1253
2026-09-15 04:57:26.341 UTC [52] DEBUG:  00000: attempting to remove WAL segments older than log file 000000000000000000000000
2026-09-15 04:57:26.341 UTC [52] LOCATION:  RemoveOldXlogFiles, xlog.c:4039
2026-09-15 04:57:26.341 UTC [52] DEBUG:  00000: SlruScanDirectory invoking callback on pg_subtrans/0000
2026-09-15 04:57:26.341 UTC [52] LOCATION:  SlruScanDirectory, slru.c:1458
2026-09-15 04:57:26.349 UTC [56] DEBUG:  00000: writing stats file "pg_stat/global.stat"
2026-09-15 04:57:26.349 UTC [56] LOCATION:  pgstat_write_statsfiles, pgstat.c:4873
2026-09-15 04:57:26.350 UTC [56] DEBUG:  00000: writing stats file "pg_stat/db_13395.stat"
2026-09-15 04:57:26.350 UTC [56] LOCATION:  pgstat_write_db_statsfile, pgstat.c:5036
2026-09-15 04:57:26.350 UTC [56] DEBUG:  00000: removing temporary stats file "pg_stat_tmp/db_13395.stat"
2026-09-15 04:57:26.350 UTC [56] LOCATION:  pgstat_write_db_statsfile, pgstat.c:5117
2026-09-15 04:57:26.350 UTC [56] DEBUG:  00000: writing stats file "pg_stat/db_0.stat"
2026-09-15 04:57:26.350 UTC [56] LOCATION:  pgstat_write_db_statsfile, pgstat.c:5036
2026-09-15 04:57:26.350 UTC [56] DEBUG:  00000: removing temporary stats file "pg_stat_tmp/db_0.stat"
2026-09-15 04:57:26.350 UTC [56] LOCATION:  pgstat_write_db_statsfile, pgstat.c:5117
2026-09-15 04:57:26.355 UTC [49] DEBUG:  00000: cleaning up dynamic shared memory control segment with ID 1532383138
2026-09-15 04:57:26.355 UTC [49] LOCATION:  dsm_postmaster_shutdown, dsm.c:364
2026-09-15 04:57:26.361 UTC [49] LOG:  00000: database system is shut down
2026-09-15 04:57:26.361 UTC [49] LOCATION:  UnlinkLockFiles, miscinit.c:928
2026-09-15 04:57:26.365 UTC [50] DEBUG:  00000: logger shutting down
2026-09-15 04:57:26.365 UTC [50] LOCATION:  SysLoggerMain, syslogger.c:522
2026-09-15 04:57:26.474 UTC [1] LOG:  00000: starting PostgreSQL 13.1 (Debian 13.1-1.pgdg100+1) on x86_64-pc-linux-gnu, compiled by gcc (Debian 8.3.0-6) 8.3.0, 64-bit
2026-09-15 04:57:26.474 UTC [1] LOCATION:  PostmasterMain, postmaster.c:1125
2026-09-15 04:57:26.475 UTC [1] LOG:  00000: listening on IPv4 address "0.0.0.0", port 5432
2026-09-15 04:57:26.475 UTC [1] LOCATION:  StreamServerPort, pqcomm.c:591
2026-09-15 04:57:26.475 UTC [1] LOG:  00000: listening on IPv6 address "::", port 5432
2026-09-15 04:57:26.475 UTC [1] LOCATION:  StreamServerPort, pqcomm.c:591
2026-09-15 04:57:26.483 UTC [1] LOG:  00000: listening on Unix socket "/var/run/postgresql/.s.PGSQL.5432"
2026-09-15 04:57:26.483 UTC [1] LOCATION:  StreamServerPort, pqcomm.c:585
2026-09-15 04:57:26.496 UTC [70] LOG:  00000: database system was shut down at 2026-09-15 04:57:26 UTC
2026-09-15 04:57:26.496 UTC [70] LOCATION:  StartupXLOG, xlog.c:6353
2026-09-15 04:57:26.496 UTC [70] DEBUG:  00000: checkpoint record is at 0/15CC820
2026-09-15 04:57:26.496 UTC [70] LOCATION:  StartupXLOG, xlog.c:6665
2026-09-15 04:57:26.497 UTC [70] DEBUG:  00000: redo record is at 0/15CC820; shutdown true
2026-09-15 04:57:26.497 UTC [70] LOCATION:  StartupXLOG, xlog.c:6743
2026-09-15 04:57:26.497 UTC [70] DEBUG:  00000: next transaction ID: 486; next OID: 13396
2026-09-15 04:57:26.497 UTC [70] LOCATION:  StartupXLOG, xlog.c:6747
2026-09-15 04:57:26.497 UTC [70] DEBUG:  00000: next MultiXactId: 1; next MultiXactOffset: 0
2026-09-15 04:57:26.497 UTC [70] LOCATION:  StartupXLOG, xlog.c:6750
2026-09-15 04:57:26.497 UTC [70] DEBUG:  00000: oldest unfrozen transaction ID: 479, in database 1
2026-09-15 04:57:26.497 UTC [70] LOCATION:  StartupXLOG, xlog.c:6753
2026-09-15 04:57:26.497 UTC [70] DEBUG:  00000: oldest MultiXactId: 1, in database 1
2026-09-15 04:57:26.497 UTC [70] LOCATION:  StartupXLOG, xlog.c:6756
2026-09-15 04:57:26.497 UTC [70] DEBUG:  00000: commit timestamp Xid oldest/newest: 0/0
2026-09-15 04:57:26.497 UTC [70] LOCATION:  StartupXLOG, xlog.c:6760
2026-09-15 04:57:26.497 UTC [70] DEBUG:  00000: transaction ID wrap limit is 2147484126, limited by database with OID 1
2026-09-15 04:57:26.497 UTC [70] LOCATION:  SetTransactionIdLimit, varsup.c:410
2026-09-15 04:57:26.497 UTC [70] DEBUG:  00000: MultiXactId wrap limit is 2147483648, limited by database with OID 1
2026-09-15 04:57:26.497 UTC [70] LOCATION:  SetMultiXactIdLimit, multixact.c:2271
2026-09-15 04:57:26.497 UTC [70] DEBUG:  00000: starting up replication slots
2026-09-15 04:57:26.497 UTC [70] LOCATION:  StartupReplicationSlots, slot.c:1289
2026-09-15 04:57:26.497 UTC [70] DEBUG:  00000: starting up replication origin progress state
2026-09-15 04:57:26.497 UTC [70] LOCATION:  StartupReplicationOrigin, origin.c:694
2026-09-15 04:57:26.497 UTC [70] DEBUG:  00000: MultiXactId wrap limit is 2147483648, limited by database with OID 1
2026-09-15 04:57:26.497 UTC [70] LOCATION:  SetMultiXactIdLimit, multixact.c:2271
2026-09-15 04:57:26.497 UTC [70] DEBUG:  00000: MultiXact member stop limit is now 4294914944 based on MultiXact 1
2026-09-15 04:57:26.497 UTC [70] LOCATION:  SetOffsetVacuumLimit, multixact.c:2634
2026-09-15 04:57:26.510 UTC [71] DEBUG:  00000: checkpointer updated shared memory configuration values
2026-09-15 04:57:26.510 UTC [71] LOCATION:  UpdateSharedMemoryConfig, checkpointer.c:1301
2026-09-15 04:57:26.521 UTC [74] DEBUG:  00000: autovacuum launcher started
2026-09-15 04:57:26.521 UTC [74] LOCATION:  AutoVacLauncherMain, autovacuum.c:442
2026-09-15 04:57:26.524 UTC [1] DEBUG:  00000: starting background worker process "logical replication launcher"
2026-09-15 04:57:26.524 UTC [1] LOCATION:  do_start_bgworker, postmaster.c:5848
2026-09-15 04:57:26.526 UTC [75] DEBUG:  00000: removing permanent stats file "pg_stat/db_13395.stat"
2026-09-15 04:57:26.526 UTC [75] LOCATION:  pgstat_read_db_statsfile, pgstat.c:5533
2026-09-15 04:57:26.526 UTC [75] DEBUG:  00000: removing permanent stats file "pg_stat/db_0.stat"
2026-09-15 04:57:26.526 UTC [75] LOCATION:  pgstat_read_db_statsfile, pgstat.c:5533
2026-09-15 04:57:26.526 UTC [75] DEBUG:  00000: removing permanent stats file "pg_stat/global.stat"
2026-09-15 04:57:26.526 UTC [75] LOCATION:  pgstat_read_statsfiles, pgstat.c:5371
2026-09-15 04:57:26.527 UTC [75] DEBUG:  00000: received inquiry for database 0
2026-09-15 04:57:26.527 UTC [75] LOCATION:  pgstat_recv_inquiry, pgstat.c:5866
2026-09-15 04:57:26.527 UTC [75] DEBUG:  00000: writing stats file "pg_stat_tmp/global.stat"
2026-09-15 04:57:26.527 UTC [75] LOCATION:  pgstat_write_statsfiles, pgstat.c:4873
2026-09-15 04:57:26.527 UTC [75] DEBUG:  00000: writing stats file "pg_stat_tmp/db_0.stat"
2026-09-15 04:57:26.527 UTC [75] LOCATION:  pgstat_write_db_statsfile, pgstat.c:5036
2026-09-15 04:57:26.529 UTC [1] LOG:  00000: database system is ready to accept connections
2026-09-15 04:57:26.529 UTC [1] LOCATION:  reaper, postmaster.c:3061
2026-09-15 04:57:26.530 UTC [76] DEBUG:  00000: logical replication launcher started
2026-09-15 04:57:26.530 UTC [76] LOCATION:  ApplyLauncherMain, launcher.c:951
2026-09-15 04:57:40.272 UTC [1] DEBUG:  00000: forked new backend, pid=89 socket=10
2026-09-15 04:57:40.272 UTC [1] LOCATION:  BackendStartup, postmaster.c:4242
2026-09-15 04:57:40.691 UTC [1] DEBUG:  00000: server process (PID 89) was terminated by signal 11: Segmentation fault
2026-09-15 04:57:40.691 UTC [1] DETAIL:  Failed process was running: WITH RECURSIVE rec(x) AS (
	  SELECT ( WITH c1 AS (
	  SELECT ( WITH c2 AS (
	  SELECT ( WITH c3 AS (
	  SELECT ( WITH c4 AS (
	  SELECT ( WITH c5 AS (
	  SELECT ( WITH c6 AS (
	  SELECT ( WITH c7 AS (
	  SELECT ( WITH c8 AS (
	  SELECT ( WITH c9 AS (
	  SELECT ( WITH c10 AS (
	  SELECT ( WITH c11 AS (
	  SELECT ( WITH c12 AS (
	  SELECT ( WITH c13 AS (
	  SELECT ( WITH c14 AS (
	  SELECT ( WITH c15 AS (
	  SELECT ( WITH c16 AS (
	  SELECT ( WITH c17 AS (
	  SELECT ( WITH c18 AS (
	  SELECT ( WITH c19 AS (
	  SELECT ( WITH c20 AS (
	  SELECT ( WITH c21 AS (
	  SELECT ( WITH c22 AS (
	  SELECT ( WITH c23 AS (
	  SELECT ( WITH c24 AS (
	  SELECT ( WITH c25 AS (
	  SELECT ( WITH c26 AS (
	  SELECT ( WITH c27 AS (
	  SELECT ( WITH c28 AS (
	  SELECT ( WITH c29 AS (
	  SELECT ( WITH c30 AS (
	  SELECT ( WITH c31 AS (
	  SELECT ( WITH c32 AS (
	  SELECT ( WITH c33 AS (
	  SELECT ( WITH c34 AS (
	  SELECT ( WITH c35 AS (
	  SELECT ( WITH c36 AS (
	  SELECT ( WITH c37 AS (
	  SELECT ( WITH c38 AS (
	  SELECT ( WITH c39 AS (
	  SELECT ( WITH c40 AS (
	  SEL
2026-09-15 04:57:40.691 UTC [1] LOCATION:  LogChildExit, postmaster.c:3753
2026-09-15 04:57:40.692 UTC [1] LOG:  00000: server process (PID 89) was terminated by signal 11: Segmentation fault
2026-09-15 04:57:40.692 UTC [1] DETAIL:  Failed process was running: WITH RECURSIVE rec(x) AS (
	  SELECT ( WITH c1 AS (
	  SELECT ( WITH c2 AS (
	  SELECT ( WITH c3 AS (
	  SELECT ( WITH c4 AS (
	  SELECT ( WITH c5 AS (
	  SELECT ( WITH c6 AS (
	  SELECT ( WITH c7 AS (
	  SELECT ( WITH c8 AS (
	  SELECT ( WITH c9 AS (
	  SELECT ( WITH c10 AS (
	  SELECT ( WITH c11 AS (
	  SELECT ( WITH c12 AS (
	  SELECT ( WITH c13 AS (
	  SELECT ( WITH c14 AS (
	  SELECT ( WITH c15 AS (
	  SELECT ( WITH c16 AS (
	  SELECT ( WITH c17 AS (
	  SELECT ( WITH c18 AS (
	  SELECT ( WITH c19 AS (
	  SELECT ( WITH c20 AS (
	  SELECT ( WITH c21 AS (
	  SELECT ( WITH c22 AS (
	  SELECT ( WITH c23 AS (
	  SELECT ( WITH c24 AS (
	  SELECT ( WITH c25 AS (
	  SELECT ( WITH c26 AS (
	  SELECT ( WITH c27 AS (
	  SELECT ( WITH c28 AS (
	  SELECT ( WITH c29 AS (
	  SELECT ( WITH c30 AS (
	  SELECT ( WITH c31 AS (
	  SELECT ( WITH c32 AS (
	  SELECT ( WITH c33 AS (
	  SELECT ( WITH c34 AS (
	  SELECT ( WITH c35 AS (
	  SELECT ( WITH c36 AS (
	  SELECT ( WITH c37 AS (
	  SELECT ( WITH c38 AS (
	  SELECT ( WITH c39 AS (
	  SELECT ( WITH c40 AS (
	  SEL
2026-09-15 04:57:40.692 UTC [1] LOCATION:  LogChildExit, postmaster.c:3753
2026-09-15 04:57:40.692 UTC [1] LOG:  00000: terminating any other active server processes
2026-09-15 04:57:40.692 UTC [1] LOCATION:  HandleChildCrash, postmaster.c:3474
2026-09-15 04:57:40.692 UTC [1] DEBUG:  00000: sending SIGQUIT to process 76
2026-09-15 04:57:40.692 UTC [1] LOCATION:  HandleChildCrash, postmaster.c:3519
2026-09-15 04:57:40.692 UTC [1] DEBUG:  00000: sending SIGQUIT to process 72
2026-09-15 04:57:40.692 UTC [1] LOCATION:  HandleChildCrash, postmaster.c:3601
2026-09-15 04:57:40.692 UTC [1] DEBUG:  00000: sending SIGQUIT to process 71
2026-09-15 04:57:40.692 UTC [1] LOCATION:  HandleChildCrash, postmaster.c:3613
2026-09-15 04:57:40.692 UTC [1] DEBUG:  00000: sending SIGQUIT to process 73
2026-09-15 04:57:40.692 UTC [1] LOCATION:  HandleChildCrash, postmaster.c:3625
2026-09-15 04:57:40.692 UTC [1] DEBUG:  00000: sending SIGQUIT to process 74
2026-09-15 04:57:40.692 UTC [1] LOCATION:  HandleChildCrash, postmaster.c:3649
2026-09-15 04:57:40.692 UTC [1] DEBUG:  00000: sending SIGQUIT to process 75
2026-09-15 04:57:40.692 UTC [1] LOCATION:  HandleChildCrash, postmaster.c:3679
2026-09-15 04:57:40.694 UTC [74] WARNING:  57P02: terminating connection because of crash of another server process
2026-09-15 04:57:40.694 UTC [74] DETAIL:  The postmaster has commanded this server process to roll back the current transaction and exit, because another server process exited abnormally and possibly corrupted shared memory.
2026-09-15 04:57:40.694 UTC [74] HINT:  In a moment you should be able to reconnect to the database and repeat your command.
2026-09-15 04:57:40.694 UTC [74] LOCATION:  quickdie, postgres.c:2802
2026-09-15 04:57:40.694 UTC [75] DEBUG:  00000: writing stats file "pg_stat/global.stat"
2026-09-15 04:57:40.694 UTC [75] LOCATION:  pgstat_write_statsfiles, pgstat.c:4873
2026-09-15 04:57:40.695 UTC [75] DEBUG:  00000: writing stats file "pg_stat/db_13395.stat"
2026-09-15 04:57:40.695 UTC [75] LOCATION:  pgstat_write_db_statsfile, pgstat.c:5036
2026-09-15 04:57:40.695 UTC [75] DEBUG:  00000: removing temporary stats file "pg_stat_tmp/db_13395.stat"
2026-09-15 04:57:40.695 UTC [75] LOCATION:  pgstat_write_db_statsfile, pgstat.c:5117
2026-09-15 04:57:40.695 UTC [75] DEBUG:  00000: writing stats file "pg_stat/db_0.stat"
2026-09-15 04:57:40.695 UTC [75] LOCATION:  pgstat_write_db_statsfile, pgstat.c:5036
2026-09-15 04:57:40.695 UTC [75] DEBUG:  00000: removing temporary stats file "pg_stat_tmp/db_0.stat"
2026-09-15 04:57:40.695 UTC [75] LOCATION:  pgstat_write_db_statsfile, pgstat.c:5117
2026-09-15 04:57:40.698 UTC [1] LOG:  00000: all server processes terminated; reinitializing
2026-09-15 04:57:40.698 UTC [1] LOCATION:  PostmasterStateMachine, postmaster.c:4010
2026-09-15 04:57:40.698 UTC [1] DEBUG:  00000: cleaning up dynamic shared memory control segment with ID 780034514
2026-09-15 04:57:40.698 UTC [1] LOCATION:  dsm_postmaster_shutdown, dsm.c:364
2026-09-15 04:57:40.732 UTC [1] DEBUG:  00000: mmap(150994944) with MAP_HUGETLB failed, huge pages disabled: Cannot allocate memory
2026-09-15 04:57:40.732 UTC [1] LOCATION:  CreateAnonymousSegment, pg_shmem.c:558
2026-09-15 04:57:41.060 UTC [1] DEBUG:  00000: dynamic shared memory system will support 674 segments
2026-09-15 04:57:41.060 UTC [1] LOCATION:  dsm_postmaster_startup, dsm.c:161
2026-09-15 04:57:41.060 UTC [1] DEBUG:  00000: created dynamic shared memory control segment 968824561 (16192 bytes)
2026-09-15 04:57:41.060 UTC [1] LOCATION:  dsm_postmaster_startup, dsm.c:186
2026-09-15 04:57:41.063 UTC [90] LOG:  00000: database system was interrupted; last known up at 2026-09-15 04:57:26 UTC
2026-09-15 04:57:41.063 UTC [90] LOCATION:  StartupXLOG, xlog.c:6387
2026-09-15 04:57:41.063 UTC [90] DEBUG:  00000: removing all temporary WAL segments
2026-09-15 04:57:41.063 UTC [90] LOCATION:  RemoveTempXlogFiles, xlog.c:4000
2026-09-15 04:57:41.155 UTC [90] DEBUG:  00000: checkpoint record is at 0/15CC820
2026-09-15 04:57:41.155 UTC [90] LOCATION:  StartupXLOG, xlog.c:6665
2026-09-15 04:57:41.155 UTC [90] DEBUG:  00000: redo record is at 0/15CC820; shutdown true
2026-09-15 04:57:41.155 UTC [90] LOCATION:  StartupXLOG, xlog.c:6743
2026-09-15 04:57:41.155 UTC [90] DEBUG:  00000: next transaction ID: 486; next OID: 13396
2026-09-15 04:57:41.155 UTC [90] LOCATION:  StartupXLOG, xlog.c:6747
2026-09-15 04:57:41.155 UTC [90] DEBUG:  00000: next MultiXactId: 1; next MultiXactOffset: 0
2026-09-15 04:57:41.155 UTC [90] LOCATION:  StartupXLOG, xlog.c:6750
2026-09-15 04:57:41.155 UTC [90] DEBUG:  00000: oldest unfrozen transaction ID: 479, in database 1
2026-09-15 04:57:41.155 UTC [90] LOCATION:  StartupXLOG, xlog.c:6753
2026-09-15 04:57:41.155 UTC [90] DEBUG:  00000: oldest MultiXactId: 1, in database 1
2026-09-15 04:57:41.155 UTC [90] LOCATION:  StartupXLOG, xlog.c:6756
2026-09-15 04:57:41.155 UTC [90] DEBUG:  00000: commit timestamp Xid oldest/newest: 0/0
2026-09-15 04:57:41.155 UTC [90] LOCATION:  StartupXLOG, xlog.c:6760
2026-09-15 04:57:41.155 UTC [90] DEBUG:  00000: transaction ID wrap limit is 2147484126, limited by database with OID 1
2026-09-15 04:57:41.155 UTC [90] LOCATION:  SetTransactionIdLimit, varsup.c:410
2026-09-15 04:57:41.155 UTC [90] DEBUG:  00000: MultiXactId wrap limit is 2147483648, limited by database with OID 1
2026-09-15 04:57:41.155 UTC [90] LOCATION:  SetMultiXactIdLimit, multixact.c:2271
2026-09-15 04:57:41.155 UTC [90] DEBUG:  00000: starting up replication slots
2026-09-15 04:57:41.155 UTC [90] LOCATION:  StartupReplicationSlots, slot.c:1289
2026-09-15 04:57:41.155 UTC [90] DEBUG:  00000: starting up replication origin progress state
2026-09-15 04:57:41.155 UTC [90] LOCATION:  StartupReplicationOrigin, origin.c:694
2026-09-15 04:57:41.155 UTC [90] LOG:  00000: database system was not properly shut down; automatic recovery in progress
2026-09-15 04:57:41.155 UTC [90] LOCATION:  StartupXLOG, xlog.c:6903
2026-09-15 04:57:41.162 UTC [90] DEBUG:  00000: resetting unlogged relations: cleanup 1 init 0
2026-09-15 04:57:41.162 UTC [90] LOCATION:  ResetUnloggedRelations, reinit.c:57
2026-09-15 04:57:41.163 UTC [90] LOG:  00000: invalid record length at 0/15CC898: wanted 24, got 0
2026-09-15 04:57:41.163 UTC [90] LOCATION:  ReadRecord, xlog.c:4365
2026-09-15 04:57:41.163 UTC [90] LOG:  00000: redo is not required
2026-09-15 04:57:41.163 UTC [90] LOCATION:  StartupXLOG, xlog.c:7454
2026-09-15 04:57:41.163 UTC [90] DEBUG:  00000: resetting unlogged relations: cleanup 0 init 1
2026-09-15 04:57:41.163 UTC [90] LOCATION:  ResetUnloggedRelations, reinit.c:57
2026-09-15 04:57:41.169 UTC [90] DEBUG:  00000: performing replication slot checkpoint
2026-09-15 04:57:41.169 UTC [90] LOCATION:  CheckPointReplicationSlots, slot.c:1253
2026-09-15 04:57:41.182 UTC [90] DEBUG:  00000: attempting to remove WAL segments older than log file 000000000000000000000000
2026-09-15 04:57:41.182 UTC [90] LOCATION:  RemoveOldXlogFiles, xlog.c:4039
2026-09-15 04:57:41.182 UTC [90] DEBUG:  00000: MultiXactId wrap limit is 2147483648, limited by database with OID 1
2026-09-15 04:57:41.182 UTC [90] LOCATION:  SetMultiXactIdLimit, multixact.c:2271
2026-09-15 04:57:41.182 UTC [90] DEBUG:  00000: MultiXact member stop limit is now 4294914944 based on MultiXact 1
2026-09-15 04:57:41.182 UTC [90] LOCATION:  SetOffsetVacuumLimit, multixact.c:2634
2026-09-15 04:57:41.194 UTC [91] DEBUG:  00000: checkpointer updated shared memory configuration values
2026-09-15 04:57:41.194 UTC [91] LOCATION:  UpdateSharedMemoryConfig, checkpointer.c:1301
2026-09-15 04:57:41.197 UTC [94] DEBUG:  00000: autovacuum launcher started
2026-09-15 04:57:41.197 UTC [94] LOCATION:  AutoVacLauncherMain, autovacuum.c:442
2026-09-15 04:57:41.198 UTC [1] DEBUG:  00000: starting background worker process "logical replication launcher"
2026-09-15 04:57:41.198 UTC [1] LOCATION:  do_start_bgworker, postmaster.c:5848
2026-09-15 04:57:41.199 UTC [1] LOG:  00000: database system is ready to accept connections
2026-09-15 04:57:41.199 UTC [1] LOCATION:  reaper, postmaster.c:3061
2026-09-15 04:57:41.199 UTC [95] DEBUG:  00000: received inquiry for database 0
2026-09-15 04:57:41.199 UTC [95] LOCATION:  pgstat_recv_inquiry, pgstat.c:5866
2026-09-15 04:57:41.200 UTC [95] DEBUG:  00000: writing stats file "pg_stat_tmp/global.stat"
2026-09-15 04:57:41.200 UTC [95] LOCATION:  pgstat_write_statsfiles, pgstat.c:4873
2026-09-15 04:57:41.201 UTC [96] DEBUG:  00000: logical replication launcher started
2026-09-15 04:57:41.201 UTC [96] LOCATION:  ApplyLauncherMain, launcher.c:951
2026-09-15 04:57:50.832 UTC [1] DEBUG:  00000: postmaster received signal 2
2026-09-15 04:57:50.832 UTC [1] LOCATION:  pmdie, postmaster.c:2787
2026-09-15 04:57:50.832 UTC [1] LOG:  00000: received fast shutdown request
2026-09-15 04:57:50.832 UTC [1] LOCATION:  pmdie, postmaster.c:2848
2026-09-15 04:57:50.835 UTC [1] LOG:  00000: aborting any active transactions
2026-09-15 04:57:50.835 UTC [1] LOCATION:  pmdie, postmaster.c:2866
2026-09-15 04:57:50.835 UTC [94] DEBUG:  00000: autovacuum launcher shutting down
2026-09-15 04:57:50.835 UTC [94] LOCATION:  AutoVacLauncherShutdown, autovacuum.c:839
2026-09-15 04:57:50.835 UTC [96] DEBUG:  00000: logical replication launcher shutting down
2026-09-15 04:57:50.835 UTC [96] LOCATION:  ProcessInterrupts, postgres.c:3049
2026-09-15 04:57:50.839 UTC [1] LOG:  00000: background worker "logical replication launcher" (PID 96) exited with exit code 1
2026-09-15 04:57:50.839 UTC [1] LOCATION:  LogChildExit, postmaster.c:3731
2026-09-15 04:57:50.839 UTC [91] LOG:  00000: shutting down
2026-09-15 04:57:50.839 UTC [91] LOCATION:  ShutdownXLOG, xlog.c:8499
2026-09-15 04:57:50.849 UTC [91] DEBUG:  00000: performing replication slot checkpoint
2026-09-15 04:57:50.849 UTC [91] LOCATION:  CheckPointReplicationSlots, slot.c:1253
2026-09-15 04:57:50.864 UTC [91] DEBUG:  00000: attempting to remove WAL segments older than log file 000000000000000000000000
2026-09-15 04:57:50.864 UTC [91] LOCATION:  RemoveOldXlogFiles, xlog.c:4039
2026-09-15 04:57:50.864 UTC [91] DEBUG:  00000: SlruScanDirectory invoking callback on pg_subtrans/0000
2026-09-15 04:57:50.864 UTC [91] LOCATION:  SlruScanDirectory, slru.c:1458
2026-09-15 04:57:50.872 UTC [95] DEBUG:  00000: writing stats file "pg_stat/global.stat"
2026-09-15 04:57:50.872 UTC [95] LOCATION:  pgstat_write_statsfiles, pgstat.c:4873
2026-09-15 04:57:50.876 UTC [1] DEBUG:  00000: cleaning up dynamic shared memory control segment with ID 968824561
2026-09-15 04:57:50.876 UTC [1] LOCATION:  dsm_postmaster_shutdown, dsm.c:364
2026-09-15 04:57:50.882 UTC [1] LOG:  00000: database system is shut down
2026-09-15 04:57:50.882 UTC [1] LOCATION:  UnlinkLockFiles, miscinit.c:928
