666709:C 22 Sep 2026 13:07:03.565 # oO0OoO0OoO0Oo Redis is starting oO0OoO0OoO0Oo
666709:C 22 Sep 2026 13:07:03.565 # Redis version=999.999.999, bits=64, commit=46a51cdc, modified=0, pid=666709, just started
666709:C 22 Sep 2026 13:07:03.565 # Configuration loaded
666709:M 22 Sep 2026 13:07:03.566 * Running mode=standalone, port=6379.
666709:M 22 Sep 2026 13:07:03.566 # Server initialized
666709:M 22 Sep 2026 13:07:03.566 # WARNING you have Transparent Huge Pages (THP) support enabled in your kernel. This will create latency and memory usage issues with Redis. To fix this issue run the command 'echo never > /sys/kernel/mm/transparent_hugepage/enabled' as root, and add it to your /etc/rc.local in order to retain the setting after a reboot. Redis must be restarted after THP is disabled.
666709:M 22 Sep 2026 13:07:03.566 * Ready to accept connections
666709:M 22 Sep 2026 13:07:03.567 - 0 clients connected (0 replicas), 791008 bytes in use
666709:M 22 Sep 2026 13:07:07.952 - Accepted ::1:44092
666709:M 22 Sep 2026 13:07:08.589 - 1 clients connected (0 replicas), 811896 bytes in use
666709:M 22 Sep 2026 13:07:13.611 - 1 clients connected (0 replicas), 811928 bytes in use
666709:M 22 Sep 2026 13:07:15.976 # == CRITICAL == This master is sending an error to its replica: 'unknown command `unknowncommand`, with args beginning with: ' after processing the command '<unknown>'


=== REDIS BUG REPORT START: Cut & paste starting from here ===
666709:M 22 Sep 2026 13:07:15.976 # ------------------------------------------------
666709:M 22 Sep 2026 13:07:15.976 # !!! Software Failure. Press left mouse button to continue
666709:M 22 Sep 2026 13:07:15.976 # Guru Meditation: Continuing is unsafe: replication protocol violation. #networking.c:380
666709:M 22 Sep 2026 13:07:15.976 # (forcing SIGSEGV in order to print the stack trace)
666709:M 22 Sep 2026 13:07:15.976 # ------------------------------------------------
666709:M 22 Sep 2026 13:07:15.976 # Redis 999.999.999 crashed by signal: 11
666709:M 22 Sep 2026 13:07:15.976 # Crashed running the instruction at: 0x47828b
666709:M 22 Sep 2026 13:07:15.976 # Accessing address: 0xffffffffffffffff
666709:M 22 Sep 2026 13:07:15.976 # Failed assertion: <no assertion failed> (<no file>:0)

------ STACK TRACE ------
EIP:
./redis/src/redis-server *:6379(_serverPanic+0x13b)[0x47828b]

Backtrace:
./redis/src/redis-server *:6379(logStackTrace+0x6b)[0x47a34b]
./redis/src/redis-server *:6379(sigsegvHandler+0xb1)[0x47aa91]
/nix/store/fg4yq8i8wd08xg3fy58l6q73cjy8hjr2-glibc-2.27/lib/libpthread.so.0(+0x11f10)[0x767e60811f10]
./redis/src/redis-server *:6379(_serverPanic+0x13b)[0x47828b]
./redis/src/redis-server *:6379(addReplyErrorLength+0xc4)[0x442f24]
./redis/src/redis-server *:6379(addReplyErrorFormat+0x171)[0x4433a1]
./redis/src/redis-server *:6379(processCommand+0x54f)[0x435c7f]
./redis/src/redis-server *:6379(processInputBuffer+0x195)[0x445405]
./redis/src/redis-server *:6379(aeProcessEvents+0x150)[0x42e310]
./redis/src/redis-server *:6379(aeMain+0x2b)[0x42e74b]
./redis/src/redis-server *:6379(main+0x3bf)[0x42b32f]
/nix/store/fg4yq8i8wd08xg3fy58l6q73cjy8hjr2-glibc-2.27/lib/libc.so.6(__libc_start_main+0xee)[0x767e60421b8e]
./redis/src/redis-server *:6379(_start+0x2a)[0x42b6aa]

------ INFO OUTPUT ------
# Server
redis_version:999.999.999
redis_git_sha1:46a51cdc
redis_git_dirty:0
redis_build_id:8ef78d61b5d9aa1
redis_mode:standalone
os:Linux 7.1.5 x86_64
arch_bits:64
multiplexing_api:epoll
atomicvar_api:atomic-builtin
gcc_version:7.3.0
process_id:666709
run_id:44638e9e6558164d24a8e2ca500df84888812dde
tcp_port:6379
uptime_in_seconds:12
uptime_in_days:0
hz:10
configured_hz:10
lru_clock:11665139
executable:/home/sshkgw/repo/lets-reproduce-logs/redis/redis-5663/./redis/src/redis-server
config_file:

# Clients
connected_clients:1
client_recent_max_input_buffer:4
client_recent_max_output_buffer:0
blocked_clients:0

# Memory
used_memory:854360
used_memory_human:834.34K
used_memory_rss:5607424
used_memory_rss_human:5.35M
used_memory_peak:854360
used_memory_peak_human:834.34K
used_memory_peak_perc:100.17%
used_memory_overhead:840694
used_memory_startup:791008
used_memory_dataset:13666
used_memory_dataset_perc:21.57%
allocator_allocated:966992
allocator_active:1126400
allocator_resident:4583424
total_system_memory:16149856256
total_system_memory_human:15.04G
used_memory_lua:37888
used_memory_lua_human:37.00K
used_memory_scripts:0
used_memory_scripts_human:0B
number_of_cached_scripts:0
maxmemory:0
maxmemory_human:0B
maxmemory_policy:noeviction
allocator_frag_ratio:1.16
allocator_frag_bytes:159408
allocator_rss_ratio:4.07
allocator_rss_bytes:3457024
rss_overhead_ratio:1.22
rss_overhead_bytes:1024000
mem_fragmentation_ratio:6.91
mem_fragmentation_bytes:4795496
mem_not_counted_for_evict:0
mem_replication_backlog:0
mem_clients_slaves:0
mem_clients_normal:49686
mem_aof_buffer:0
mem_allocator:jemalloc-5.1.0
active_defrag_running:0
lazyfree_pending_objects:0

# Persistence
loading:0
rdb_changes_since_last_save:0
rdb_bgsave_in_progress:0
rdb_last_save_time:1790050023
rdb_last_bgsave_status:ok
rdb_last_bgsave_time_sec:-1
rdb_current_bgsave_time_sec:-1
rdb_last_cow_size:0
aof_enabled:0
aof_rewrite_in_progress:0
aof_rewrite_scheduled:0
aof_last_rewrite_time_sec:-1
aof_current_rewrite_time_sec:-1
aof_last_bgrewrite_status:ok
aof_last_write_status:ok
aof_last_cow_size:0

# Stats
total_connections_received:1
total_commands_processed:1
instantaneous_ops_per_sec:0
total_net_input_bytes:25
total_net_output_bytes:5
instantaneous_input_kbps:0.00
instantaneous_output_kbps:0.00
rejected_connections:0
sync_full:0
sync_partial_ok:0
sync_partial_err:0
expired_keys:0
expired_stale_perc:0.00
expired_time_cap_reached_count:0
evicted_keys:0
keyspace_hits:0
keyspace_misses:0
pubsub_channels:0
pubsub_patterns:0
latest_fork_usec:0
migrate_cached_sockets:0
slave_expires_tracked_keys:0
active_defrag_hits:0
active_defrag_misses:0
active_defrag_key_hits:0
active_defrag_key_misses:0

# Replication
role:master
connected_slaves:0
master_replid:45bcd42fb37c572d71a440d80ce66f77cc4c7645
master_replid2:0000000000000000000000000000000000000000
master_repl_offset:0
second_repl_offset:-1
repl_backlog_active:0
repl_backlog_size:1048576
repl_backlog_first_byte_offset:0
repl_backlog_histlen:0

# CPU
used_cpu_sys:0.013337
used_cpu_user:0.011319
used_cpu_sys_children:0.000000
used_cpu_user_children:0.000000

# Commandstats
cmdstat_monitor:calls=1,usec=2,usec_per_call=2.00

# Cluster
cluster_enabled:0

# Keyspace

------ CLIENT LIST OUTPUT ------
id=3 addr=[::1]:44092 fd=8 name= age=8 idle=0 flags=O db=0 sub=0 psub=0 multi=-1 qbuf=16 qbuf-free=32752 obl=67 oll=0 omem=0 events=r cmd=NULL

------ CURRENT CLIENT INFO ------
id=3 addr=[::1]:44092 fd=8 name= age=8 idle=0 flags=O db=0 sub=0 psub=0 multi=-1 qbuf=16 qbuf-free=32752 obl=67 oll=0 omem=0 events=r cmd=NULL
argv[0]: 'unknowncommand'
