2026/09/21 02:11:14 [debug] 21356#0: bind() 127.0.0.1:8080 #6 
2026/09/21 02:11:14 [notice] 21356#0: using the "epoll" event method
2026/09/21 02:11:14 [debug] 21356#0: counter: 00007804317A0080, 1
2026/09/21 02:11:14 [notice] 21356#0: nginx/1.29.1
2026/09/21 02:11:14 [notice] 21356#0: built by gcc 13.3.0 (Ubuntu 13.3.0-6ubuntu2~24.04.1) 
2026/09/21 02:11:14 [notice] 21356#0: OS: Linux 6.8.0-139-generic
2026/09/21 02:11:14 [notice] 21356#0: getrlimit(RLIMIT_NOFILE): 1048576:1048576
2026/09/21 02:11:14 [debug] 21356#0: write: 7, 00007FFF85B32590, 6, 0
2026/09/21 02:11:14 [debug] 21356#0: setproctitle: "nginx: master process /home/ksh/mydir/ngx-1.29.1/nginx-1.29.1-debug/objs/nginx -p /home/ksh/mydir/ngx-1.29.1/ngx-issues-983-debug -c nginx.conf"
2026/09/21 02:11:14 [notice] 21356#0: start worker processes
2026/09/21 02:11:14 [debug] 21356#0: channel 3:7
2026/09/21 02:11:14 [notice] 21356#0: start worker process 21357
2026/09/21 02:11:14 [debug] 21356#0: sigsuspend
2026/09/21 02:11:14 [debug] 21357#0: add cleanup: 000057DE136A6A00
2026/09/21 02:11:14 [debug] 21357#0: malloc: 000057DE13686FC0:8
2026/09/21 02:11:14 [debug] 21357#0: notify eventfd: 9
2026/09/21 02:11:14 [debug] 21357#0: testing the EPOLLRDHUP flag: success
2026/09/21 02:11:14 [debug] 21357#0: malloc: 000057DE136954E0:6144
2026/09/21 02:11:14 [debug] 21357#0: malloc: 000057DE136AA400:28672
2026/09/21 02:11:14 [debug] 21357#0: malloc: 000057DE1368C4B0:12288
2026/09/21 02:11:14 [debug] 21357#0: malloc: 000057DE136B1410:12288
2026/09/21 02:11:14 [debug] 21357#0: epoll add event: fd:6 op:1 ev:00002001
2026/09/21 02:11:14 [debug] 21357#0: epoll add event: fd:7 op:1 ev:00002001
2026/09/21 02:11:14 [debug] 21357#0: setproctitle: "nginx: worker process"
2026/09/21 02:11:14 [debug] 21357#0: worker cycle
2026/09/21 02:11:14 [debug] 21357#0: epoll timer: -1
2026/09/21 02:12:08 [debug] 21357#0: epoll: fd:6 ev:0001 d:000057DE136AA400
2026/09/21 02:12:08 [debug] 21357#0: accept on 127.0.0.1:8080, ready: 0
2026/09/21 02:12:08 [debug] 21357#0: posix_memalign: 000057DE13686FE0:512 @16
2026/09/21 02:12:08 [debug] 21357#0: *1 accept: 127.0.0.1:35630 fd:3
2026/09/21 02:12:08 [debug] 21357#0: *1 event timer add: 3: 60000:21472640
2026/09/21 02:12:08 [debug] 21357#0: *1 reusable connection: 1
2026/09/21 02:12:08 [debug] 21357#0: *1 epoll add event: fd:3 op:1 ev:80002001
2026/09/21 02:12:08 [debug] 21357#0: timer delta: 53763
2026/09/21 02:12:08 [debug] 21357#0: worker cycle
2026/09/21 02:12:08 [debug] 21357#0: epoll timer: 60000
2026/09/21 02:12:08 [debug] 21357#0: epoll: fd:3 ev:0001 d:000057DE136AA5C0
2026/09/21 02:12:08 [debug] 21357#0: *1 http wait request handler
2026/09/21 02:12:08 [debug] 21357#0: *1 malloc: 000057DE13686570:1024
2026/09/21 02:12:08 [debug] 21357#0: *1 recv: eof:0, avail:-1
2026/09/21 02:12:08 [debug] 21357#0: *1 recv: fd:3 83 of 1024
2026/09/21 02:12:08 [debug] 21357#0: *1 reusable connection: 0
2026/09/21 02:12:08 [debug] 21357#0: *1 posix_memalign: 000057DE13696CF0:4096 @16
2026/09/21 02:12:08 [debug] 21357#0: *1 http process request line
2026/09/21 02:12:08 [debug] 21357#0: *1 http request line: "GET /health HTTP/1.1"
2026/09/21 02:12:08 [debug] 21357#0: *1 http uri: "/health"
2026/09/21 02:12:08 [debug] 21357#0: *1 http args: ""
2026/09/21 02:12:08 [debug] 21357#0: *1 http exten: ""
2026/09/21 02:12:08 [debug] 21357#0: *1 posix_memalign: 000057DE1368F4C0:4096 @16
2026/09/21 02:12:08 [debug] 21357#0: *1 http process request header line
2026/09/21 02:12:08 [debug] 21357#0: *1 http header: "Host: 127.0.0.1:8080"
2026/09/21 02:12:08 [debug] 21357#0: *1 http header: "User-Agent: curl/8.5.0"
2026/09/21 02:12:08 [debug] 21357#0: *1 http header: "Accept: */*"
2026/09/21 02:12:08 [debug] 21357#0: *1 http header done
2026/09/21 02:12:08 [debug] 21357#0: *1 event timer del: 3: 21472640
2026/09/21 02:12:08 [debug] 21357#0: *1 rewrite phase: 0
2026/09/21 02:12:08 [debug] 21357#0: *1 test location: "/normal/"
2026/09/21 02:12:08 [debug] 21357#0: *1 test location: "/health"
2026/09/21 02:12:08 [debug] 21357#0: *1 using configuration "=/health"
2026/09/21 02:12:08 [debug] 21357#0: *1 http cl:-1 max:1048576
2026/09/21 02:12:08 [debug] 21357#0: *1 rewrite phase: 2
2026/09/21 02:12:08 [debug] 21357#0: *1 http set discard body
2026/09/21 02:12:08 [debug] 21357#0: *1 HTTP/1.1 200 OK
Server: nginx/1.29.1
Date: Sun, 20 Sep 2026 17:12:08 GMT
Content-Type: text/plain
Content-Length: 6
Connection: keep-alive

2026/09/21 02:12:08 [debug] 21357#0: *1 write new buf t:1 f:0 000057DE13697B40, pos 000057DE13697B40, size: 147 file: 0, size: 0
2026/09/21 02:12:08 [debug] 21357#0: *1 http write filter: l:0 f:0 s:147
2026/09/21 02:12:08 [debug] 21357#0: *1 http output filter "/health?"
2026/09/21 02:12:08 [debug] 21357#0: *1 http copy filter: "/health?"
2026/09/21 02:12:08 [debug] 21357#0: *1 http postpone filter "/health?" 00007FFF85B32060
2026/09/21 02:12:08 [debug] 21357#0: *1 write old buf t:1 f:0 000057DE13697B40, pos 000057DE13697B40, size: 147 file: 0, size: 0
2026/09/21 02:12:08 [debug] 21357#0: *1 write new buf t:0 f:0 0000000000000000, pos 000057DE136A01DB, size: 6 file: 0, size: 0
2026/09/21 02:12:08 [debug] 21357#0: *1 http write filter: l:1 f:0 s:153
2026/09/21 02:12:08 [debug] 21357#0: *1 http write filter limit 2097152
2026/09/21 02:12:08 [debug] 21357#0: *1 writev: 153 of 153
2026/09/21 02:12:08 [debug] 21357#0: *1 http write filter 0000000000000000
2026/09/21 02:12:08 [debug] 21357#0: *1 http copy filter: 0 "/health?"
2026/09/21 02:12:08 [debug] 21357#0: *1 http finalize request: 0, "/health?" a:1, c:1
2026/09/21 02:12:08 [debug] 21357#0: *1 set http keepalive handler
2026/09/21 02:12:08 [debug] 21357#0: *1 http close request
2026/09/21 02:12:08 [debug] 21357#0: *1 http log handler
2026/09/21 02:12:08 [debug] 21357#0: *1 free: 000057DE13696CF0, unused: 3
2026/09/21 02:12:08 [debug] 21357#0: *1 free: 000057DE1368F4C0, unused: 2944
2026/09/21 02:12:08 [debug] 21357#0: *1 free: 000057DE13686570
2026/09/21 02:12:08 [debug] 21357#0: *1 hc free: 0000000000000000
2026/09/21 02:12:08 [debug] 21357#0: *1 hc busy: 0000000000000000 0
2026/09/21 02:12:08 [debug] 21357#0: *1 tcp_nodelay
2026/09/21 02:12:08 [debug] 21357#0: *1 reusable connection: 1
2026/09/21 02:12:08 [debug] 21357#0: *1 event timer add: 3: 75000:21487640
2026/09/21 02:12:08 [debug] 21357#0: timer delta: 0
2026/09/21 02:12:08 [debug] 21357#0: worker cycle
2026/09/21 02:12:08 [debug] 21357#0: epoll timer: 75000
2026/09/21 02:12:08 [debug] 21357#0: epoll: fd:3 ev:2001 d:000057DE136AA5C0
2026/09/21 02:12:08 [debug] 21357#0: *1 http keepalive handler
2026/09/21 02:12:08 [debug] 21357#0: *1 malloc: 000057DE13686570:1024
2026/09/21 02:12:08 [debug] 21357#0: *1 recv: eof:1, avail:-1
2026/09/21 02:12:08 [debug] 21357#0: *1 recv: fd:3 0 of 1024
2026/09/21 02:12:08 [info] 21357#0: *1 client 127.0.0.1 closed keepalive connection
2026/09/21 02:12:08 [debug] 21357#0: *1 close http connection: 3
2026/09/21 02:12:08 [debug] 21357#0: *1 event timer del: 3: 21487640
2026/09/21 02:12:08 [debug] 21357#0: *1 reusable connection: 0
2026/09/21 02:12:08 [debug] 21357#0: *1 free: 000057DE13686570
2026/09/21 02:12:08 [debug] 21357#0: *1 free: 000057DE13686FE0, unused: 144
2026/09/21 02:12:08 [debug] 21357#0: timer delta: 1
2026/09/21 02:12:08 [debug] 21357#0: worker cycle
2026/09/21 02:12:08 [debug] 21357#0: epoll timer: -1
2026/09/21 02:12:16 [debug] 21357#0: epoll: fd:6 ev:0001 d:000057DE136AA400
2026/09/21 02:12:16 [debug] 21357#0: accept on 127.0.0.1:8080, ready: 0
2026/09/21 02:12:16 [debug] 21357#0: posix_memalign: 000057DE13686FE0:512 @16
2026/09/21 02:12:16 [debug] 21357#0: *2 accept: 127.0.0.1:51490 fd:3
2026/09/21 02:12:16 [debug] 21357#0: *2 event timer add: 3: 60000:21481030
2026/09/21 02:12:16 [debug] 21357#0: *2 reusable connection: 1
2026/09/21 02:12:16 [debug] 21357#0: *2 epoll add event: fd:3 op:1 ev:80002001
2026/09/21 02:12:16 [debug] 21357#0: timer delta: 8389
2026/09/21 02:12:16 [debug] 21357#0: worker cycle
2026/09/21 02:12:16 [debug] 21357#0: epoll timer: 60000
2026/09/21 02:12:16 [debug] 21357#0: epoll: fd:3 ev:0001 d:000057DE136AA5C1
2026/09/21 02:12:16 [debug] 21357#0: *2 http wait request handler
2026/09/21 02:12:16 [debug] 21357#0: *2 malloc: 000057DE13686570:1024
2026/09/21 02:12:16 [debug] 21357#0: *2 recv: eof:0, avail:-1
2026/09/21 02:12:16 [debug] 21357#0: *2 recv: fd:3 84 of 1024
2026/09/21 02:12:16 [debug] 21357#0: *2 reusable connection: 0
2026/09/21 02:12:16 [debug] 21357#0: *2 posix_memalign: 000057DE13696CF0:4096 @16
2026/09/21 02:12:16 [debug] 21357#0: *2 http process request line
2026/09/21 02:12:16 [debug] 21357#0: *2 http request line: "GET /normal/ HTTP/1.1"
2026/09/21 02:12:16 [debug] 21357#0: *2 http uri: "/normal/"
2026/09/21 02:12:16 [debug] 21357#0: *2 http args: ""
2026/09/21 02:12:16 [debug] 21357#0: *2 http exten: ""
2026/09/21 02:12:16 [debug] 21357#0: *2 posix_memalign: 000057DE1368F4C0:4096 @16
2026/09/21 02:12:16 [debug] 21357#0: *2 http process request header line
2026/09/21 02:12:16 [debug] 21357#0: *2 http header: "Host: 127.0.0.1:8080"
2026/09/21 02:12:16 [debug] 21357#0: *2 http header: "User-Agent: curl/8.5.0"
2026/09/21 02:12:16 [debug] 21357#0: *2 http header: "Accept: */*"
2026/09/21 02:12:16 [debug] 21357#0: *2 http header done
2026/09/21 02:12:16 [debug] 21357#0: *2 event timer del: 3: 21481030
2026/09/21 02:12:16 [debug] 21357#0: *2 rewrite phase: 0
2026/09/21 02:12:16 [debug] 21357#0: *2 test location: "/normal/"
2026/09/21 02:12:16 [debug] 21357#0: *2 using configuration "/normal/"
2026/09/21 02:12:16 [debug] 21357#0: *2 http cl:-1 max:1048576
2026/09/21 02:12:16 [debug] 21357#0: *2 rewrite phase: 2
2026/09/21 02:12:16 [debug] 21357#0: *2 post rewrite phase: 3
2026/09/21 02:12:16 [debug] 21357#0: *2 generic phase: 4
2026/09/21 02:12:16 [debug] 21357#0: *2 generic phase: 5
2026/09/21 02:12:16 [debug] 21357#0: *2 access phase: 6
2026/09/21 02:12:16 [debug] 21357#0: *2 access phase: 7
2026/09/21 02:12:16 [debug] 21357#0: *2 post access phase: 8
2026/09/21 02:12:16 [debug] 21357#0: *2 generic phase: 9
2026/09/21 02:12:16 [debug] 21357#0: *2 try files handler
2026/09/21 02:12:16 [debug] 21357#0: *2 trying to use file: "/normal/abcd" "/home/ksh/mydir/ngx-1.29.1/ngx-issues-983-debug/www/normal/abcd"
2026/09/21 02:12:16 [debug] 21357#0: *2 try file uri: "/normal/abcd"
2026/09/21 02:12:16 [debug] 21357#0: *2 generic phase: 10
2026/09/21 02:12:16 [debug] 21357#0: *2 http init upstream, client timer: 0
2026/09/21 02:12:16 [debug] 21357#0: *2 epoll add event: fd:3 op:3 ev:80002005
2026/09/21 02:12:16 [debug] 21357#0: *2 http script copy: "Host"
2026/09/21 02:12:16 [debug] 21357#0: *2 http script var: "127.0.0.1:9090"
2026/09/21 02:12:16 [debug] 21357#0: *2 http script copy: "Connection"
2026/09/21 02:12:16 [debug] 21357#0: *2 http script copy: "close"
2026/09/21 02:12:16 [debug] 21357#0: *2 http script copy: ""
2026/09/21 02:12:16 [debug] 21357#0: *2 http script copy: ""
2026/09/21 02:12:16 [debug] 21357#0: *2 http proxy header: "User-Agent: curl/8.5.0"
2026/09/21 02:12:16 [debug] 21357#0: *2 http proxy header: "Accept: */*"
2026/09/21 02:12:16 [debug] 21357#0: *2 http proxy header:
"GET /abcd HTTP/1.0
Host: 127.0.0.1:9090
Connection: close
User-Agent: curl/8.5.0
Accept: */*

"
2026/09/21 02:12:16 [debug] 21357#0: *2 http cleanup add: 000057DE1368FD98
2026/09/21 02:12:16 [debug] 21357#0: *2 get rr peer, try: 1
2026/09/21 02:12:16 [debug] 21357#0: *2 stream socket 10
2026/09/21 02:12:16 [debug] 21357#0: *2 epoll add connection: fd:10 ev:80002005
2026/09/21 02:12:16 [debug] 21357#0: *2 connect to 127.0.0.1:9090, fd:10 #3
2026/09/21 02:12:16 [debug] 21357#0: *2 http upstream connect: -2
2026/09/21 02:12:16 [debug] 21357#0: *2 posix_memalign: 000057DE136871F0:128 @16
2026/09/21 02:12:16 [debug] 21357#0: *2 event timer add: 10: 60000:21481030
2026/09/21 02:12:16 [debug] 21357#0: *2 http finalize request: -4, "/normal/abcd?" a:1, c:2
2026/09/21 02:12:16 [debug] 21357#0: *2 http request count:2 blk:0
2026/09/21 02:12:16 [debug] 21357#0: timer delta: 0
2026/09/21 02:12:16 [debug] 21357#0: worker cycle
2026/09/21 02:12:16 [debug] 21357#0: epoll timer: 60000
2026/09/21 02:12:16 [debug] 21357#0: epoll: fd:3 ev:0004 d:000057DE136AA5C1
2026/09/21 02:12:16 [debug] 21357#0: *2 http run request: "/normal/abcd?"
2026/09/21 02:12:16 [debug] 21357#0: *2 http upstream check client, write event:1, "/normal/abcd"
2026/09/21 02:12:16 [debug] 21357#0: epoll: fd:10 ev:0004 d:000057DE136AA6A0
2026/09/21 02:12:16 [debug] 21357#0: *2 http upstream request: "/normal/abcd?"
2026/09/21 02:12:16 [debug] 21357#0: *2 http upstream send request handler
2026/09/21 02:12:16 [debug] 21357#0: *2 http upstream send request
2026/09/21 02:12:16 [debug] 21357#0: *2 http upstream send request body
2026/09/21 02:12:16 [debug] 21357#0: *2 chain writer buf fl:1 s:100
2026/09/21 02:12:16 [debug] 21357#0: *2 chain writer in: 000057DE13697CE0
2026/09/21 02:12:16 [debug] 21357#0: *2 writev: 100 of 100
2026/09/21 02:12:16 [debug] 21357#0: *2 chain writer out: 0000000000000000
2026/09/21 02:12:16 [debug] 21357#0: *2 event timer del: 10: 21481030
2026/09/21 02:12:16 [debug] 21357#0: *2 event timer add: 10: 60000:21481032
2026/09/21 02:12:16 [debug] 21357#0: timer delta: 2
2026/09/21 02:12:16 [debug] 21357#0: worker cycle
2026/09/21 02:12:16 [debug] 21357#0: epoll timer: 60000
2026/09/21 02:12:16 [debug] 21357#0: epoll: fd:10 ev:0005 d:000057DE136AA6A0
2026/09/21 02:12:16 [debug] 21357#0: *2 http upstream request: "/normal/abcd?"
2026/09/21 02:12:16 [debug] 21357#0: *2 http upstream process header
2026/09/21 02:12:16 [debug] 21357#0: *2 malloc: 000057DE136B4420:4096
2026/09/21 02:12:16 [debug] 21357#0: *2 recv: eof:0, avail:-1
2026/09/21 02:12:16 [debug] 21357#0: *2 recv: fd:10 174 of 4096
2026/09/21 02:12:16 [debug] 21357#0: *2 http proxy status 200 "200 OK"
2026/09/21 02:12:16 [debug] 21357#0: *2 http proxy header: "X-App-Name: http-echo"
2026/09/21 02:12:16 [debug] 21357#0: *2 http proxy header: "X-App-Version: 1.0.0"
2026/09/21 02:12:16 [debug] 21357#0: *2 http proxy header: "Date: Sun, 20 Sep 2026 17:12:16 GMT"
2026/09/21 02:12:16 [debug] 21357#0: *2 http proxy header: "Content-Length: 12"
2026/09/21 02:12:16 [debug] 21357#0: *2 http proxy header: "Content-Type: text/plain; charset=utf-8"
2026/09/21 02:12:16 [debug] 21357#0: *2 http proxy header done
2026/09/21 02:12:16 [debug] 21357#0: *2 HTTP/1.1 200 OK
Server: nginx/1.29.1
Date: Sun, 20 Sep 2026 17:12:16 GMT
Content-Type: text/plain; charset=utf-8
Content-Length: 12
Connection: keep-alive
X-App-Name: http-echo
X-App-Version: 1.0.0

2026/09/21 02:12:16 [debug] 21357#0: *2 write new buf t:1 f:0 000057DE13690128, pos 000057DE13690128, size: 208 file: 0, size: 0
2026/09/21 02:12:16 [debug] 21357#0: *2 http write filter: l:0 f:0 s:208
2026/09/21 02:12:16 [debug] 21357#0: *2 http cacheable: 0
2026/09/21 02:12:16 [debug] 21357#0: *2 http proxy filter init s:200 h:0 c:0 l:12
2026/09/21 02:12:16 [debug] 21357#0: *2 http upstream process upstream
2026/09/21 02:12:16 [debug] 21357#0: *2 pipe read upstream: 0
2026/09/21 02:12:16 [debug] 21357#0: *2 pipe preread: 12
2026/09/21 02:12:16 [debug] 21357#0: *2 pipe buf free s:0 t:1 f:0 000057DE136B4420, pos 000057DE136B44C2, size: 12 file: 0, size: 0
2026/09/21 02:12:16 [debug] 21357#0: *2 pipe length: 12
2026/09/21 02:12:16 [debug] 21357#0: *2 input buf #0
2026/09/21 02:12:16 [debug] 21357#0: *2 pipe write downstream: 1
2026/09/21 02:12:16 [debug] 21357#0: *2 pipe write downstream flush in
2026/09/21 02:12:16 [debug] 21357#0: *2 http output filter "/normal/abcd?"
2026/09/21 02:12:16 [debug] 21357#0: *2 http copy filter: "/normal/abcd?"
2026/09/21 02:12:16 [debug] 21357#0: *2 http postpone filter "/normal/abcd?" 000057DE13690318
2026/09/21 02:12:16 [debug] 21357#0: *2 write old buf t:1 f:0 000057DE13690128, pos 000057DE13690128, size: 208 file: 0, size: 0
2026/09/21 02:12:16 [debug] 21357#0: *2 write new buf t:1 f:0 000057DE136B4420, pos 000057DE136B44C2, size: 12 file: 0, size: 0
2026/09/21 02:12:16 [debug] 21357#0: *2 http write filter: l:0 f:0 s:220
2026/09/21 02:12:16 [debug] 21357#0: *2 http copy filter: 0 "/normal/abcd?"
2026/09/21 02:12:16 [debug] 21357#0: *2 pipe write downstream done
2026/09/21 02:12:16 [debug] 21357#0: *2 event timer: 10, old: 21481032, new: 21481036
2026/09/21 02:12:16 [debug] 21357#0: *2 http upstream exit: 0000000000000000
2026/09/21 02:12:16 [debug] 21357#0: *2 finalize http upstream request: 0
2026/09/21 02:12:16 [debug] 21357#0: *2 finalize http proxy request
2026/09/21 02:12:16 [debug] 21357#0: *2 free rr peer 1 0
2026/09/21 02:12:16 [debug] 21357#0: *2 close http upstream connection: 10
2026/09/21 02:12:16 [debug] 21357#0: *2 free: 000057DE136871F0, unused: 48
2026/09/21 02:12:16 [debug] 21357#0: *2 event timer del: 10: 21481032
2026/09/21 02:12:16 [debug] 21357#0: *2 reusable connection: 0
2026/09/21 02:12:16 [debug] 21357#0: *2 http upstream temp fd: -1
2026/09/21 02:12:16 [debug] 21357#0: *2 http output filter "/normal/abcd?"
2026/09/21 02:12:16 [debug] 21357#0: *2 http copy filter: "/normal/abcd?"
2026/09/21 02:12:16 [debug] 21357#0: *2 http postpone filter "/normal/abcd?" 00007FFF85B32160
2026/09/21 02:12:16 [debug] 21357#0: *2 write old buf t:1 f:0 000057DE13690128, pos 000057DE13690128, size: 208 file: 0, size: 0
2026/09/21 02:12:16 [debug] 21357#0: *2 write old buf t:1 f:0 000057DE136B4420, pos 000057DE136B44C2, size: 12 file: 0, size: 0
2026/09/21 02:12:16 [debug] 21357#0: *2 write new buf t:0 f:0 0000000000000000, pos 0000000000000000, size: 0 file: 0, size: 0
2026/09/21 02:12:16 [debug] 21357#0: *2 http write filter: l:1 f:0 s:220
2026/09/21 02:12:16 [debug] 21357#0: *2 http write filter limit 2097152
2026/09/21 02:12:16 [debug] 21357#0: *2 writev: 220 of 220
2026/09/21 02:12:16 [debug] 21357#0: *2 http write filter 0000000000000000
2026/09/21 02:12:16 [debug] 21357#0: *2 http copy filter: 0 "/normal/abcd?"
2026/09/21 02:12:16 [debug] 21357#0: *2 http finalize request: 0, "/normal/abcd?" a:1, c:1
2026/09/21 02:12:16 [debug] 21357#0: *2 set http keepalive handler
2026/09/21 02:12:16 [debug] 21357#0: *2 http close request
2026/09/21 02:12:16 [debug] 21357#0: *2 http log handler
2026/09/21 02:12:16 [debug] 21357#0: *2 free: 000057DE136B4420
2026/09/21 02:12:16 [debug] 21357#0: *2 free: 000057DE13696CF0, unused: 0
2026/09/21 02:12:16 [debug] 21357#0: *2 free: 000057DE1368F4C0, unused: 2
2026/09/21 02:12:16 [debug] 21357#0: *2 free: 000057DE13686570
2026/09/21 02:12:16 [debug] 21357#0: *2 hc free: 0000000000000000
2026/09/21 02:12:16 [debug] 21357#0: *2 hc busy: 0000000000000000 0
2026/09/21 02:12:16 [debug] 21357#0: *2 tcp_nodelay
2026/09/21 02:12:16 [debug] 21357#0: *2 reusable connection: 1
2026/09/21 02:12:16 [debug] 21357#0: *2 event timer add: 3: 75000:21496036
2026/09/21 02:12:16 [debug] 21357#0: timer delta: 4
2026/09/21 02:12:16 [debug] 21357#0: worker cycle
2026/09/21 02:12:16 [debug] 21357#0: epoll timer: 75000
2026/09/21 02:12:16 [debug] 21357#0: epoll: fd:3 ev:2005 d:000057DE136AA5C1
2026/09/21 02:12:16 [debug] 21357#0: *2 http keepalive handler
2026/09/21 02:12:16 [debug] 21357#0: *2 malloc: 000057DE13686570:1024
2026/09/21 02:12:16 [debug] 21357#0: *2 recv: eof:1, avail:-1
2026/09/21 02:12:16 [debug] 21357#0: *2 recv: fd:3 0 of 1024
2026/09/21 02:12:16 [info] 21357#0: *2 client 127.0.0.1 closed keepalive connection
2026/09/21 02:12:16 [debug] 21357#0: *2 close http connection: 3
2026/09/21 02:12:16 [debug] 21357#0: *2 event timer del: 3: 21496036
2026/09/21 02:12:16 [debug] 21357#0: *2 reusable connection: 0
2026/09/21 02:12:16 [debug] 21357#0: *2 free: 000057DE13686570
2026/09/21 02:12:16 [debug] 21357#0: *2 free: 000057DE13686FE0, unused: 144
2026/09/21 02:12:16 [debug] 21357#0: timer delta: 1
2026/09/21 02:12:16 [debug] 21357#0: worker cycle
2026/09/21 02:12:16 [debug] 21357#0: epoll timer: -1
2026/09/21 02:12:18 [debug] 21357#0: epoll: fd:6 ev:0001 d:000057DE136AA400
2026/09/21 02:12:18 [debug] 21357#0: accept on 127.0.0.1:8080, ready: 0
2026/09/21 02:12:18 [debug] 21357#0: posix_memalign: 000057DE13686FE0:512 @16
2026/09/21 02:12:18 [debug] 21357#0: *4 accept: 127.0.0.1:54620 fd:3
2026/09/21 02:12:18 [debug] 21357#0: *4 event timer add: 3: 60000:21483034
2026/09/21 02:12:18 [debug] 21357#0: *4 reusable connection: 1
2026/09/21 02:12:18 [debug] 21357#0: *4 epoll add event: fd:3 op:1 ev:80002001
2026/09/21 02:12:18 [debug] 21357#0: timer delta: 1997
2026/09/21 02:12:18 [debug] 21357#0: worker cycle
2026/09/21 02:12:18 [debug] 21357#0: epoll timer: 60000
2026/09/21 02:12:18 [debug] 21357#0: epoll: fd:3 ev:0001 d:000057DE136AA5C0
2026/09/21 02:12:18 [debug] 21357#0: *4 http wait request handler
2026/09/21 02:12:18 [debug] 21357#0: *4 malloc: 000057DE13686570:1024
2026/09/21 02:12:18 [debug] 21357#0: *4 recv: eof:0, avail:-1
2026/09/21 02:12:18 [debug] 21357#0: *4 recv: fd:3 84 of 1024
2026/09/21 02:12:18 [debug] 21357#0: *4 reusable connection: 0
2026/09/21 02:12:18 [debug] 21357#0: *4 posix_memalign: 000057DE13696CF0:4096 @16
2026/09/21 02:12:18 [debug] 21357#0: *4 http process request line
2026/09/21 02:12:18 [debug] 21357#0: *4 http request line: "GET /normal/ HTTP/1.1"
2026/09/21 02:12:18 [debug] 21357#0: *4 http uri: "/normal/"
2026/09/21 02:12:18 [debug] 21357#0: *4 http args: ""
2026/09/21 02:12:18 [debug] 21357#0: *4 http exten: ""
2026/09/21 02:12:18 [debug] 21357#0: *4 posix_memalign: 000057DE1368F4C0:4096 @16
2026/09/21 02:12:18 [debug] 21357#0: *4 http process request header line
2026/09/21 02:12:18 [debug] 21357#0: *4 http header: "Host: 127.0.0.1:8080"
2026/09/21 02:12:18 [debug] 21357#0: *4 http header: "User-Agent: curl/8.5.0"
2026/09/21 02:12:18 [debug] 21357#0: *4 http header: "Accept: */*"
2026/09/21 02:12:18 [debug] 21357#0: *4 http header done
2026/09/21 02:12:18 [debug] 21357#0: *4 event timer del: 3: 21483034
2026/09/21 02:12:18 [debug] 21357#0: *4 rewrite phase: 0
2026/09/21 02:12:18 [debug] 21357#0: *4 test location: "/normal/"
2026/09/21 02:12:18 [debug] 21357#0: *4 using configuration "/normal/"
2026/09/21 02:12:18 [debug] 21357#0: *4 http cl:-1 max:1048576
2026/09/21 02:12:18 [debug] 21357#0: *4 rewrite phase: 2
2026/09/21 02:12:18 [debug] 21357#0: *4 post rewrite phase: 3
2026/09/21 02:12:18 [debug] 21357#0: *4 generic phase: 4
2026/09/21 02:12:18 [debug] 21357#0: *4 generic phase: 5
2026/09/21 02:12:18 [debug] 21357#0: *4 access phase: 6
2026/09/21 02:12:18 [debug] 21357#0: *4 access phase: 7
2026/09/21 02:12:18 [debug] 21357#0: *4 post access phase: 8
2026/09/21 02:12:18 [debug] 21357#0: *4 generic phase: 9
2026/09/21 02:12:18 [debug] 21357#0: *4 try files handler
2026/09/21 02:12:18 [debug] 21357#0: *4 trying to use file: "/normal/abcd" "/home/ksh/mydir/ngx-1.29.1/ngx-issues-983-debug/www/normal/abcd"
2026/09/21 02:12:18 [debug] 21357#0: *4 try file uri: "/normal/abcd"
2026/09/21 02:12:18 [debug] 21357#0: *4 generic phase: 10
2026/09/21 02:12:18 [debug] 21357#0: *4 http init upstream, client timer: 0
2026/09/21 02:12:18 [debug] 21357#0: *4 epoll add event: fd:3 op:3 ev:80002005
2026/09/21 02:12:18 [debug] 21357#0: *4 http script copy: "Host"
2026/09/21 02:12:18 [debug] 21357#0: *4 http script var: "127.0.0.1:9090"
2026/09/21 02:12:18 [debug] 21357#0: *4 http script copy: "Connection"
2026/09/21 02:12:18 [debug] 21357#0: *4 http script copy: "close"
2026/09/21 02:12:18 [debug] 21357#0: *4 http script copy: ""
2026/09/21 02:12:18 [debug] 21357#0: *4 http script copy: ""
2026/09/21 02:12:18 [debug] 21357#0: *4 http proxy header: "User-Agent: curl/8.5.0"
2026/09/21 02:12:18 [debug] 21357#0: *4 http proxy header: "Accept: */*"
2026/09/21 02:12:18 [debug] 21357#0: *4 http proxy header:
"GET /abcd HTTP/1.0
Host: 127.0.0.1:9090
Connection: close
User-Agent: curl/8.5.0
Accept: */*

"
2026/09/21 02:12:18 [debug] 21357#0: *4 http cleanup add: 000057DE1368FD98
2026/09/21 02:12:18 [debug] 21357#0: *4 get rr peer, try: 1
2026/09/21 02:12:18 [debug] 21357#0: *4 stream socket 10
2026/09/21 02:12:18 [debug] 21357#0: *4 epoll add connection: fd:10 ev:80002005
2026/09/21 02:12:18 [debug] 21357#0: *4 connect to 127.0.0.1:9090, fd:10 #5
2026/09/21 02:12:18 [debug] 21357#0: *4 http upstream connect: -2
2026/09/21 02:12:18 [debug] 21357#0: *4 posix_memalign: 000057DE136871F0:128 @16
2026/09/21 02:12:18 [debug] 21357#0: *4 event timer add: 10: 60000:21483034
2026/09/21 02:12:18 [debug] 21357#0: *4 http finalize request: -4, "/normal/abcd?" a:1, c:2
2026/09/21 02:12:18 [debug] 21357#0: *4 http request count:2 blk:0
2026/09/21 02:12:18 [debug] 21357#0: timer delta: 0
2026/09/21 02:12:18 [debug] 21357#0: worker cycle
2026/09/21 02:12:18 [debug] 21357#0: epoll timer: 60000
2026/09/21 02:12:18 [debug] 21357#0: epoll: fd:3 ev:0004 d:000057DE136AA5C0
2026/09/21 02:12:18 [debug] 21357#0: *4 http run request: "/normal/abcd?"
2026/09/21 02:12:18 [debug] 21357#0: *4 http upstream check client, write event:1, "/normal/abcd"
2026/09/21 02:12:18 [debug] 21357#0: epoll: fd:10 ev:0004 d:000057DE136AA6A1
2026/09/21 02:12:18 [debug] 21357#0: *4 http upstream request: "/normal/abcd?"
2026/09/21 02:12:18 [debug] 21357#0: *4 http upstream send request handler
2026/09/21 02:12:18 [debug] 21357#0: *4 http upstream send request
2026/09/21 02:12:18 [debug] 21357#0: *4 http upstream send request body
2026/09/21 02:12:18 [debug] 21357#0: *4 chain writer buf fl:1 s:100
2026/09/21 02:12:18 [debug] 21357#0: *4 chain writer in: 000057DE13697CE0
2026/09/21 02:12:18 [debug] 21357#0: *4 writev: 100 of 100
2026/09/21 02:12:18 [debug] 21357#0: *4 chain writer out: 0000000000000000
2026/09/21 02:12:18 [debug] 21357#0: *4 event timer del: 10: 21483034
2026/09/21 02:12:18 [debug] 21357#0: *4 event timer add: 10: 60000:21483035
2026/09/21 02:12:18 [debug] 21357#0: timer delta: 1
2026/09/21 02:12:18 [debug] 21357#0: worker cycle
2026/09/21 02:12:18 [debug] 21357#0: epoll timer: 60000
2026/09/21 02:12:18 [debug] 21357#0: epoll: fd:10 ev:0005 d:000057DE136AA6A1
2026/09/21 02:12:18 [debug] 21357#0: *4 http upstream request: "/normal/abcd?"
2026/09/21 02:12:18 [debug] 21357#0: *4 http upstream process header
2026/09/21 02:12:18 [debug] 21357#0: *4 malloc: 000057DE136B4420:4096
2026/09/21 02:12:18 [debug] 21357#0: *4 recv: eof:0, avail:-1
2026/09/21 02:12:18 [debug] 21357#0: *4 recv: fd:10 174 of 4096
2026/09/21 02:12:18 [debug] 21357#0: *4 http proxy status 200 "200 OK"
2026/09/21 02:12:18 [debug] 21357#0: *4 http proxy header: "X-App-Name: http-echo"
2026/09/21 02:12:18 [debug] 21357#0: *4 http proxy header: "X-App-Version: 1.0.0"
2026/09/21 02:12:18 [debug] 21357#0: *4 http proxy header: "Date: Sun, 20 Sep 2026 17:12:18 GMT"
2026/09/21 02:12:18 [debug] 21357#0: *4 http proxy header: "Content-Length: 12"
2026/09/21 02:12:18 [debug] 21357#0: *4 http proxy header: "Content-Type: text/plain; charset=utf-8"
2026/09/21 02:12:18 [debug] 21357#0: *4 http proxy header done
2026/09/21 02:12:18 [debug] 21357#0: *4 HTTP/1.1 200 OK
Server: nginx/1.29.1
Date: Sun, 20 Sep 2026 17:12:18 GMT
Content-Type: text/plain; charset=utf-8
Content-Length: 12
Connection: keep-alive
X-App-Name: http-echo
X-App-Version: 1.0.0

2026/09/21 02:12:18 [debug] 21357#0: *4 write new buf t:1 f:0 000057DE13690128, pos 000057DE13690128, size: 208 file: 0, size: 0
2026/09/21 02:12:18 [debug] 21357#0: *4 http write filter: l:0 f:0 s:208
2026/09/21 02:12:18 [debug] 21357#0: *4 http cacheable: 0
2026/09/21 02:12:18 [debug] 21357#0: *4 http proxy filter init s:200 h:0 c:0 l:12
2026/09/21 02:12:18 [debug] 21357#0: *4 http upstream process upstream
2026/09/21 02:12:18 [debug] 21357#0: *4 pipe read upstream: 0
2026/09/21 02:12:18 [debug] 21357#0: *4 pipe preread: 12
2026/09/21 02:12:18 [debug] 21357#0: *4 pipe buf free s:0 t:1 f:0 000057DE136B4420, pos 000057DE136B44C2, size: 12 file: 0, size: 0
2026/09/21 02:12:18 [debug] 21357#0: *4 pipe length: 12
2026/09/21 02:12:18 [debug] 21357#0: *4 input buf #0
2026/09/21 02:12:18 [debug] 21357#0: *4 pipe write downstream: 1
2026/09/21 02:12:18 [debug] 21357#0: *4 pipe write downstream flush in
2026/09/21 02:12:18 [debug] 21357#0: *4 http output filter "/normal/abcd?"
2026/09/21 02:12:18 [debug] 21357#0: *4 http copy filter: "/normal/abcd?"
2026/09/21 02:12:18 [debug] 21357#0: *4 http postpone filter "/normal/abcd?" 000057DE13690318
2026/09/21 02:12:18 [debug] 21357#0: *4 write old buf t:1 f:0 000057DE13690128, pos 000057DE13690128, size: 208 file: 0, size: 0
2026/09/21 02:12:18 [debug] 21357#0: *4 write new buf t:1 f:0 000057DE136B4420, pos 000057DE136B44C2, size: 12 file: 0, size: 0
2026/09/21 02:12:18 [debug] 21357#0: *4 http write filter: l:0 f:0 s:220
2026/09/21 02:12:18 [debug] 21357#0: *4 http copy filter: 0 "/normal/abcd?"
2026/09/21 02:12:18 [debug] 21357#0: *4 pipe write downstream done
2026/09/21 02:12:18 [debug] 21357#0: *4 event timer: 10, old: 21483035, new: 21483037
2026/09/21 02:12:18 [debug] 21357#0: *4 http upstream exit: 0000000000000000
2026/09/21 02:12:18 [debug] 21357#0: *4 finalize http upstream request: 0
2026/09/21 02:12:18 [debug] 21357#0: *4 finalize http proxy request
2026/09/21 02:12:18 [debug] 21357#0: *4 free rr peer 1 0
2026/09/21 02:12:18 [debug] 21357#0: *4 close http upstream connection: 10
2026/09/21 02:12:18 [debug] 21357#0: *4 free: 000057DE136871F0, unused: 48
2026/09/21 02:12:18 [debug] 21357#0: *4 event timer del: 10: 21483035
2026/09/21 02:12:18 [debug] 21357#0: *4 reusable connection: 0
2026/09/21 02:12:18 [debug] 21357#0: *4 http upstream temp fd: -1
2026/09/21 02:12:18 [debug] 21357#0: *4 http output filter "/normal/abcd?"
2026/09/21 02:12:18 [debug] 21357#0: *4 http copy filter: "/normal/abcd?"
2026/09/21 02:12:18 [debug] 21357#0: *4 http postpone filter "/normal/abcd?" 00007FFF85B32160
2026/09/21 02:12:18 [debug] 21357#0: *4 write old buf t:1 f:0 000057DE13690128, pos 000057DE13690128, size: 208 file: 0, size: 0
2026/09/21 02:12:18 [debug] 21357#0: *4 write old buf t:1 f:0 000057DE136B4420, pos 000057DE136B44C2, size: 12 file: 0, size: 0
2026/09/21 02:12:18 [debug] 21357#0: *4 write new buf t:0 f:0 0000000000000000, pos 0000000000000000, size: 0 file: 0, size: 0
2026/09/21 02:12:18 [debug] 21357#0: *4 http write filter: l:1 f:0 s:220
2026/09/21 02:12:18 [debug] 21357#0: *4 http write filter limit 2097152
2026/09/21 02:12:18 [debug] 21357#0: *4 writev: 220 of 220
2026/09/21 02:12:18 [debug] 21357#0: *4 http write filter 0000000000000000
2026/09/21 02:12:18 [debug] 21357#0: *4 http copy filter: 0 "/normal/abcd?"
2026/09/21 02:12:18 [debug] 21357#0: *4 http finalize request: 0, "/normal/abcd?" a:1, c:1
2026/09/21 02:12:18 [debug] 21357#0: *4 set http keepalive handler
2026/09/21 02:12:18 [debug] 21357#0: *4 http close request
2026/09/21 02:12:18 [debug] 21357#0: *4 http log handler
2026/09/21 02:12:18 [debug] 21357#0: *4 free: 000057DE136B4420
2026/09/21 02:12:18 [debug] 21357#0: *4 free: 000057DE13696CF0, unused: 0
2026/09/21 02:12:18 [debug] 21357#0: *4 free: 000057DE1368F4C0, unused: 2
2026/09/21 02:12:18 [debug] 21357#0: *4 free: 000057DE13686570
2026/09/21 02:12:18 [debug] 21357#0: *4 hc free: 0000000000000000
2026/09/21 02:12:18 [debug] 21357#0: *4 hc busy: 0000000000000000 0
2026/09/21 02:12:18 [debug] 21357#0: *4 tcp_nodelay
2026/09/21 02:12:18 [debug] 21357#0: *4 reusable connection: 1
2026/09/21 02:12:18 [debug] 21357#0: *4 event timer add: 3: 75000:21498037
2026/09/21 02:12:18 [debug] 21357#0: timer delta: 2
2026/09/21 02:12:18 [debug] 21357#0: worker cycle
2026/09/21 02:12:18 [debug] 21357#0: epoll timer: 75000
2026/09/21 02:12:18 [debug] 21357#0: epoll: fd:3 ev:2005 d:000057DE136AA5C0
2026/09/21 02:12:18 [debug] 21357#0: *4 http keepalive handler
2026/09/21 02:12:18 [debug] 21357#0: *4 malloc: 000057DE13686570:1024
2026/09/21 02:12:18 [debug] 21357#0: *4 recv: eof:1, avail:-1
2026/09/21 02:12:18 [debug] 21357#0: *4 recv: fd:3 0 of 1024
2026/09/21 02:12:18 [info] 21357#0: *4 client 127.0.0.1 closed keepalive connection
2026/09/21 02:12:18 [debug] 21357#0: *4 close http connection: 3
2026/09/21 02:12:18 [debug] 21357#0: *4 event timer del: 3: 21498037
2026/09/21 02:12:18 [debug] 21357#0: *4 reusable connection: 0
2026/09/21 02:12:18 [debug] 21357#0: *4 free: 000057DE13686570
2026/09/21 02:12:18 [debug] 21357#0: *4 free: 000057DE13686FE0, unused: 144
2026/09/21 02:12:18 [debug] 21357#0: timer delta: 1
2026/09/21 02:12:18 [debug] 21357#0: worker cycle
2026/09/21 02:12:18 [debug] 21357#0: epoll timer: -1
2026/09/21 02:12:20 [debug] 21357#0: epoll: fd:6 ev:0001 d:000057DE136AA400
2026/09/21 02:12:20 [debug] 21357#0: accept on 127.0.0.1:8080, ready: 0
2026/09/21 02:12:20 [debug] 21357#0: posix_memalign: 000057DE13686FE0:512 @16
2026/09/21 02:12:20 [debug] 21357#0: *6 accept: 127.0.0.1:54626 fd:3
2026/09/21 02:12:20 [debug] 21357#0: *6 event timer add: 3: 60000:21484717
2026/09/21 02:12:20 [debug] 21357#0: *6 reusable connection: 1
2026/09/21 02:12:20 [debug] 21357#0: *6 epoll add event: fd:3 op:1 ev:80002001
2026/09/21 02:12:20 [debug] 21357#0: timer delta: 1679
2026/09/21 02:12:20 [debug] 21357#0: worker cycle
2026/09/21 02:12:20 [debug] 21357#0: epoll timer: 60000
2026/09/21 02:12:20 [debug] 21357#0: epoll: fd:3 ev:0001 d:000057DE136AA5C1
2026/09/21 02:12:20 [debug] 21357#0: *6 http wait request handler
2026/09/21 02:12:20 [debug] 21357#0: *6 malloc: 000057DE13686570:1024
2026/09/21 02:12:20 [debug] 21357#0: *6 recv: eof:0, avail:-1
2026/09/21 02:12:20 [debug] 21357#0: *6 recv: fd:3 84 of 1024
2026/09/21 02:12:20 [debug] 21357#0: *6 reusable connection: 0
2026/09/21 02:12:20 [debug] 21357#0: *6 posix_memalign: 000057DE13696CF0:4096 @16
2026/09/21 02:12:20 [debug] 21357#0: *6 http process request line
2026/09/21 02:12:20 [debug] 21357#0: *6 http request line: "GET /normal/ HTTP/1.1"
2026/09/21 02:12:20 [debug] 21357#0: *6 http uri: "/normal/"
2026/09/21 02:12:20 [debug] 21357#0: *6 http args: ""
2026/09/21 02:12:20 [debug] 21357#0: *6 http exten: ""
2026/09/21 02:12:20 [debug] 21357#0: *6 posix_memalign: 000057DE1368F4C0:4096 @16
2026/09/21 02:12:20 [debug] 21357#0: *6 http process request header line
2026/09/21 02:12:20 [debug] 21357#0: *6 http header: "Host: 127.0.0.1:8080"
2026/09/21 02:12:20 [debug] 21357#0: *6 http header: "User-Agent: curl/8.5.0"
2026/09/21 02:12:20 [debug] 21357#0: *6 http header: "Accept: */*"
2026/09/21 02:12:20 [debug] 21357#0: *6 http header done
2026/09/21 02:12:20 [debug] 21357#0: *6 event timer del: 3: 21484717
2026/09/21 02:12:20 [debug] 21357#0: *6 rewrite phase: 0
2026/09/21 02:12:20 [debug] 21357#0: *6 test location: "/normal/"
2026/09/21 02:12:20 [debug] 21357#0: *6 using configuration "/normal/"
2026/09/21 02:12:20 [debug] 21357#0: *6 http cl:-1 max:1048576
2026/09/21 02:12:20 [debug] 21357#0: *6 rewrite phase: 2
2026/09/21 02:12:20 [debug] 21357#0: *6 post rewrite phase: 3
2026/09/21 02:12:20 [debug] 21357#0: *6 generic phase: 4
2026/09/21 02:12:20 [debug] 21357#0: *6 generic phase: 5
2026/09/21 02:12:20 [debug] 21357#0: *6 access phase: 6
2026/09/21 02:12:20 [debug] 21357#0: *6 access phase: 7
2026/09/21 02:12:20 [debug] 21357#0: *6 post access phase: 8
2026/09/21 02:12:20 [debug] 21357#0: *6 generic phase: 9
2026/09/21 02:12:20 [debug] 21357#0: *6 try files handler
2026/09/21 02:12:20 [debug] 21357#0: *6 trying to use file: "/normal/abcd" "/home/ksh/mydir/ngx-1.29.1/ngx-issues-983-debug/www/normal/abcd"
2026/09/21 02:12:20 [debug] 21357#0: *6 try file uri: "/normal/abcd"
2026/09/21 02:12:20 [debug] 21357#0: *6 generic phase: 10
2026/09/21 02:12:20 [debug] 21357#0: *6 http init upstream, client timer: 0
2026/09/21 02:12:20 [debug] 21357#0: *6 epoll add event: fd:3 op:3 ev:80002005
2026/09/21 02:12:20 [debug] 21357#0: *6 http script copy: "Host"
2026/09/21 02:12:20 [debug] 21357#0: *6 http script var: "127.0.0.1:9090"
2026/09/21 02:12:20 [debug] 21357#0: *6 http script copy: "Connection"
2026/09/21 02:12:20 [debug] 21357#0: *6 http script copy: "close"
2026/09/21 02:12:20 [debug] 21357#0: *6 http script copy: ""
2026/09/21 02:12:20 [debug] 21357#0: *6 http script copy: ""
2026/09/21 02:12:20 [debug] 21357#0: *6 http proxy header: "User-Agent: curl/8.5.0"
2026/09/21 02:12:20 [debug] 21357#0: *6 http proxy header: "Accept: */*"
2026/09/21 02:12:20 [debug] 21357#0: *6 http proxy header:
"GET /abcd HTTP/1.0
Host: 127.0.0.1:9090
Connection: close
User-Agent: curl/8.5.0
Accept: */*

"
2026/09/21 02:12:20 [debug] 21357#0: *6 http cleanup add: 000057DE1368FD98
2026/09/21 02:12:20 [debug] 21357#0: *6 get rr peer, try: 1
2026/09/21 02:12:20 [debug] 21357#0: *6 stream socket 10
2026/09/21 02:12:20 [debug] 21357#0: *6 epoll add connection: fd:10 ev:80002005
2026/09/21 02:12:20 [debug] 21357#0: *6 connect to 127.0.0.1:9090, fd:10 #7
2026/09/21 02:12:20 [debug] 21357#0: *6 http upstream connect: -2
2026/09/21 02:12:20 [debug] 21357#0: *6 posix_memalign: 000057DE136871F0:128 @16
2026/09/21 02:12:20 [debug] 21357#0: *6 event timer add: 10: 60000:21484717
2026/09/21 02:12:20 [debug] 21357#0: *6 http finalize request: -4, "/normal/abcd?" a:1, c:2
2026/09/21 02:12:20 [debug] 21357#0: *6 http request count:2 blk:0
2026/09/21 02:12:20 [debug] 21357#0: timer delta: 0
2026/09/21 02:12:20 [debug] 21357#0: worker cycle
2026/09/21 02:12:20 [debug] 21357#0: epoll timer: 60000
2026/09/21 02:12:20 [debug] 21357#0: epoll: fd:3 ev:0004 d:000057DE136AA5C1
2026/09/21 02:12:20 [debug] 21357#0: *6 http run request: "/normal/abcd?"
2026/09/21 02:12:20 [debug] 21357#0: *6 http upstream check client, write event:1, "/normal/abcd"
2026/09/21 02:12:20 [debug] 21357#0: epoll: fd:10 ev:0004 d:000057DE136AA6A0
2026/09/21 02:12:20 [debug] 21357#0: *6 http upstream request: "/normal/abcd?"
2026/09/21 02:12:20 [debug] 21357#0: *6 http upstream send request handler
2026/09/21 02:12:20 [debug] 21357#0: *6 http upstream send request
2026/09/21 02:12:20 [debug] 21357#0: *6 http upstream send request body
2026/09/21 02:12:20 [debug] 21357#0: *6 chain writer buf fl:1 s:100
2026/09/21 02:12:20 [debug] 21357#0: *6 chain writer in: 000057DE13697CE0
2026/09/21 02:12:20 [debug] 21357#0: *6 writev: 100 of 100
2026/09/21 02:12:20 [debug] 21357#0: *6 chain writer out: 0000000000000000
2026/09/21 02:12:20 [debug] 21357#0: *6 event timer del: 10: 21484717
2026/09/21 02:12:20 [debug] 21357#0: *6 event timer add: 10: 60000:21484718
2026/09/21 02:12:20 [debug] 21357#0: timer delta: 1
2026/09/21 02:12:20 [debug] 21357#0: worker cycle
2026/09/21 02:12:20 [debug] 21357#0: epoll timer: 60000
2026/09/21 02:12:20 [debug] 21357#0: epoll: fd:10 ev:0005 d:000057DE136AA6A0
2026/09/21 02:12:20 [debug] 21357#0: *6 http upstream request: "/normal/abcd?"
2026/09/21 02:12:20 [debug] 21357#0: *6 http upstream process header
2026/09/21 02:12:20 [debug] 21357#0: *6 malloc: 000057DE136B4420:4096
2026/09/21 02:12:20 [debug] 21357#0: *6 recv: eof:0, avail:-1
2026/09/21 02:12:20 [debug] 21357#0: *6 recv: fd:10 174 of 4096
2026/09/21 02:12:20 [debug] 21357#0: *6 http proxy status 200 "200 OK"
2026/09/21 02:12:20 [debug] 21357#0: *6 http proxy header: "X-App-Name: http-echo"
2026/09/21 02:12:20 [debug] 21357#0: *6 http proxy header: "X-App-Version: 1.0.0"
2026/09/21 02:12:20 [debug] 21357#0: *6 http proxy header: "Date: Sun, 20 Sep 2026 17:12:20 GMT"
2026/09/21 02:12:20 [debug] 21357#0: *6 http proxy header: "Content-Length: 12"
2026/09/21 02:12:20 [debug] 21357#0: *6 http proxy header: "Content-Type: text/plain; charset=utf-8"
2026/09/21 02:12:20 [debug] 21357#0: *6 http proxy header done
2026/09/21 02:12:20 [debug] 21357#0: *6 HTTP/1.1 200 OK
Server: nginx/1.29.1
Date: Sun, 20 Sep 2026 17:12:20 GMT
Content-Type: text/plain; charset=utf-8
Content-Length: 12
Connection: keep-alive
X-App-Name: http-echo
X-App-Version: 1.0.0

2026/09/21 02:12:20 [debug] 21357#0: *6 write new buf t:1 f:0 000057DE13690128, pos 000057DE13690128, size: 208 file: 0, size: 0
2026/09/21 02:12:20 [debug] 21357#0: *6 http write filter: l:0 f:0 s:208
2026/09/21 02:12:20 [debug] 21357#0: *6 http cacheable: 0
2026/09/21 02:12:20 [debug] 21357#0: *6 http proxy filter init s:200 h:0 c:0 l:12
2026/09/21 02:12:20 [debug] 21357#0: *6 http upstream process upstream
2026/09/21 02:12:20 [debug] 21357#0: *6 pipe read upstream: 0
2026/09/21 02:12:20 [debug] 21357#0: *6 pipe preread: 12
2026/09/21 02:12:20 [debug] 21357#0: *6 pipe buf free s:0 t:1 f:0 000057DE136B4420, pos 000057DE136B44C2, size: 12 file: 0, size: 0
2026/09/21 02:12:20 [debug] 21357#0: *6 pipe length: 12
2026/09/21 02:12:20 [debug] 21357#0: *6 input buf #0
2026/09/21 02:12:20 [debug] 21357#0: *6 pipe write downstream: 1
2026/09/21 02:12:20 [debug] 21357#0: *6 pipe write downstream flush in
2026/09/21 02:12:20 [debug] 21357#0: *6 http output filter "/normal/abcd?"
2026/09/21 02:12:20 [debug] 21357#0: *6 http copy filter: "/normal/abcd?"
2026/09/21 02:12:20 [debug] 21357#0: *6 http postpone filter "/normal/abcd?" 000057DE13690318
2026/09/21 02:12:20 [debug] 21357#0: *6 write old buf t:1 f:0 000057DE13690128, pos 000057DE13690128, size: 208 file: 0, size: 0
2026/09/21 02:12:20 [debug] 21357#0: *6 write new buf t:1 f:0 000057DE136B4420, pos 000057DE136B44C2, size: 12 file: 0, size: 0
2026/09/21 02:12:20 [debug] 21357#0: *6 http write filter: l:0 f:0 s:220
2026/09/21 02:12:20 [debug] 21357#0: *6 http copy filter: 0 "/normal/abcd?"
2026/09/21 02:12:20 [debug] 21357#0: *6 pipe write downstream done
2026/09/21 02:12:20 [debug] 21357#0: *6 event timer: 10, old: 21484718, new: 21484719
2026/09/21 02:12:20 [debug] 21357#0: *6 http upstream exit: 0000000000000000
2026/09/21 02:12:20 [debug] 21357#0: *6 finalize http upstream request: 0
2026/09/21 02:12:20 [debug] 21357#0: *6 finalize http proxy request
2026/09/21 02:12:20 [debug] 21357#0: *6 free rr peer 1 0
2026/09/21 02:12:20 [debug] 21357#0: *6 close http upstream connection: 10
2026/09/21 02:12:20 [debug] 21357#0: *6 free: 000057DE136871F0, unused: 48
2026/09/21 02:12:20 [debug] 21357#0: *6 event timer del: 10: 21484718
2026/09/21 02:12:20 [debug] 21357#0: *6 reusable connection: 0
2026/09/21 02:12:20 [debug] 21357#0: *6 http upstream temp fd: -1
2026/09/21 02:12:20 [debug] 21357#0: *6 http output filter "/normal/abcd?"
2026/09/21 02:12:20 [debug] 21357#0: *6 http copy filter: "/normal/abcd?"
2026/09/21 02:12:20 [debug] 21357#0: *6 http postpone filter "/normal/abcd?" 00007FFF85B32160
2026/09/21 02:12:20 [debug] 21357#0: *6 write old buf t:1 f:0 000057DE13690128, pos 000057DE13690128, size: 208 file: 0, size: 0
2026/09/21 02:12:20 [debug] 21357#0: *6 write old buf t:1 f:0 000057DE136B4420, pos 000057DE136B44C2, size: 12 file: 0, size: 0
2026/09/21 02:12:20 [debug] 21357#0: *6 write new buf t:0 f:0 0000000000000000, pos 0000000000000000, size: 0 file: 0, size: 0
2026/09/21 02:12:20 [debug] 21357#0: *6 http write filter: l:1 f:0 s:220
2026/09/21 02:12:20 [debug] 21357#0: *6 http write filter limit 2097152
2026/09/21 02:12:20 [debug] 21357#0: *6 writev: 220 of 220
2026/09/21 02:12:20 [debug] 21357#0: *6 http write filter 0000000000000000
2026/09/21 02:12:20 [debug] 21357#0: *6 http copy filter: 0 "/normal/abcd?"
2026/09/21 02:12:20 [debug] 21357#0: *6 http finalize request: 0, "/normal/abcd?" a:1, c:1
2026/09/21 02:12:20 [debug] 21357#0: *6 set http keepalive handler
2026/09/21 02:12:20 [debug] 21357#0: *6 http close request
2026/09/21 02:12:20 [debug] 21357#0: *6 http log handler
2026/09/21 02:12:20 [debug] 21357#0: *6 free: 000057DE136B4420
2026/09/21 02:12:20 [debug] 21357#0: *6 free: 000057DE13696CF0, unused: 0
2026/09/21 02:12:20 [debug] 21357#0: *6 free: 000057DE1368F4C0, unused: 2
2026/09/21 02:12:20 [debug] 21357#0: *6 free: 000057DE13686570
2026/09/21 02:12:20 [debug] 21357#0: *6 hc free: 0000000000000000
2026/09/21 02:12:20 [debug] 21357#0: *6 hc busy: 0000000000000000 0
2026/09/21 02:12:20 [debug] 21357#0: *6 tcp_nodelay
2026/09/21 02:12:20 [debug] 21357#0: *6 reusable connection: 1
2026/09/21 02:12:20 [debug] 21357#0: *6 event timer add: 3: 75000:21499719
2026/09/21 02:12:20 [debug] 21357#0: timer delta: 1
2026/09/21 02:12:20 [debug] 21357#0: worker cycle
2026/09/21 02:12:20 [debug] 21357#0: epoll timer: 75000
2026/09/21 02:12:20 [debug] 21357#0: epoll: fd:3 ev:2005 d:000057DE136AA5C1
2026/09/21 02:12:20 [debug] 21357#0: *6 http keepalive handler
2026/09/21 02:12:20 [debug] 21357#0: *6 malloc: 000057DE13686570:1024
2026/09/21 02:12:20 [debug] 21357#0: *6 recv: eof:1, avail:-1
2026/09/21 02:12:20 [debug] 21357#0: *6 recv: fd:3 0 of 1024
2026/09/21 02:12:20 [info] 21357#0: *6 client 127.0.0.1 closed keepalive connection
2026/09/21 02:12:20 [debug] 21357#0: *6 close http connection: 3
2026/09/21 02:12:20 [debug] 21357#0: *6 event timer del: 3: 21499719
2026/09/21 02:12:20 [debug] 21357#0: *6 reusable connection: 0
2026/09/21 02:12:20 [debug] 21357#0: *6 free: 000057DE13686570
2026/09/21 02:12:20 [debug] 21357#0: *6 free: 000057DE13686FE0, unused: 144
2026/09/21 02:12:20 [debug] 21357#0: timer delta: 2
2026/09/21 02:12:20 [debug] 21357#0: worker cycle
2026/09/21 02:12:20 [debug] 21357#0: epoll timer: -1
2026/09/21 02:12:22 [debug] 21357#0: epoll: fd:6 ev:0001 d:000057DE136AA400
2026/09/21 02:12:22 [debug] 21357#0: accept on 127.0.0.1:8080, ready: 0
2026/09/21 02:12:22 [debug] 21357#0: posix_memalign: 000057DE13686FE0:512 @16
2026/09/21 02:12:22 [debug] 21357#0: *8 accept: 127.0.0.1:54634 fd:3
2026/09/21 02:12:22 [debug] 21357#0: *8 event timer add: 3: 60000:21486766
2026/09/21 02:12:22 [debug] 21357#0: *8 reusable connection: 1
2026/09/21 02:12:22 [debug] 21357#0: *8 epoll add event: fd:3 op:1 ev:80002001
2026/09/21 02:12:22 [debug] 21357#0: timer delta: 2045
2026/09/21 02:12:22 [debug] 21357#0: worker cycle
2026/09/21 02:12:22 [debug] 21357#0: epoll timer: 60000
2026/09/21 02:12:22 [debug] 21357#0: epoll: fd:3 ev:0001 d:000057DE136AA5C0
2026/09/21 02:12:22 [debug] 21357#0: *8 http wait request handler
2026/09/21 02:12:22 [debug] 21357#0: *8 malloc: 000057DE13686570:1024
2026/09/21 02:12:22 [debug] 21357#0: *8 recv: eof:0, avail:-1
2026/09/21 02:12:22 [debug] 21357#0: *8 recv: fd:3 84 of 1024
2026/09/21 02:12:22 [debug] 21357#0: *8 reusable connection: 0
2026/09/21 02:12:22 [debug] 21357#0: *8 posix_memalign: 000057DE13696CF0:4096 @16
2026/09/21 02:12:22 [debug] 21357#0: *8 http process request line
2026/09/21 02:12:22 [debug] 21357#0: *8 http request line: "GET /normal/ HTTP/1.1"
2026/09/21 02:12:22 [debug] 21357#0: *8 http uri: "/normal/"
2026/09/21 02:12:22 [debug] 21357#0: *8 http args: ""
2026/09/21 02:12:22 [debug] 21357#0: *8 http exten: ""
2026/09/21 02:12:22 [debug] 21357#0: *8 posix_memalign: 000057DE1368F4C0:4096 @16
2026/09/21 02:12:22 [debug] 21357#0: *8 http process request header line
2026/09/21 02:12:22 [debug] 21357#0: *8 http header: "Host: 127.0.0.1:8080"
2026/09/21 02:12:22 [debug] 21357#0: *8 http header: "User-Agent: curl/8.5.0"
2026/09/21 02:12:22 [debug] 21357#0: *8 http header: "Accept: */*"
2026/09/21 02:12:22 [debug] 21357#0: *8 http header done
2026/09/21 02:12:22 [debug] 21357#0: *8 event timer del: 3: 21486766
2026/09/21 02:12:22 [debug] 21357#0: *8 rewrite phase: 0
2026/09/21 02:12:22 [debug] 21357#0: *8 test location: "/normal/"
2026/09/21 02:12:22 [debug] 21357#0: *8 using configuration "/normal/"
2026/09/21 02:12:22 [debug] 21357#0: *8 http cl:-1 max:1048576
2026/09/21 02:12:22 [debug] 21357#0: *8 rewrite phase: 2
2026/09/21 02:12:22 [debug] 21357#0: *8 post rewrite phase: 3
2026/09/21 02:12:22 [debug] 21357#0: *8 generic phase: 4
2026/09/21 02:12:22 [debug] 21357#0: *8 generic phase: 5
2026/09/21 02:12:22 [debug] 21357#0: *8 access phase: 6
2026/09/21 02:12:22 [debug] 21357#0: *8 access phase: 7
2026/09/21 02:12:22 [debug] 21357#0: *8 post access phase: 8
2026/09/21 02:12:22 [debug] 21357#0: *8 generic phase: 9
2026/09/21 02:12:22 [debug] 21357#0: *8 try files handler
2026/09/21 02:12:22 [debug] 21357#0: *8 trying to use file: "/normal/abcd" "/home/ksh/mydir/ngx-1.29.1/ngx-issues-983-debug/www/normal/abcd"
2026/09/21 02:12:22 [debug] 21357#0: *8 try file uri: "/normal/abcd"
2026/09/21 02:12:22 [debug] 21357#0: *8 generic phase: 10
2026/09/21 02:12:22 [debug] 21357#0: *8 http init upstream, client timer: 0
2026/09/21 02:12:22 [debug] 21357#0: *8 epoll add event: fd:3 op:3 ev:80002005
2026/09/21 02:12:22 [debug] 21357#0: *8 http script copy: "Host"
2026/09/21 02:12:22 [debug] 21357#0: *8 http script var: "127.0.0.1:9090"
2026/09/21 02:12:22 [debug] 21357#0: *8 http script copy: "Connection"
2026/09/21 02:12:22 [debug] 21357#0: *8 http script copy: "close"
2026/09/21 02:12:22 [debug] 21357#0: *8 http script copy: ""
2026/09/21 02:12:22 [debug] 21357#0: *8 http script copy: ""
2026/09/21 02:12:22 [debug] 21357#0: *8 http proxy header: "User-Agent: curl/8.5.0"
2026/09/21 02:12:22 [debug] 21357#0: *8 http proxy header: "Accept: */*"
2026/09/21 02:12:22 [debug] 21357#0: *8 http proxy header:
"GET /abcd HTTP/1.0
Host: 127.0.0.1:9090
Connection: close
User-Agent: curl/8.5.0
Accept: */*

"
2026/09/21 02:12:22 [debug] 21357#0: *8 http cleanup add: 000057DE1368FD98
2026/09/21 02:12:22 [debug] 21357#0: *8 get rr peer, try: 1
2026/09/21 02:12:22 [debug] 21357#0: *8 stream socket 10
2026/09/21 02:12:22 [debug] 21357#0: *8 epoll add connection: fd:10 ev:80002005
2026/09/21 02:12:22 [debug] 21357#0: *8 connect to 127.0.0.1:9090, fd:10 #9
2026/09/21 02:12:22 [debug] 21357#0: *8 http upstream connect: -2
2026/09/21 02:12:22 [debug] 21357#0: *8 posix_memalign: 000057DE136871F0:128 @16
2026/09/21 02:12:22 [debug] 21357#0: *8 event timer add: 10: 60000:21486767
2026/09/21 02:12:22 [debug] 21357#0: *8 http finalize request: -4, "/normal/abcd?" a:1, c:2
2026/09/21 02:12:22 [debug] 21357#0: *8 http request count:2 blk:0
2026/09/21 02:12:22 [debug] 21357#0: timer delta: 1
2026/09/21 02:12:22 [debug] 21357#0: worker cycle
2026/09/21 02:12:22 [debug] 21357#0: epoll timer: 60000
2026/09/21 02:12:22 [debug] 21357#0: epoll: fd:3 ev:0004 d:000057DE136AA5C0
2026/09/21 02:12:22 [debug] 21357#0: *8 http run request: "/normal/abcd?"
2026/09/21 02:12:22 [debug] 21357#0: *8 http upstream check client, write event:1, "/normal/abcd"
2026/09/21 02:12:22 [debug] 21357#0: epoll: fd:10 ev:0004 d:000057DE136AA6A1
2026/09/21 02:12:22 [debug] 21357#0: *8 http upstream request: "/normal/abcd?"
2026/09/21 02:12:22 [debug] 21357#0: *8 http upstream send request handler
2026/09/21 02:12:22 [debug] 21357#0: *8 http upstream send request
2026/09/21 02:12:22 [debug] 21357#0: *8 http upstream send request body
2026/09/21 02:12:22 [debug] 21357#0: *8 chain writer buf fl:1 s:100
2026/09/21 02:12:22 [debug] 21357#0: *8 chain writer in: 000057DE13697CE0
2026/09/21 02:12:22 [debug] 21357#0: *8 writev: 100 of 100
2026/09/21 02:12:22 [debug] 21357#0: *8 chain writer out: 0000000000000000
2026/09/21 02:12:22 [debug] 21357#0: *8 event timer del: 10: 21486767
2026/09/21 02:12:22 [debug] 21357#0: *8 event timer add: 10: 60000:21486768
2026/09/21 02:12:22 [debug] 21357#0: timer delta: 1
2026/09/21 02:12:22 [debug] 21357#0: worker cycle
2026/09/21 02:12:22 [debug] 21357#0: epoll timer: 60000
2026/09/21 02:12:22 [debug] 21357#0: epoll: fd:10 ev:0005 d:000057DE136AA6A1
2026/09/21 02:12:22 [debug] 21357#0: *8 http upstream request: "/normal/abcd?"
2026/09/21 02:12:22 [debug] 21357#0: *8 http upstream process header
2026/09/21 02:12:22 [debug] 21357#0: *8 malloc: 000057DE136B4420:4096
2026/09/21 02:12:22 [debug] 21357#0: *8 recv: eof:0, avail:-1
2026/09/21 02:12:22 [debug] 21357#0: *8 recv: fd:10 174 of 4096
2026/09/21 02:12:22 [debug] 21357#0: *8 http proxy status 200 "200 OK"
2026/09/21 02:12:22 [debug] 21357#0: *8 http proxy header: "X-App-Name: http-echo"
2026/09/21 02:12:22 [debug] 21357#0: *8 http proxy header: "X-App-Version: 1.0.0"
2026/09/21 02:12:22 [debug] 21357#0: *8 http proxy header: "Date: Sun, 20 Sep 2026 17:12:22 GMT"
2026/09/21 02:12:22 [debug] 21357#0: *8 http proxy header: "Content-Length: 12"
2026/09/21 02:12:22 [debug] 21357#0: *8 http proxy header: "Content-Type: text/plain; charset=utf-8"
2026/09/21 02:12:22 [debug] 21357#0: *8 http proxy header done
2026/09/21 02:12:22 [debug] 21357#0: *8 HTTP/1.1 200 OK
Server: nginx/1.29.1
Date: Sun, 20 Sep 2026 17:12:22 GMT
Content-Type: text/plain; charset=utf-8
Content-Length: 12
Connection: keep-alive
X-App-Name: http-echo
X-App-Version: 1.0.0

2026/09/21 02:12:22 [debug] 21357#0: *8 write new buf t:1 f:0 000057DE13690128, pos 000057DE13690128, size: 208 file: 0, size: 0
2026/09/21 02:12:22 [debug] 21357#0: *8 http write filter: l:0 f:0 s:208
2026/09/21 02:12:22 [debug] 21357#0: *8 http cacheable: 0
2026/09/21 02:12:22 [debug] 21357#0: *8 http proxy filter init s:200 h:0 c:0 l:12
2026/09/21 02:12:22 [debug] 21357#0: *8 http upstream process upstream
2026/09/21 02:12:22 [debug] 21357#0: *8 pipe read upstream: 0
2026/09/21 02:12:22 [debug] 21357#0: *8 pipe preread: 12
2026/09/21 02:12:22 [debug] 21357#0: *8 pipe buf free s:0 t:1 f:0 000057DE136B4420, pos 000057DE136B44C2, size: 12 file: 0, size: 0
2026/09/21 02:12:22 [debug] 21357#0: *8 pipe length: 12
2026/09/21 02:12:22 [debug] 21357#0: *8 input buf #0
2026/09/21 02:12:22 [debug] 21357#0: *8 pipe write downstream: 1
2026/09/21 02:12:22 [debug] 21357#0: *8 pipe write downstream flush in
2026/09/21 02:12:22 [debug] 21357#0: *8 http output filter "/normal/abcd?"
2026/09/21 02:12:22 [debug] 21357#0: *8 http copy filter: "/normal/abcd?"
2026/09/21 02:12:22 [debug] 21357#0: *8 http postpone filter "/normal/abcd?" 000057DE13690318
2026/09/21 02:12:22 [debug] 21357#0: *8 write old buf t:1 f:0 000057DE13690128, pos 000057DE13690128, size: 208 file: 0, size: 0
2026/09/21 02:12:22 [debug] 21357#0: *8 write new buf t:1 f:0 000057DE136B4420, pos 000057DE136B44C2, size: 12 file: 0, size: 0
2026/09/21 02:12:22 [debug] 21357#0: *8 http write filter: l:0 f:0 s:220
2026/09/21 02:12:22 [debug] 21357#0: *8 http copy filter: 0 "/normal/abcd?"
2026/09/21 02:12:22 [debug] 21357#0: *8 pipe write downstream done
2026/09/21 02:12:22 [debug] 21357#0: *8 event timer: 10, old: 21486768, new: 21486769
2026/09/21 02:12:22 [debug] 21357#0: *8 http upstream exit: 0000000000000000
2026/09/21 02:12:22 [debug] 21357#0: *8 finalize http upstream request: 0
2026/09/21 02:12:22 [debug] 21357#0: *8 finalize http proxy request
2026/09/21 02:12:22 [debug] 21357#0: *8 free rr peer 1 0
2026/09/21 02:12:22 [debug] 21357#0: *8 close http upstream connection: 10
2026/09/21 02:12:22 [debug] 21357#0: *8 free: 000057DE136871F0, unused: 48
2026/09/21 02:12:22 [debug] 21357#0: *8 event timer del: 10: 21486768
2026/09/21 02:12:22 [debug] 21357#0: *8 reusable connection: 0
2026/09/21 02:12:22 [debug] 21357#0: *8 http upstream temp fd: -1
2026/09/21 02:12:22 [debug] 21357#0: *8 http output filter "/normal/abcd?"
2026/09/21 02:12:22 [debug] 21357#0: *8 http copy filter: "/normal/abcd?"
2026/09/21 02:12:22 [debug] 21357#0: *8 http postpone filter "/normal/abcd?" 00007FFF85B32160
2026/09/21 02:12:22 [debug] 21357#0: *8 write old buf t:1 f:0 000057DE13690128, pos 000057DE13690128, size: 208 file: 0, size: 0
2026/09/21 02:12:22 [debug] 21357#0: *8 write old buf t:1 f:0 000057DE136B4420, pos 000057DE136B44C2, size: 12 file: 0, size: 0
2026/09/21 02:12:22 [debug] 21357#0: *8 write new buf t:0 f:0 0000000000000000, pos 0000000000000000, size: 0 file: 0, size: 0
2026/09/21 02:12:22 [debug] 21357#0: *8 http write filter: l:1 f:0 s:220
2026/09/21 02:12:22 [debug] 21357#0: *8 http write filter limit 2097152
2026/09/21 02:12:22 [debug] 21357#0: *8 writev: 220 of 220
2026/09/21 02:12:22 [debug] 21357#0: *8 http write filter 0000000000000000
2026/09/21 02:12:22 [debug] 21357#0: *8 http copy filter: 0 "/normal/abcd?"
2026/09/21 02:12:22 [debug] 21357#0: *8 http finalize request: 0, "/normal/abcd?" a:1, c:1
2026/09/21 02:12:22 [debug] 21357#0: *8 set http keepalive handler
2026/09/21 02:12:22 [debug] 21357#0: *8 http close request
2026/09/21 02:12:22 [debug] 21357#0: *8 http log handler
2026/09/21 02:12:22 [debug] 21357#0: *8 free: 000057DE136B4420
2026/09/21 02:12:22 [debug] 21357#0: *8 free: 000057DE13696CF0, unused: 0
2026/09/21 02:12:22 [debug] 21357#0: *8 free: 000057DE1368F4C0, unused: 2
2026/09/21 02:12:22 [debug] 21357#0: *8 free: 000057DE13686570
2026/09/21 02:12:22 [debug] 21357#0: *8 hc free: 0000000000000000
2026/09/21 02:12:22 [debug] 21357#0: *8 hc busy: 0000000000000000 0
2026/09/21 02:12:22 [debug] 21357#0: *8 tcp_nodelay
2026/09/21 02:12:22 [debug] 21357#0: *8 reusable connection: 1
2026/09/21 02:12:22 [debug] 21357#0: *8 event timer add: 3: 75000:21501769
2026/09/21 02:12:22 [debug] 21357#0: timer delta: 1
2026/09/21 02:12:22 [debug] 21357#0: worker cycle
2026/09/21 02:12:22 [debug] 21357#0: epoll timer: 75000
2026/09/21 02:12:22 [debug] 21357#0: epoll: fd:3 ev:2005 d:000057DE136AA5C0
2026/09/21 02:12:22 [debug] 21357#0: *8 http keepalive handler
2026/09/21 02:12:22 [debug] 21357#0: *8 malloc: 000057DE13686570:1024
2026/09/21 02:12:22 [debug] 21357#0: *8 recv: eof:1, avail:-1
2026/09/21 02:12:22 [debug] 21357#0: *8 recv: fd:3 0 of 1024
2026/09/21 02:12:22 [info] 21357#0: *8 client 127.0.0.1 closed keepalive connection
2026/09/21 02:12:22 [debug] 21357#0: *8 close http connection: 3
2026/09/21 02:12:22 [debug] 21357#0: *8 event timer del: 3: 21501769
2026/09/21 02:12:22 [debug] 21357#0: *8 reusable connection: 0
2026/09/21 02:12:22 [debug] 21357#0: *8 free: 000057DE13686570
2026/09/21 02:12:22 [debug] 21357#0: *8 free: 000057DE13686FE0, unused: 144
2026/09/21 02:12:22 [debug] 21357#0: timer delta: 1
2026/09/21 02:12:22 [debug] 21357#0: worker cycle
2026/09/21 02:12:22 [debug] 21357#0: epoll timer: -1
2026/09/21 02:12:24 [debug] 21357#0: epoll: fd:6 ev:0001 d:000057DE136AA400
2026/09/21 02:12:24 [debug] 21357#0: accept on 127.0.0.1:8080, ready: 0
2026/09/21 02:12:24 [debug] 21357#0: posix_memalign: 000057DE13686FE0:512 @16
2026/09/21 02:12:24 [debug] 21357#0: *10 accept: 127.0.0.1:54642 fd:3
2026/09/21 02:12:24 [debug] 21357#0: *10 event timer add: 3: 60000:21488355
2026/09/21 02:12:24 [debug] 21357#0: *10 reusable connection: 1
2026/09/21 02:12:24 [debug] 21357#0: *10 epoll add event: fd:3 op:1 ev:80002001
2026/09/21 02:12:24 [debug] 21357#0: timer delta: 1585
2026/09/21 02:12:24 [debug] 21357#0: worker cycle
2026/09/21 02:12:24 [debug] 21357#0: epoll timer: 60000
2026/09/21 02:12:24 [debug] 21357#0: epoll: fd:3 ev:0001 d:000057DE136AA5C1
2026/09/21 02:12:24 [debug] 21357#0: *10 http wait request handler
2026/09/21 02:12:24 [debug] 21357#0: *10 malloc: 000057DE13686570:1024
2026/09/21 02:12:24 [debug] 21357#0: *10 recv: eof:0, avail:-1
2026/09/21 02:12:24 [debug] 21357#0: *10 recv: fd:3 84 of 1024
2026/09/21 02:12:24 [debug] 21357#0: *10 reusable connection: 0
2026/09/21 02:12:24 [debug] 21357#0: *10 posix_memalign: 000057DE13696CF0:4096 @16
2026/09/21 02:12:24 [debug] 21357#0: *10 http process request line
2026/09/21 02:12:24 [debug] 21357#0: *10 http request line: "GET /normal/ HTTP/1.1"
2026/09/21 02:12:24 [debug] 21357#0: *10 http uri: "/normal/"
2026/09/21 02:12:24 [debug] 21357#0: *10 http args: ""
2026/09/21 02:12:24 [debug] 21357#0: *10 http exten: ""
2026/09/21 02:12:24 [debug] 21357#0: *10 posix_memalign: 000057DE1368F4C0:4096 @16
2026/09/21 02:12:24 [debug] 21357#0: *10 http process request header line
2026/09/21 02:12:24 [debug] 21357#0: *10 http header: "Host: 127.0.0.1:8080"
2026/09/21 02:12:24 [debug] 21357#0: *10 http header: "User-Agent: curl/8.5.0"
2026/09/21 02:12:24 [debug] 21357#0: *10 http header: "Accept: */*"
2026/09/21 02:12:24 [debug] 21357#0: *10 http header done
2026/09/21 02:12:24 [debug] 21357#0: *10 event timer del: 3: 21488355
2026/09/21 02:12:24 [debug] 21357#0: *10 rewrite phase: 0
2026/09/21 02:12:24 [debug] 21357#0: *10 test location: "/normal/"
2026/09/21 02:12:24 [debug] 21357#0: *10 using configuration "/normal/"
2026/09/21 02:12:24 [debug] 21357#0: *10 http cl:-1 max:1048576
2026/09/21 02:12:24 [debug] 21357#0: *10 rewrite phase: 2
2026/09/21 02:12:24 [debug] 21357#0: *10 post rewrite phase: 3
2026/09/21 02:12:24 [debug] 21357#0: *10 generic phase: 4
2026/09/21 02:12:24 [debug] 21357#0: *10 generic phase: 5
2026/09/21 02:12:24 [debug] 21357#0: *10 access phase: 6
2026/09/21 02:12:24 [debug] 21357#0: *10 access phase: 7
2026/09/21 02:12:24 [debug] 21357#0: *10 post access phase: 8
2026/09/21 02:12:24 [debug] 21357#0: *10 generic phase: 9
2026/09/21 02:12:24 [debug] 21357#0: *10 try files handler
2026/09/21 02:12:24 [debug] 21357#0: *10 trying to use file: "/normal/abcd" "/home/ksh/mydir/ngx-1.29.1/ngx-issues-983-debug/www/normal/abcd"
2026/09/21 02:12:24 [debug] 21357#0: *10 try file uri: "/normal/abcd"
2026/09/21 02:12:24 [debug] 21357#0: *10 generic phase: 10
2026/09/21 02:12:24 [debug] 21357#0: *10 http init upstream, client timer: 0
2026/09/21 02:12:24 [debug] 21357#0: *10 epoll add event: fd:3 op:3 ev:80002005
2026/09/21 02:12:24 [debug] 21357#0: *10 http script copy: "Host"
2026/09/21 02:12:24 [debug] 21357#0: *10 http script var: "127.0.0.1:9090"
2026/09/21 02:12:24 [debug] 21357#0: *10 http script copy: "Connection"
2026/09/21 02:12:24 [debug] 21357#0: *10 http script copy: "close"
2026/09/21 02:12:24 [debug] 21357#0: *10 http script copy: ""
2026/09/21 02:12:24 [debug] 21357#0: *10 http script copy: ""
2026/09/21 02:12:24 [debug] 21357#0: *10 http proxy header: "User-Agent: curl/8.5.0"
2026/09/21 02:12:24 [debug] 21357#0: *10 http proxy header: "Accept: */*"
2026/09/21 02:12:24 [debug] 21357#0: *10 http proxy header:
"GET /abcd HTTP/1.0
Host: 127.0.0.1:9090
Connection: close
User-Agent: curl/8.5.0
Accept: */*

"
2026/09/21 02:12:24 [debug] 21357#0: *10 http cleanup add: 000057DE1368FD98
2026/09/21 02:12:24 [debug] 21357#0: *10 get rr peer, try: 1
2026/09/21 02:12:24 [debug] 21357#0: *10 stream socket 10
2026/09/21 02:12:24 [debug] 21357#0: *10 epoll add connection: fd:10 ev:80002005
2026/09/21 02:12:24 [debug] 21357#0: *10 connect to 127.0.0.1:9090, fd:10 #11
2026/09/21 02:12:24 [debug] 21357#0: *10 http upstream connect: -2
2026/09/21 02:12:24 [debug] 21357#0: *10 posix_memalign: 000057DE136871F0:128 @16
2026/09/21 02:12:24 [debug] 21357#0: *10 event timer add: 10: 60000:21488355
2026/09/21 02:12:24 [debug] 21357#0: *10 http finalize request: -4, "/normal/abcd?" a:1, c:2
2026/09/21 02:12:24 [debug] 21357#0: *10 http request count:2 blk:0
2026/09/21 02:12:24 [debug] 21357#0: timer delta: 0
2026/09/21 02:12:24 [debug] 21357#0: worker cycle
2026/09/21 02:12:24 [debug] 21357#0: epoll timer: 60000
2026/09/21 02:12:24 [debug] 21357#0: epoll: fd:3 ev:0004 d:000057DE136AA5C1
2026/09/21 02:12:24 [debug] 21357#0: *10 http run request: "/normal/abcd?"
2026/09/21 02:12:24 [debug] 21357#0: *10 http upstream check client, write event:1, "/normal/abcd"
2026/09/21 02:12:24 [debug] 21357#0: epoll: fd:10 ev:0004 d:000057DE136AA6A0
2026/09/21 02:12:24 [debug] 21357#0: *10 http upstream request: "/normal/abcd?"
2026/09/21 02:12:24 [debug] 21357#0: *10 http upstream send request handler
2026/09/21 02:12:24 [debug] 21357#0: *10 http upstream send request
2026/09/21 02:12:24 [debug] 21357#0: *10 http upstream send request body
2026/09/21 02:12:24 [debug] 21357#0: *10 chain writer buf fl:1 s:100
2026/09/21 02:12:24 [debug] 21357#0: *10 chain writer in: 000057DE13697CE0
2026/09/21 02:12:24 [debug] 21357#0: *10 writev: 100 of 100
2026/09/21 02:12:24 [debug] 21357#0: *10 chain writer out: 0000000000000000
2026/09/21 02:12:24 [debug] 21357#0: *10 event timer del: 10: 21488355
2026/09/21 02:12:24 [debug] 21357#0: *10 event timer add: 10: 60000:21488356
2026/09/21 02:12:24 [debug] 21357#0: timer delta: 1
2026/09/21 02:12:24 [debug] 21357#0: worker cycle
2026/09/21 02:12:24 [debug] 21357#0: epoll timer: 60000
2026/09/21 02:12:24 [debug] 21357#0: epoll: fd:10 ev:0005 d:000057DE136AA6A0
2026/09/21 02:12:24 [debug] 21357#0: *10 http upstream request: "/normal/abcd?"
2026/09/21 02:12:24 [debug] 21357#0: *10 http upstream process header
2026/09/21 02:12:24 [debug] 21357#0: *10 malloc: 000057DE136B4420:4096
2026/09/21 02:12:24 [debug] 21357#0: *10 recv: eof:0, avail:-1
2026/09/21 02:12:24 [debug] 21357#0: *10 recv: fd:10 174 of 4096
2026/09/21 02:12:24 [debug] 21357#0: *10 http proxy status 200 "200 OK"
2026/09/21 02:12:24 [debug] 21357#0: *10 http proxy header: "X-App-Name: http-echo"
2026/09/21 02:12:24 [debug] 21357#0: *10 http proxy header: "X-App-Version: 1.0.0"
2026/09/21 02:12:24 [debug] 21357#0: *10 http proxy header: "Date: Sun, 20 Sep 2026 17:12:24 GMT"
2026/09/21 02:12:24 [debug] 21357#0: *10 http proxy header: "Content-Length: 12"
2026/09/21 02:12:24 [debug] 21357#0: *10 http proxy header: "Content-Type: text/plain; charset=utf-8"
2026/09/21 02:12:24 [debug] 21357#0: *10 http proxy header done
2026/09/21 02:12:24 [debug] 21357#0: *10 HTTP/1.1 200 OK
Server: nginx/1.29.1
Date: Sun, 20 Sep 2026 17:12:24 GMT
Content-Type: text/plain; charset=utf-8
Content-Length: 12
Connection: keep-alive
X-App-Name: http-echo
X-App-Version: 1.0.0

2026/09/21 02:12:24 [debug] 21357#0: *10 write new buf t:1 f:0 000057DE13690128, pos 000057DE13690128, size: 208 file: 0, size: 0
2026/09/21 02:12:24 [debug] 21357#0: *10 http write filter: l:0 f:0 s:208
2026/09/21 02:12:24 [debug] 21357#0: *10 http cacheable: 0
2026/09/21 02:12:24 [debug] 21357#0: *10 http proxy filter init s:200 h:0 c:0 l:12
2026/09/21 02:12:24 [debug] 21357#0: *10 http upstream process upstream
2026/09/21 02:12:24 [debug] 21357#0: *10 pipe read upstream: 0
2026/09/21 02:12:24 [debug] 21357#0: *10 pipe preread: 12
2026/09/21 02:12:24 [debug] 21357#0: *10 pipe buf free s:0 t:1 f:0 000057DE136B4420, pos 000057DE136B44C2, size: 12 file: 0, size: 0
2026/09/21 02:12:24 [debug] 21357#0: *10 pipe length: 12
2026/09/21 02:12:24 [debug] 21357#0: *10 input buf #0
2026/09/21 02:12:24 [debug] 21357#0: *10 pipe write downstream: 1
2026/09/21 02:12:24 [debug] 21357#0: *10 pipe write downstream flush in
2026/09/21 02:12:24 [debug] 21357#0: *10 http output filter "/normal/abcd?"
2026/09/21 02:12:24 [debug] 21357#0: *10 http copy filter: "/normal/abcd?"
2026/09/21 02:12:24 [debug] 21357#0: *10 http postpone filter "/normal/abcd?" 000057DE13690318
2026/09/21 02:12:24 [debug] 21357#0: *10 write old buf t:1 f:0 000057DE13690128, pos 000057DE13690128, size: 208 file: 0, size: 0
2026/09/21 02:12:24 [debug] 21357#0: *10 write new buf t:1 f:0 000057DE136B4420, pos 000057DE136B44C2, size: 12 file: 0, size: 0
2026/09/21 02:12:24 [debug] 21357#0: *10 http write filter: l:0 f:0 s:220
2026/09/21 02:12:24 [debug] 21357#0: *10 http copy filter: 0 "/normal/abcd?"
2026/09/21 02:12:24 [debug] 21357#0: *10 pipe write downstream done
2026/09/21 02:12:24 [debug] 21357#0: *10 event timer: 10, old: 21488356, new: 21488357
2026/09/21 02:12:24 [debug] 21357#0: *10 http upstream exit: 0000000000000000
2026/09/21 02:12:24 [debug] 21357#0: *10 finalize http upstream request: 0
2026/09/21 02:12:24 [debug] 21357#0: *10 finalize http proxy request
2026/09/21 02:12:24 [debug] 21357#0: *10 free rr peer 1 0
2026/09/21 02:12:24 [debug] 21357#0: *10 close http upstream connection: 10
2026/09/21 02:12:24 [debug] 21357#0: *10 free: 000057DE136871F0, unused: 48
2026/09/21 02:12:24 [debug] 21357#0: *10 event timer del: 10: 21488356
2026/09/21 02:12:24 [debug] 21357#0: *10 reusable connection: 0
2026/09/21 02:12:24 [debug] 21357#0: *10 http upstream temp fd: -1
2026/09/21 02:12:24 [debug] 21357#0: *10 http output filter "/normal/abcd?"
2026/09/21 02:12:24 [debug] 21357#0: *10 http copy filter: "/normal/abcd?"
2026/09/21 02:12:24 [debug] 21357#0: *10 http postpone filter "/normal/abcd?" 00007FFF85B32160
2026/09/21 02:12:24 [debug] 21357#0: *10 write old buf t:1 f:0 000057DE13690128, pos 000057DE13690128, size: 208 file: 0, size: 0
2026/09/21 02:12:24 [debug] 21357#0: *10 write old buf t:1 f:0 000057DE136B4420, pos 000057DE136B44C2, size: 12 file: 0, size: 0
2026/09/21 02:12:24 [debug] 21357#0: *10 write new buf t:0 f:0 0000000000000000, pos 0000000000000000, size: 0 file: 0, size: 0
2026/09/21 02:12:24 [debug] 21357#0: *10 http write filter: l:1 f:0 s:220
2026/09/21 02:12:24 [debug] 21357#0: *10 http write filter limit 2097152
2026/09/21 02:12:24 [debug] 21357#0: *10 writev: 220 of 220
2026/09/21 02:12:24 [debug] 21357#0: *10 http write filter 0000000000000000
2026/09/21 02:12:24 [debug] 21357#0: *10 http copy filter: 0 "/normal/abcd?"
2026/09/21 02:12:24 [debug] 21357#0: *10 http finalize request: 0, "/normal/abcd?" a:1, c:1
2026/09/21 02:12:24 [debug] 21357#0: *10 set http keepalive handler
2026/09/21 02:12:24 [debug] 21357#0: *10 http close request
2026/09/21 02:12:24 [debug] 21357#0: *10 http log handler
2026/09/21 02:12:24 [debug] 21357#0: *10 free: 000057DE136B4420
2026/09/21 02:12:24 [debug] 21357#0: *10 free: 000057DE13696CF0, unused: 0
2026/09/21 02:12:24 [debug] 21357#0: *10 free: 000057DE1368F4C0, unused: 2
2026/09/21 02:12:24 [debug] 21357#0: *10 free: 000057DE13686570
2026/09/21 02:12:24 [debug] 21357#0: *10 hc free: 0000000000000000
2026/09/21 02:12:24 [debug] 21357#0: *10 hc busy: 0000000000000000 0
2026/09/21 02:12:24 [debug] 21357#0: *10 tcp_nodelay
2026/09/21 02:12:24 [debug] 21357#0: *10 reusable connection: 1
2026/09/21 02:12:24 [debug] 21357#0: *10 event timer add: 3: 75000:21503357
2026/09/21 02:12:24 [debug] 21357#0: timer delta: 1
2026/09/21 02:12:24 [debug] 21357#0: worker cycle
2026/09/21 02:12:24 [debug] 21357#0: epoll timer: 75000
2026/09/21 02:12:24 [debug] 21357#0: epoll: fd:3 ev:2005 d:000057DE136AA5C1
2026/09/21 02:12:24 [debug] 21357#0: *10 http keepalive handler
2026/09/21 02:12:24 [debug] 21357#0: *10 malloc: 000057DE13686570:1024
2026/09/21 02:12:24 [debug] 21357#0: *10 recv: eof:1, avail:-1
2026/09/21 02:12:24 [debug] 21357#0: *10 recv: fd:3 0 of 1024
2026/09/21 02:12:24 [info] 21357#0: *10 client 127.0.0.1 closed keepalive connection
2026/09/21 02:12:24 [debug] 21357#0: *10 close http connection: 3
2026/09/21 02:12:24 [debug] 21357#0: *10 event timer del: 3: 21503357
2026/09/21 02:12:24 [debug] 21357#0: *10 reusable connection: 0
2026/09/21 02:12:24 [debug] 21357#0: *10 free: 000057DE13686570
2026/09/21 02:12:24 [debug] 21357#0: *10 free: 000057DE13686FE0, unused: 144
2026/09/21 02:12:24 [debug] 21357#0: timer delta: 1
2026/09/21 02:12:24 [debug] 21357#0: worker cycle
2026/09/21 02:12:24 [debug] 21357#0: epoll timer: -1
2026/09/21 02:12:33 [debug] 21357#0: epoll: fd:6 ev:0001 d:000057DE136AA400
2026/09/21 02:12:33 [debug] 21357#0: accept on 127.0.0.1:8080, ready: 0
2026/09/21 02:12:33 [debug] 21357#0: posix_memalign: 000057DE13686FE0:512 @16
2026/09/21 02:12:33 [debug] 21357#0: *12 accept: 127.0.0.1:54352 fd:3
2026/09/21 02:12:33 [debug] 21357#0: *12 event timer add: 3: 60000:21497975
2026/09/21 02:12:33 [debug] 21357#0: *12 reusable connection: 1
2026/09/21 02:12:33 [debug] 21357#0: *12 epoll add event: fd:3 op:1 ev:80002001
2026/09/21 02:12:33 [debug] 21357#0: timer delta: 9617
2026/09/21 02:12:33 [debug] 21357#0: worker cycle
2026/09/21 02:12:33 [debug] 21357#0: epoll timer: 60000
2026/09/21 02:12:33 [debug] 21357#0: epoll: fd:3 ev:0001 d:000057DE136AA5C0
2026/09/21 02:12:33 [debug] 21357#0: *12 http wait request handler
2026/09/21 02:12:33 [debug] 21357#0: *12 malloc: 000057DE13686570:1024
2026/09/21 02:12:33 [debug] 21357#0: *12 recv: eof:0, avail:-1
2026/09/21 02:12:33 [debug] 21357#0: *12 recv: fd:3 82 of 1024
2026/09/21 02:12:33 [debug] 21357#0: *12 reusable connection: 0
2026/09/21 02:12:33 [debug] 21357#0: *12 posix_memalign: 000057DE13696CF0:4096 @16
2026/09/21 02:12:33 [debug] 21357#0: *12 http process request line
2026/09/21 02:12:33 [debug] 21357#0: *12 http request line: "GET /ttll/ HTTP/1.1"
2026/09/21 02:12:33 [debug] 21357#0: *12 http uri: "/ttll/"
2026/09/21 02:12:33 [debug] 21357#0: *12 http args: ""
2026/09/21 02:12:33 [debug] 21357#0: *12 http exten: ""
2026/09/21 02:12:33 [debug] 21357#0: *12 posix_memalign: 000057DE1368F4C0:4096 @16
2026/09/21 02:12:33 [debug] 21357#0: *12 http process request header line
2026/09/21 02:12:33 [debug] 21357#0: *12 http header: "Host: 127.0.0.1:8080"
2026/09/21 02:12:33 [debug] 21357#0: *12 http header: "User-Agent: curl/8.5.0"
2026/09/21 02:12:33 [debug] 21357#0: *12 http header: "Accept: */*"
2026/09/21 02:12:33 [debug] 21357#0: *12 http header done
2026/09/21 02:12:33 [debug] 21357#0: *12 event timer del: 3: 21497975
2026/09/21 02:12:33 [debug] 21357#0: *12 rewrite phase: 0
2026/09/21 02:12:33 [debug] 21357#0: *12 test location: "/normal/"
2026/09/21 02:12:33 [debug] 21357#0: *12 test location: "/ttll/"
2026/09/21 02:12:33 [debug] 21357#0: *12 using configuration "/ttll/"
2026/09/21 02:12:33 [debug] 21357#0: *12 http cl:-1 max:1048576
2026/09/21 02:12:33 [debug] 21357#0: *12 rewrite phase: 2
2026/09/21 02:12:33 [debug] 21357#0: *12 post rewrite phase: 3
2026/09/21 02:12:33 [debug] 21357#0: *12 generic phase: 4
2026/09/21 02:12:33 [debug] 21357#0: *12 generic phase: 5
2026/09/21 02:12:33 [debug] 21357#0: *12 access phase: 6
2026/09/21 02:12:33 [debug] 21357#0: *12 access phase: 7
2026/09/21 02:12:33 [debug] 21357#0: *12 post access phase: 8
2026/09/21 02:12:33 [debug] 21357#0: *12 generic phase: 9
2026/09/21 02:12:33 [debug] 21357#0: *12 try files handler
2026/09/21 02:12:33 [debug] 21357#0: *12 trying to use file: "/abcd" "/home/ksh/mydir/ngx-1.29.1/ngx-issues-983-debug/www/abcd"
2026/09/21 02:12:33 [debug] 21357#0: *12 try file uri: "/abcd"
2026/09/21 02:12:33 [debug] 21357#0: *12 generic phase: 10
2026/09/21 02:12:33 [debug] 21357#0: *12 http init upstream, client timer: 0
2026/09/21 02:12:33 [debug] 21357#0: *12 epoll add event: fd:3 op:3 ev:80002005
2026/09/21 02:12:33 [debug] 21357#0: *12 http script copy: "Host"
2026/09/21 02:12:33 [debug] 21357#0: *12 http script var: "127.0.0.1:9090"
2026/09/21 02:12:33 [debug] 21357#0: *12 http script copy: "Connection"
2026/09/21 02:12:33 [debug] 21357#0: *12 http script copy: "close"
2026/09/21 02:12:33 [debug] 21357#0: *12 http script copy: ""
2026/09/21 02:12:33 [debug] 21357#0: *12 http script copy: ""
2026/09/21 02:12:33 [debug] 21357#0: *12 http proxy header: "User-Agent: curl/8.5.0"
2026/09/21 02:12:33 [debug] 21357#0: *12 http proxy header: "Accept: */*"
2026/09/21 02:12:34 [notice] 21356#0: signal 17 (SIGCHLD) received from 21357
2026/09/21 02:12:34 [alert] 21356#0: worker process 21357 exited on signal 11 (core dumped)
2026/09/21 02:12:34 [debug] 21356#0: shmtx forced unlock
2026/09/21 02:12:34 [debug] 21356#0: wake up, sigio 0
2026/09/21 02:12:34 [debug] 21356#0: reap children
2026/09/21 02:12:34 [debug] 21356#0: child: 0 21357 e:0 t:1 d:0 r:1 j:0
2026/09/21 02:12:34 [debug] 21356#0: channel 3:7
2026/09/21 02:12:34 [notice] 21356#0: start worker process 21543
2026/09/21 02:12:34 [debug] 21356#0: sigsuspend
2026/09/21 02:12:34 [debug] 21543#0: add cleanup: 000057DE136A6A00
2026/09/21 02:12:34 [debug] 21543#0: malloc: 000057DE13686FC0:8
2026/09/21 02:12:34 [debug] 21543#0: notify eventfd: 9
2026/09/21 02:12:34 [debug] 21543#0: testing the EPOLLRDHUP flag: success
2026/09/21 02:12:34 [debug] 21543#0: malloc: 000057DE136954E0:6144
2026/09/21 02:12:34 [debug] 21543#0: malloc: 000057DE136AA400:28672
2026/09/21 02:12:34 [debug] 21543#0: malloc: 000057DE1368C4B0:12288
2026/09/21 02:12:34 [debug] 21543#0: malloc: 000057DE136B1410:12288
2026/09/21 02:12:34 [debug] 21543#0: epoll add event: fd:6 op:1 ev:00002001
2026/09/21 02:12:34 [debug] 21543#0: epoll add event: fd:7 op:1 ev:00002001
2026/09/21 02:12:34 [debug] 21543#0: setproctitle: "nginx: worker process"
2026/09/21 02:12:34 [debug] 21543#0: worker cycle
2026/09/21 02:12:34 [debug] 21543#0: epoll timer: -1
2026/09/21 02:12:44 [debug] 21543#0: epoll: fd:6 ev:0001 d:000057DE136AA400
2026/09/21 02:12:44 [debug] 21543#0: accept on 127.0.0.1:8080, ready: 0
2026/09/21 02:12:44 [debug] 21543#0: posix_memalign: 000057DE13686FE0:512 @16
2026/09/21 02:12:44 [debug] 21543#0: *13 accept: 127.0.0.1:32848 fd:3
2026/09/21 02:12:44 [debug] 21543#0: *13 event timer add: 3: 60000:21508772
2026/09/21 02:12:44 [debug] 21543#0: *13 reusable connection: 1
2026/09/21 02:12:44 [debug] 21543#0: *13 epoll add event: fd:3 op:1 ev:80002001
2026/09/21 02:12:44 [debug] 21543#0: timer delta: 10382
2026/09/21 02:12:44 [debug] 21543#0: worker cycle
2026/09/21 02:12:44 [debug] 21543#0: epoll timer: 60000
2026/09/21 02:12:44 [debug] 21543#0: epoll: fd:3 ev:0001 d:000057DE136AA5C0
2026/09/21 02:12:44 [debug] 21543#0: *13 http wait request handler
2026/09/21 02:12:44 [debug] 21543#0: *13 malloc: 000057DE13686570:1024
2026/09/21 02:12:44 [debug] 21543#0: *13 recv: eof:0, avail:-1
2026/09/21 02:12:44 [debug] 21543#0: *13 recv: fd:3 83 of 1024
2026/09/21 02:12:44 [debug] 21543#0: *13 reusable connection: 0
2026/09/21 02:12:44 [debug] 21543#0: *13 posix_memalign: 000057DE13696CF0:4096 @16
2026/09/21 02:12:44 [debug] 21543#0: *13 http process request line
2026/09/21 02:12:44 [debug] 21543#0: *13 http request line: "GET /health HTTP/1.1"
2026/09/21 02:12:44 [debug] 21543#0: *13 http uri: "/health"
2026/09/21 02:12:44 [debug] 21543#0: *13 http args: ""
2026/09/21 02:12:44 [debug] 21543#0: *13 http exten: ""
2026/09/21 02:12:44 [debug] 21543#0: *13 posix_memalign: 000057DE1368F4C0:4096 @16
2026/09/21 02:12:44 [debug] 21543#0: *13 http process request header line
2026/09/21 02:12:44 [debug] 21543#0: *13 http header: "Host: 127.0.0.1:8080"
2026/09/21 02:12:44 [debug] 21543#0: *13 http header: "User-Agent: curl/8.5.0"
2026/09/21 02:12:44 [debug] 21543#0: *13 http header: "Accept: */*"
2026/09/21 02:12:44 [debug] 21543#0: *13 http header done
2026/09/21 02:12:44 [debug] 21543#0: *13 event timer del: 3: 21508772
2026/09/21 02:12:44 [debug] 21543#0: *13 rewrite phase: 0
2026/09/21 02:12:44 [debug] 21543#0: *13 test location: "/normal/"
2026/09/21 02:12:44 [debug] 21543#0: *13 test location: "/health"
2026/09/21 02:12:44 [debug] 21543#0: *13 using configuration "=/health"
2026/09/21 02:12:44 [debug] 21543#0: *13 http cl:-1 max:1048576
2026/09/21 02:12:44 [debug] 21543#0: *13 rewrite phase: 2
2026/09/21 02:12:44 [debug] 21543#0: *13 http set discard body
2026/09/21 02:12:44 [debug] 21543#0: *13 HTTP/1.1 200 OK
Server: nginx/1.29.1
Date: Sun, 20 Sep 2026 17:12:44 GMT
Content-Type: text/plain
Content-Length: 6
Connection: keep-alive

2026/09/21 02:12:44 [debug] 21543#0: *13 write new buf t:1 f:0 000057DE13697B40, pos 000057DE13697B40, size: 147 file: 0, size: 0
2026/09/21 02:12:44 [debug] 21543#0: *13 http write filter: l:0 f:0 s:147
2026/09/21 02:12:44 [debug] 21543#0: *13 http output filter "/health?"
2026/09/21 02:12:44 [debug] 21543#0: *13 http copy filter: "/health?"
2026/09/21 02:12:44 [debug] 21543#0: *13 http postpone filter "/health?" 00007FFF85B32010
2026/09/21 02:12:44 [debug] 21543#0: *13 write old buf t:1 f:0 000057DE13697B40, pos 000057DE13697B40, size: 147 file: 0, size: 0
2026/09/21 02:12:44 [debug] 21543#0: *13 write new buf t:0 f:0 0000000000000000, pos 000057DE136A01DB, size: 6 file: 0, size: 0
2026/09/21 02:12:44 [debug] 21543#0: *13 http write filter: l:1 f:0 s:153
2026/09/21 02:12:44 [debug] 21543#0: *13 http write filter limit 2097152
2026/09/21 02:12:44 [debug] 21543#0: *13 writev: 153 of 153
2026/09/21 02:12:44 [debug] 21543#0: *13 http write filter 0000000000000000
2026/09/21 02:12:44 [debug] 21543#0: *13 http copy filter: 0 "/health?"
2026/09/21 02:12:44 [debug] 21543#0: *13 http finalize request: 0, "/health?" a:1, c:1
2026/09/21 02:12:44 [debug] 21543#0: *13 set http keepalive handler
2026/09/21 02:12:44 [debug] 21543#0: *13 http close request
2026/09/21 02:12:44 [debug] 21543#0: *13 http log handler
2026/09/21 02:12:44 [debug] 21543#0: *13 free: 000057DE13696CF0, unused: 3
2026/09/21 02:12:44 [debug] 21543#0: *13 free: 000057DE1368F4C0, unused: 2944
2026/09/21 02:12:44 [debug] 21543#0: *13 free: 000057DE13686570
2026/09/21 02:12:44 [debug] 21543#0: *13 hc free: 0000000000000000
2026/09/21 02:12:44 [debug] 21543#0: *13 hc busy: 0000000000000000 0
2026/09/21 02:12:44 [debug] 21543#0: *13 tcp_nodelay
2026/09/21 02:12:44 [debug] 21543#0: *13 reusable connection: 1
2026/09/21 02:12:44 [debug] 21543#0: *13 event timer add: 3: 75000:21523772
2026/09/21 02:12:44 [debug] 21543#0: timer delta: 0
2026/09/21 02:12:44 [debug] 21543#0: worker cycle
2026/09/21 02:12:44 [debug] 21543#0: epoll timer: 75000
2026/09/21 02:12:44 [debug] 21543#0: epoll: fd:3 ev:2001 d:000057DE136AA5C0
2026/09/21 02:12:44 [debug] 21543#0: *13 http keepalive handler
2026/09/21 02:12:44 [debug] 21543#0: *13 malloc: 000057DE13686570:1024
2026/09/21 02:12:44 [debug] 21543#0: *13 recv: eof:1, avail:-1
2026/09/21 02:12:44 [debug] 21543#0: *13 recv: fd:3 0 of 1024
2026/09/21 02:12:44 [info] 21543#0: *13 client 127.0.0.1 closed keepalive connection
2026/09/21 02:12:44 [debug] 21543#0: *13 close http connection: 3
2026/09/21 02:12:44 [debug] 21543#0: *13 event timer del: 3: 21523772
2026/09/21 02:12:44 [debug] 21543#0: *13 reusable connection: 0
2026/09/21 02:12:44 [debug] 21543#0: *13 free: 000057DE13686570
2026/09/21 02:12:44 [debug] 21543#0: *13 free: 000057DE13686FE0, unused: 144
2026/09/21 02:12:44 [debug] 21543#0: timer delta: 1
2026/09/21 02:12:44 [debug] 21543#0: worker cycle
2026/09/21 02:12:44 [debug] 21543#0: epoll timer: -1
2026/09/21 02:12:54 [debug] 21543#0: epoll: fd:6 ev:0001 d:000057DE136AA400
2026/09/21 02:12:54 [debug] 21543#0: accept on 127.0.0.1:8080, ready: 0
2026/09/21 02:12:54 [debug] 21543#0: posix_memalign: 000057DE13686FE0:512 @16
2026/09/21 02:12:54 [debug] 21543#0: *14 accept: 127.0.0.1:45670 fd:3
2026/09/21 02:12:54 [debug] 21543#0: *14 event timer add: 3: 60000:21518252
2026/09/21 02:12:54 [debug] 21543#0: *14 reusable connection: 1
2026/09/21 02:12:54 [debug] 21543#0: *14 epoll add event: fd:3 op:1 ev:80002001
2026/09/21 02:12:54 [debug] 21543#0: timer delta: 9479
2026/09/21 02:12:54 [debug] 21543#0: worker cycle
2026/09/21 02:12:54 [debug] 21543#0: epoll timer: 60000
2026/09/21 02:12:54 [debug] 21543#0: epoll: fd:3 ev:0001 d:000057DE136AA5C1
2026/09/21 02:12:54 [debug] 21543#0: *14 http wait request handler
2026/09/21 02:12:54 [debug] 21543#0: *14 malloc: 000057DE13686570:1024
2026/09/21 02:12:54 [debug] 21543#0: *14 recv: eof:0, avail:-1
2026/09/21 02:12:54 [debug] 21543#0: *14 recv: fd:3 84 of 1024
2026/09/21 02:12:54 [debug] 21543#0: *14 reusable connection: 0
2026/09/21 02:12:54 [debug] 21543#0: *14 posix_memalign: 000057DE13696CF0:4096 @16
2026/09/21 02:12:54 [debug] 21543#0: *14 http process request line
2026/09/21 02:12:54 [debug] 21543#0: *14 http request line: "GET /normal/ HTTP/1.1"
2026/09/21 02:12:54 [debug] 21543#0: *14 http uri: "/normal/"
2026/09/21 02:12:54 [debug] 21543#0: *14 http args: ""
2026/09/21 02:12:54 [debug] 21543#0: *14 http exten: ""
2026/09/21 02:12:54 [debug] 21543#0: *14 posix_memalign: 000057DE1368F4C0:4096 @16
2026/09/21 02:12:54 [debug] 21543#0: *14 http process request header line
2026/09/21 02:12:54 [debug] 21543#0: *14 http header: "Host: 127.0.0.1:8080"
2026/09/21 02:12:54 [debug] 21543#0: *14 http header: "User-Agent: curl/8.5.0"
2026/09/21 02:12:54 [debug] 21543#0: *14 http header: "Accept: */*"
2026/09/21 02:12:54 [debug] 21543#0: *14 http header done
2026/09/21 02:12:54 [debug] 21543#0: *14 event timer del: 3: 21518252
2026/09/21 02:12:54 [debug] 21543#0: *14 rewrite phase: 0
2026/09/21 02:12:54 [debug] 21543#0: *14 test location: "/normal/"
2026/09/21 02:12:54 [debug] 21543#0: *14 using configuration "/normal/"
2026/09/21 02:12:54 [debug] 21543#0: *14 http cl:-1 max:1048576
2026/09/21 02:12:54 [debug] 21543#0: *14 rewrite phase: 2
2026/09/21 02:12:54 [debug] 21543#0: *14 post rewrite phase: 3
2026/09/21 02:12:54 [debug] 21543#0: *14 generic phase: 4
2026/09/21 02:12:54 [debug] 21543#0: *14 generic phase: 5
2026/09/21 02:12:54 [debug] 21543#0: *14 access phase: 6
2026/09/21 02:12:54 [debug] 21543#0: *14 access phase: 7
2026/09/21 02:12:54 [debug] 21543#0: *14 post access phase: 8
2026/09/21 02:12:54 [debug] 21543#0: *14 generic phase: 9
2026/09/21 02:12:54 [debug] 21543#0: *14 try files handler
2026/09/21 02:12:54 [debug] 21543#0: *14 trying to use file: "/normal/abcd" "/home/ksh/mydir/ngx-1.29.1/ngx-issues-983-debug/www/normal/abcd"
2026/09/21 02:12:54 [debug] 21543#0: *14 try file uri: "/normal/abcd"
2026/09/21 02:12:54 [debug] 21543#0: *14 generic phase: 10
2026/09/21 02:12:54 [debug] 21543#0: *14 http init upstream, client timer: 0
2026/09/21 02:12:54 [debug] 21543#0: *14 epoll add event: fd:3 op:3 ev:80002005
2026/09/21 02:12:54 [debug] 21543#0: *14 http script copy: "Host"
2026/09/21 02:12:54 [debug] 21543#0: *14 http script var: "127.0.0.1:9090"
2026/09/21 02:12:54 [debug] 21543#0: *14 http script copy: "Connection"
2026/09/21 02:12:54 [debug] 21543#0: *14 http script copy: "close"
2026/09/21 02:12:54 [debug] 21543#0: *14 http script copy: ""
2026/09/21 02:12:54 [debug] 21543#0: *14 http script copy: ""
2026/09/21 02:12:54 [debug] 21543#0: *14 http proxy header: "User-Agent: curl/8.5.0"
2026/09/21 02:12:54 [debug] 21543#0: *14 http proxy header: "Accept: */*"
2026/09/21 02:12:54 [debug] 21543#0: *14 http proxy header:
"GET /abcd HTTP/1.0
Host: 127.0.0.1:9090
Connection: close
User-Agent: curl/8.5.0
Accept: */*

"
2026/09/21 02:12:54 [debug] 21543#0: *14 http cleanup add: 000057DE1368FD98
2026/09/21 02:12:54 [debug] 21543#0: *14 get rr peer, try: 1
2026/09/21 02:12:54 [debug] 21543#0: *14 stream socket 10
2026/09/21 02:12:54 [debug] 21543#0: *14 epoll add connection: fd:10 ev:80002005
2026/09/21 02:12:54 [debug] 21543#0: *14 connect to 127.0.0.1:9090, fd:10 #15
2026/09/21 02:12:54 [debug] 21543#0: *14 http upstream connect: -2
2026/09/21 02:12:54 [debug] 21543#0: *14 posix_memalign: 000057DE136871F0:128 @16
2026/09/21 02:12:54 [debug] 21543#0: *14 event timer add: 10: 60000:21518252
2026/09/21 02:12:54 [debug] 21543#0: *14 http finalize request: -4, "/normal/abcd?" a:1, c:2
2026/09/21 02:12:54 [debug] 21543#0: *14 http request count:2 blk:0
2026/09/21 02:12:54 [debug] 21543#0: timer delta: 0
2026/09/21 02:12:54 [debug] 21543#0: worker cycle
2026/09/21 02:12:54 [debug] 21543#0: epoll timer: 60000
2026/09/21 02:12:54 [debug] 21543#0: epoll: fd:3 ev:0004 d:000057DE136AA5C1
2026/09/21 02:12:54 [debug] 21543#0: *14 http run request: "/normal/abcd?"
2026/09/21 02:12:54 [debug] 21543#0: *14 http upstream check client, write event:1, "/normal/abcd"
2026/09/21 02:12:54 [debug] 21543#0: epoll: fd:10 ev:0004 d:000057DE136AA6A0
2026/09/21 02:12:54 [debug] 21543#0: *14 http upstream request: "/normal/abcd?"
2026/09/21 02:12:54 [debug] 21543#0: *14 http upstream send request handler
2026/09/21 02:12:54 [debug] 21543#0: *14 http upstream send request
2026/09/21 02:12:54 [debug] 21543#0: *14 http upstream send request body
2026/09/21 02:12:54 [debug] 21543#0: *14 chain writer buf fl:1 s:100
2026/09/21 02:12:54 [debug] 21543#0: *14 chain writer in: 000057DE13697CE0
2026/09/21 02:12:54 [debug] 21543#0: *14 writev: 100 of 100
2026/09/21 02:12:54 [debug] 21543#0: *14 chain writer out: 0000000000000000
2026/09/21 02:12:54 [debug] 21543#0: *14 event timer del: 10: 21518252
2026/09/21 02:12:54 [debug] 21543#0: *14 event timer add: 10: 60000:21518253
2026/09/21 02:12:54 [debug] 21543#0: timer delta: 1
2026/09/21 02:12:54 [debug] 21543#0: worker cycle
2026/09/21 02:12:54 [debug] 21543#0: epoll timer: 60000
2026/09/21 02:12:54 [debug] 21543#0: epoll: fd:10 ev:0005 d:000057DE136AA6A0
2026/09/21 02:12:54 [debug] 21543#0: *14 http upstream request: "/normal/abcd?"
2026/09/21 02:12:54 [debug] 21543#0: *14 http upstream process header
2026/09/21 02:12:54 [debug] 21543#0: *14 malloc: 000057DE136B4420:4096
2026/09/21 02:12:54 [debug] 21543#0: *14 recv: eof:0, avail:-1
2026/09/21 02:12:54 [debug] 21543#0: *14 recv: fd:10 174 of 4096
2026/09/21 02:12:54 [debug] 21543#0: *14 http proxy status 200 "200 OK"
2026/09/21 02:12:54 [debug] 21543#0: *14 http proxy header: "X-App-Name: http-echo"
2026/09/21 02:12:54 [debug] 21543#0: *14 http proxy header: "X-App-Version: 1.0.0"
2026/09/21 02:12:54 [debug] 21543#0: *14 http proxy header: "Date: Sun, 20 Sep 2026 17:12:54 GMT"
2026/09/21 02:12:54 [debug] 21543#0: *14 http proxy header: "Content-Length: 12"
2026/09/21 02:12:54 [debug] 21543#0: *14 http proxy header: "Content-Type: text/plain; charset=utf-8"
2026/09/21 02:12:54 [debug] 21543#0: *14 http proxy header done
2026/09/21 02:12:54 [debug] 21543#0: *14 HTTP/1.1 200 OK
Server: nginx/1.29.1
Date: Sun, 20 Sep 2026 17:12:54 GMT
Content-Type: text/plain; charset=utf-8
Content-Length: 12
Connection: keep-alive
X-App-Name: http-echo
X-App-Version: 1.0.0

2026/09/21 02:12:54 [debug] 21543#0: *14 write new buf t:1 f:0 000057DE13690128, pos 000057DE13690128, size: 208 file: 0, size: 0
2026/09/21 02:12:54 [debug] 21543#0: *14 http write filter: l:0 f:0 s:208
2026/09/21 02:12:54 [debug] 21543#0: *14 http cacheable: 0
2026/09/21 02:12:54 [debug] 21543#0: *14 http proxy filter init s:200 h:0 c:0 l:12
2026/09/21 02:12:54 [debug] 21543#0: *14 http upstream process upstream
2026/09/21 02:12:54 [debug] 21543#0: *14 pipe read upstream: 0
2026/09/21 02:12:54 [debug] 21543#0: *14 pipe preread: 12
2026/09/21 02:12:54 [debug] 21543#0: *14 pipe buf free s:0 t:1 f:0 000057DE136B4420, pos 000057DE136B44C2, size: 12 file: 0, size: 0
2026/09/21 02:12:54 [debug] 21543#0: *14 pipe length: 12
2026/09/21 02:12:54 [debug] 21543#0: *14 input buf #0
2026/09/21 02:12:54 [debug] 21543#0: *14 pipe write downstream: 1
2026/09/21 02:12:54 [debug] 21543#0: *14 pipe write downstream flush in
2026/09/21 02:12:54 [debug] 21543#0: *14 http output filter "/normal/abcd?"
2026/09/21 02:12:54 [debug] 21543#0: *14 http copy filter: "/normal/abcd?"
2026/09/21 02:12:54 [debug] 21543#0: *14 http postpone filter "/normal/abcd?" 000057DE13690318
2026/09/21 02:12:54 [debug] 21543#0: *14 write old buf t:1 f:0 000057DE13690128, pos 000057DE13690128, size: 208 file: 0, size: 0
2026/09/21 02:12:54 [debug] 21543#0: *14 write new buf t:1 f:0 000057DE136B4420, pos 000057DE136B44C2, size: 12 file: 0, size: 0
2026/09/21 02:12:54 [debug] 21543#0: *14 http write filter: l:0 f:0 s:220
2026/09/21 02:12:54 [debug] 21543#0: *14 http copy filter: 0 "/normal/abcd?"
2026/09/21 02:12:54 [debug] 21543#0: *14 pipe write downstream done
2026/09/21 02:12:54 [debug] 21543#0: *14 event timer: 10, old: 21518253, new: 21518256
2026/09/21 02:12:54 [debug] 21543#0: *14 http upstream exit: 0000000000000000
2026/09/21 02:12:54 [debug] 21543#0: *14 finalize http upstream request: 0
2026/09/21 02:12:54 [debug] 21543#0: *14 finalize http proxy request
2026/09/21 02:12:54 [debug] 21543#0: *14 free rr peer 1 0
2026/09/21 02:12:54 [debug] 21543#0: *14 close http upstream connection: 10
2026/09/21 02:12:54 [debug] 21543#0: *14 free: 000057DE136871F0, unused: 48
2026/09/21 02:12:54 [debug] 21543#0: *14 event timer del: 10: 21518253
2026/09/21 02:12:54 [debug] 21543#0: *14 reusable connection: 0
2026/09/21 02:12:54 [debug] 21543#0: *14 http upstream temp fd: -1
2026/09/21 02:12:54 [debug] 21543#0: *14 http output filter "/normal/abcd?"
2026/09/21 02:12:54 [debug] 21543#0: *14 http copy filter: "/normal/abcd?"
2026/09/21 02:12:54 [debug] 21543#0: *14 http postpone filter "/normal/abcd?" 00007FFF85B32110
2026/09/21 02:12:54 [debug] 21543#0: *14 write old buf t:1 f:0 000057DE13690128, pos 000057DE13690128, size: 208 file: 0, size: 0
2026/09/21 02:12:54 [debug] 21543#0: *14 write old buf t:1 f:0 000057DE136B4420, pos 000057DE136B44C2, size: 12 file: 0, size: 0
2026/09/21 02:12:54 [debug] 21543#0: *14 write new buf t:0 f:0 0000000000000000, pos 0000000000000000, size: 0 file: 0, size: 0
2026/09/21 02:12:54 [debug] 21543#0: *14 http write filter: l:1 f:0 s:220
2026/09/21 02:12:54 [debug] 21543#0: *14 http write filter limit 2097152
2026/09/21 02:12:54 [debug] 21543#0: *14 writev: 220 of 220
2026/09/21 02:12:54 [debug] 21543#0: *14 http write filter 0000000000000000
2026/09/21 02:12:54 [debug] 21543#0: *14 http copy filter: 0 "/normal/abcd?"
2026/09/21 02:12:54 [debug] 21543#0: *14 http finalize request: 0, "/normal/abcd?" a:1, c:1
2026/09/21 02:12:54 [debug] 21543#0: *14 set http keepalive handler
2026/09/21 02:12:54 [debug] 21543#0: *14 http close request
2026/09/21 02:12:54 [debug] 21543#0: *14 http log handler
2026/09/21 02:12:54 [debug] 21543#0: *14 free: 000057DE136B4420
2026/09/21 02:12:54 [debug] 21543#0: *14 free: 000057DE13696CF0, unused: 0
2026/09/21 02:12:54 [debug] 21543#0: *14 free: 000057DE1368F4C0, unused: 2
2026/09/21 02:12:54 [debug] 21543#0: *14 free: 000057DE13686570
2026/09/21 02:12:54 [debug] 21543#0: *14 hc free: 0000000000000000
2026/09/21 02:12:54 [debug] 21543#0: *14 hc busy: 0000000000000000 0
2026/09/21 02:12:54 [debug] 21543#0: *14 tcp_nodelay
2026/09/21 02:12:54 [debug] 21543#0: *14 reusable connection: 1
2026/09/21 02:12:54 [debug] 21543#0: *14 event timer add: 3: 75000:21533256
2026/09/21 02:12:54 [debug] 21543#0: timer delta: 3
2026/09/21 02:12:54 [debug] 21543#0: worker cycle
2026/09/21 02:12:54 [debug] 21543#0: epoll timer: 75000
2026/09/21 02:12:54 [debug] 21543#0: epoll: fd:3 ev:2005 d:000057DE136AA5C1
2026/09/21 02:12:54 [debug] 21543#0: *14 http keepalive handler
2026/09/21 02:12:54 [debug] 21543#0: *14 malloc: 000057DE13686570:1024
2026/09/21 02:12:54 [debug] 21543#0: *14 recv: eof:1, avail:-1
2026/09/21 02:12:54 [debug] 21543#0: *14 recv: fd:3 0 of 1024
2026/09/21 02:12:54 [info] 21543#0: *14 client 127.0.0.1 closed keepalive connection
2026/09/21 02:12:54 [debug] 21543#0: *14 close http connection: 3
2026/09/21 02:12:54 [debug] 21543#0: *14 event timer del: 3: 21533256
2026/09/21 02:12:54 [debug] 21543#0: *14 reusable connection: 0
2026/09/21 02:12:54 [debug] 21543#0: *14 free: 000057DE13686570
2026/09/21 02:12:54 [debug] 21543#0: *14 free: 000057DE13686FE0, unused: 144
2026/09/21 02:12:54 [debug] 21543#0: timer delta: 1
2026/09/21 02:12:54 [debug] 21543#0: worker cycle
2026/09/21 02:12:54 [debug] 21543#0: epoll timer: -1
2026/09/21 02:13:08 [notice] 21356#0: signal 2 (SIGINT) received, exiting
2026/09/21 02:13:08 [debug] 21356#0: wake up, sigio 0
2026/09/21 02:13:08 [debug] 21356#0: child: 0 21543 e:0 t:0 d:0 r:1 j:0
2026/09/21 02:13:08 [debug] 21356#0: termination cycle: 50
2026/09/21 02:13:08 [debug] 21356#0: sigsuspend
2026/09/21 02:13:08 [notice] 21543#0: signal 2 (SIGINT) received, exiting
2026/09/21 02:13:08 [info] 21543#0: epoll_wait() failed (4: Interrupted system call)
2026/09/21 02:13:08 [debug] 21543#0: timer delta: 14876
2026/09/21 02:13:08 [notice] 21543#0: exiting
2026/09/21 02:13:08 [debug] 21543#0: flush files
2026/09/21 02:13:08 [debug] 21543#0: run cleanup: 000057DE136A6A00
2026/09/21 02:13:08 [debug] 21543#0: run cleanup: 000057DE136A33E0
2026/09/21 02:13:08 [debug] 21543#0: cleanup resolver
2026/09/21 02:13:08 [debug] 21543#0: run cleanup: 000057DE1368A3E8
2026/09/21 02:13:08 [debug] 21543#0: free: 000057DE136A91B0
2026/09/21 02:13:08 [debug] 21543#0: free: 000057DE1369B960
2026/09/21 02:13:08 [debug] 21543#0: free: 000057DE1369A8A0
2026/09/21 02:13:08 [debug] 21543#0: free: 000057DE136997E0
2026/09/21 02:13:08 [debug] 21543#0: free: 000057DE13698720
2026/09/21 02:13:08 [debug] 21543#0: free: 000057DE136884A0, unused: 0
2026/09/21 02:13:08 [debug] 21543#0: free: 000057DE136914D0, unused: 0
2026/09/21 02:13:08 [debug] 21543#0: free: 000057DE1369C970, unused: 0
2026/09/21 02:13:08 [debug] 21543#0: free: 000057DE136A0980, unused: 0
2026/09/21 02:13:08 [debug] 21543#0: free: 000057DE136A4990, unused: 8056
2026/09/21 02:13:08 [notice] 21543#0: exit
2026/09/21 02:13:08 [notice] 21356#0: signal 17 (SIGCHLD) received from 21543
2026/09/21 02:13:08 [notice] 21356#0: worker process 21543 exited with code 0
2026/09/21 02:13:08 [debug] 21356#0: shmtx forced unlock
2026/09/21 02:13:08 [debug] 21356#0: wake up, sigio 3
2026/09/21 02:13:08 [debug] 21356#0: reap children
2026/09/21 02:13:08 [debug] 21356#0: child: 0 21543 e:1 t:1 d:0 r:1 j:0
2026/09/21 02:13:08 [notice] 21356#0: exit
2026/09/21 02:13:08 [debug] 21356#0: close listening 127.0.0.1:8080 #6 
2026/09/21 02:13:08 [debug] 21356#0: run cleanup: 000057DE136A33E0
2026/09/21 02:13:08 [debug] 21356#0: cleanup resolver
2026/09/21 02:13:08 [debug] 21356#0: run cleanup: 000057DE1368A3E8
2026/09/21 02:13:08 [debug] 21356#0: free: 000057DE136A91B0
2026/09/21 02:13:08 [debug] 21356#0: free: 000057DE1369B960
2026/09/21 02:13:08 [debug] 21356#0: free: 000057DE1369A8A0
2026/09/21 02:13:08 [debug] 21356#0: free: 000057DE136997E0
2026/09/21 02:13:08 [debug] 21356#0: free: 000057DE13698720
2026/09/21 02:13:08 [debug] 21356#0: free: 000057DE136884A0, unused: 0
2026/09/21 02:13:08 [debug] 21356#0: free: 000057DE136914D0, unused: 0
2026/09/21 02:13:08 [debug] 21356#0: free: 000057DE1369C970, unused: 0
2026/09/21 02:13:08 [debug] 21356#0: free: 000057DE136A0980, unused: 0
2026/09/21 02:13:08 [debug] 21356#0: free: 000057DE136A4990, unused: 8085

