{"t":{"$date":"2026-08-15T04:11:38.994+00:00"},"s":"I",  "c":"CONTROL",  "id":23285,   "ctx":"main","msg":"Automatically disabling TLS 1.0, to force-enable TLS 1.0 specify --sslDisabledProtocols 'none'"}
{"t":{"$date":"2026-08-15T04:11:38.997+00:00"},"s":"W",  "c":"ASIO",     "id":22601,   "ctx":"main","msg":"No TransportLayer configured during NetworkInterface startup"}
{"t":{"$date":"2026-08-15T04:11:38.997+00:00"},"s":"I",  "c":"NETWORK",  "id":4648601, "ctx":"main","msg":"Implicit TCP FastOpen unavailable. If TCP FastOpen is required, set tcpFastOpenServer, tcpFastOpenClient, and tcpFastOpenQueueSize."}
{"t":{"$date":"2026-08-15T04:11:38.998+00:00"},"s":"I",  "c":"STORAGE",  "id":4615611, "ctx":"initandlisten","msg":"MongoDB starting","attr":{"pid":1,"port":27019,"dbPath":"/data/configdb","architecture":"64-bit","host":"4db184a82f89"}}
{"t":{"$date":"2026-08-15T04:11:38.998+00:00"},"s":"I",  "c":"CONTROL",  "id":23403,   "ctx":"initandlisten","msg":"Build Info","attr":{"buildInfo":{"version":"4.4.0","gitVersion":"563487e100c4215e2dce98d0af2a6a5a2d67c5cf","openSSLVersion":"OpenSSL 1.1.1  11 Sep 2018","modules":[],"allocator":"tcmalloc","environment":{"distmod":"ubuntu1804","distarch":"x86_64","target_arch":"x86_64"}}}}
{"t":{"$date":"2026-08-15T04:11:38.998+00:00"},"s":"I",  "c":"CONTROL",  "id":51765,   "ctx":"initandlisten","msg":"Operating System","attr":{"os":{"name":"Ubuntu","version":"18.04"}}}
{"t":{"$date":"2026-08-15T04:11:38.998+00:00"},"s":"I",  "c":"CONTROL",  "id":21951,   "ctx":"initandlisten","msg":"Options set by command line","attr":{"options":{"net":{"bindIp":"*","port":27019},"replication":{"replSet":"configrs"},"security":{"authorization":"enabled"},"sharding":{"clusterRole":"configsvr"},"systemLog":{"destination":"file","logAppend":true,"path":"/var/log/mongodb/mongod.log"}}}}
{"t":{"$date":"2026-08-15T04:11:38.999+00:00"},"s":"I",  "c":"STORAGE",  "id":22270,   "ctx":"initandlisten","msg":"Storage engine to use detected by data files","attr":{"dbpath":"/data/configdb","storageEngine":"wiredTiger"}}
{"t":{"$date":"2026-08-15T04:11:38.999+00:00"},"s":"I",  "c":"STORAGE",  "id":22297,   "ctx":"initandlisten","msg":"Using the XFS filesystem is strongly recommended with the WiredTiger storage engine. See http://dochub.mongodb.org/core/prodnotes-filesystem","tags":["startupWarnings"]}
{"t":{"$date":"2026-08-15T04:11:38.999+00:00"},"s":"I",  "c":"STORAGE",  "id":22315,   "ctx":"initandlisten","msg":"Opening WiredTiger","attr":{"config":"create,cache_size=7484M,session_max=33000,eviction=(threads_min=4,threads_max=4),config_base=false,statistics=(fast),log=(enabled=true,archive=true,path=journal,compressor=snappy),file_manager=(close_idle_time=100000,close_scan_interval=10,close_handle_minimum=250),statistics_log=(wait=0),verbose=[recovery_progress,checkpoint_progress,compact_progress],"}}
{"t":{"$date":"2026-08-15T04:11:39.449+00:00"},"s":"I",  "c":"STORAGE",  "id":22430,   "ctx":"initandlisten","msg":"WiredTiger message","attr":{"message":"[1786767099:449486][1:0x7ae61cee2a80], txn-recover: [WT_VERB_RECOVERY_PROGRESS] Recovering log 1 through 2"}}
{"t":{"$date":"2026-08-15T04:11:39.536+00:00"},"s":"I",  "c":"STORAGE",  "id":22430,   "ctx":"initandlisten","msg":"WiredTiger message","attr":{"message":"[1786767099:536487][1:0x7ae61cee2a80], txn-recover: [WT_VERB_RECOVERY_PROGRESS] Recovering log 2 through 2"}}
{"t":{"$date":"2026-08-15T04:11:39.619+00:00"},"s":"I",  "c":"STORAGE",  "id":22430,   "ctx":"initandlisten","msg":"WiredTiger message","attr":{"message":"[1786767099:619037][1:0x7ae61cee2a80], txn-recover: [WT_VERB_RECOVERY | WT_VERB_RECOVERY_PROGRESS] Main recovery loop: starting at 1/24320 to 2/256"}}
{"t":{"$date":"2026-08-15T04:11:39.709+00:00"},"s":"I",  "c":"STORAGE",  "id":22430,   "ctx":"initandlisten","msg":"WiredTiger message","attr":{"message":"[1786767099:709643][1:0x7ae61cee2a80], txn-recover: [WT_VERB_RECOVERY_PROGRESS] Recovering log 1 through 2"}}
{"t":{"$date":"2026-08-15T04:11:39.767+00:00"},"s":"I",  "c":"STORAGE",  "id":22430,   "ctx":"initandlisten","msg":"WiredTiger message","attr":{"message":"[1786767099:767281][1:0x7ae61cee2a80], txn-recover: [WT_VERB_RECOVERY_PROGRESS] Recovering log 2 through 2"}}
{"t":{"$date":"2026-08-15T04:11:39.811+00:00"},"s":"I",  "c":"STORAGE",  "id":22430,   "ctx":"initandlisten","msg":"WiredTiger message","attr":{"message":"[1786767099:811704][1:0x7ae61cee2a80], txn-recover: [WT_VERB_RECOVERY | WT_VERB_RECOVERY_PROGRESS] Set global recovery timestamp: (0, 0)"}}
{"t":{"$date":"2026-08-15T04:11:39.833+00:00"},"s":"I",  "c":"STORAGE",  "id":4795906, "ctx":"initandlisten","msg":"WiredTiger opened","attr":{"durationMillis":834}}
{"t":{"$date":"2026-08-15T04:11:39.833+00:00"},"s":"I",  "c":"RECOVERY", "id":23987,   "ctx":"initandlisten","msg":"WiredTiger recoveryTimestamp","attr":{"recoveryTimestamp":{"$timestamp":{"t":0,"i":0}}}}
{"t":{"$date":"2026-08-15T04:11:39.853+00:00"},"s":"I",  "c":"STORAGE",  "id":22262,   "ctx":"initandlisten","msg":"Timestamp monitor starting"}
{"t":{"$date":"2026-08-15T04:11:39.863+00:00"},"s":"W",  "c":"CONTROL",  "id":22184,   "ctx":"initandlisten","msg":"Soft rlimits too low","attr":{"currentValue":1024,"recommendedMinimum":64000},"tags":["startupWarnings"]}
{"t":{"$date":"2026-08-15T04:11:39.890+00:00"},"s":"I",  "c":"STORAGE",  "id":20536,   "ctx":"initandlisten","msg":"Flow Control is enabled on this deployment"}
{"t":{"$date":"2026-08-15T04:11:39.893+00:00"},"s":"I",  "c":"SHARDING", "id":20997,   "ctx":"initandlisten","msg":"Refreshed RWC defaults","attr":{"newDefaults":{}}}
{"t":{"$date":"2026-08-15T04:11:39.898+00:00"},"s":"I",  "c":"FTDC",     "id":20625,   "ctx":"initandlisten","msg":"Initializing full-time diagnostic data capture","attr":{"dataDirectory":"/data/configdb/diagnostic.data"}}
{"t":{"$date":"2026-08-15T04:11:39.901+00:00"},"s":"I",  "c":"SHARDING", "id":22727,   "ctx":"shard-registry-reload","msg":"Error running periodic reload of shard registry","attr":{"error":"ReadConcernMajorityNotAvailableYet: could not get updated shard list from config server :: caused by :: Read concern majority reads are currently not possible.","shardRegistryReloadIntervalSeconds":30}}
{"t":{"$date":"2026-08-15T04:11:39.902+00:00"},"s":"I",  "c":"SHARDING", "id":22649,   "ctx":"thread1","msg":"Creating distributed lock ping thread","attr":{"processId":"ConfigServer","pingIntervalMillis":30000}}
{"t":{"$date":"2026-08-15T04:11:39.903+00:00"},"s":"I",  "c":"STORAGE",  "id":20320,   "ctx":"initandlisten","msg":"createCollection","attr":{"namespace":"local.replset.oplogTruncateAfterPoint","uuidDisposition":"generated","uuid":{"uuid":{"$uuid":"c45a8a8b-0f47-4056-b9a7-630621f38329"}},"options":{}}}
{"t":{"$date":"2026-08-15T04:11:39.935+00:00"},"s":"I",  "c":"INDEX",    "id":20345,   "ctx":"initandlisten","msg":"Index build: done building","attr":{"buildUUID":null,"namespace":"local.replset.oplogTruncateAfterPoint","index":"_id_","commitTimestamp":{"$timestamp":{"t":0,"i":0}}}}
{"t":{"$date":"2026-08-15T04:11:39.935+00:00"},"s":"I",  "c":"STORAGE",  "id":20320,   "ctx":"initandlisten","msg":"createCollection","attr":{"namespace":"local.replset.minvalid","uuidDisposition":"generated","uuid":{"uuid":{"$uuid":"a65f6fa1-fa09-4d7c-bac0-c18328bd5b8a"}},"options":{}}}
{"t":{"$date":"2026-08-15T04:11:39.969+00:00"},"s":"I",  "c":"INDEX",    "id":20345,   "ctx":"initandlisten","msg":"Index build: done building","attr":{"buildUUID":null,"namespace":"local.replset.minvalid","index":"_id_","commitTimestamp":{"$timestamp":{"t":0,"i":0}}}}
{"t":{"$date":"2026-08-15T04:11:39.970+00:00"},"s":"I",  "c":"STORAGE",  "id":20320,   "ctx":"initandlisten","msg":"createCollection","attr":{"namespace":"local.replset.election","uuidDisposition":"generated","uuid":{"uuid":{"$uuid":"86583bf4-49af-4a9d-a9ed-1fe8e0aeaa4f"}},"options":{}}}
{"t":{"$date":"2026-08-15T04:11:40.001+00:00"},"s":"W",  "c":"REPL",     "id":21533,   "ctx":"ftdc","msg":"Rollback ID is not initialized yet"}
{"t":{"$date":"2026-08-15T04:11:40.003+00:00"},"s":"I",  "c":"INDEX",    "id":20345,   "ctx":"initandlisten","msg":"Index build: done building","attr":{"buildUUID":null,"namespace":"local.replset.election","index":"_id_","commitTimestamp":{"$timestamp":{"t":0,"i":0}}}}
{"t":{"$date":"2026-08-15T04:11:40.003+00:00"},"s":"I",  "c":"REPL",     "id":21311,   "ctx":"initandlisten","msg":"Did not find local initialized voted for document at startup"}
{"t":{"$date":"2026-08-15T04:11:40.003+00:00"},"s":"I",  "c":"REPL",     "id":21312,   "ctx":"initandlisten","msg":"Did not find local Rollback ID document at startup. Creating one"}
{"t":{"$date":"2026-08-15T04:11:40.003+00:00"},"s":"I",  "c":"STORAGE",  "id":20320,   "ctx":"initandlisten","msg":"createCollection","attr":{"namespace":"local.system.rollback.id","uuidDisposition":"generated","uuid":{"uuid":{"$uuid":"51d07a37-9f2b-43a7-8a17-d2aaa91db825"}},"options":{}}}
{"t":{"$date":"2026-08-15T04:11:40.041+00:00"},"s":"I",  "c":"INDEX",    "id":20345,   "ctx":"initandlisten","msg":"Index build: done building","attr":{"buildUUID":null,"namespace":"local.system.rollback.id","index":"_id_","commitTimestamp":{"$timestamp":{"t":0,"i":0}}}}
{"t":{"$date":"2026-08-15T04:11:40.041+00:00"},"s":"I",  "c":"REPL",     "id":21531,   "ctx":"initandlisten","msg":"Initialized the rollback ID","attr":{"rbid":1}}
{"t":{"$date":"2026-08-15T04:11:40.041+00:00"},"s":"I",  "c":"REPL",     "id":21313,   "ctx":"initandlisten","msg":"Did not find local replica set configuration document at startup","attr":{"error":{"code":47,"codeName":"NoMatchingDocument","errmsg":"Did not find replica set configuration document in local.system.replset"}}}
{"t":{"$date":"2026-08-15T04:11:40.045+00:00"},"s":"I",  "c":"SH_REFR",  "id":24101,   "ctx":"ConfigServerCatalogCacheLoader-0","msg":"Refreshed cached database entry","attr":{"db":"config","newDbVersion":{"uuid":{"$uuid":"898395e9-f1f3-4e68-b302-bd63b457ba66"},"lastMod":0},"oldDbVersion":{},"durationMillis":0}}
{"t":{"$date":"2026-08-15T04:11:40.046+00:00"},"s":"I",  "c":"CONTROL",  "id":20712,   "ctx":"LogicalSessionCacheReap","msg":"Sessions collection is not set up; waiting until next sessions reap interval","attr":{"error":"NotYetInitialized: Cannot use non-local read concern until replica set is finished initializing."}}
{"t":{"$date":"2026-08-15T04:11:40.046+00:00"},"s":"I",  "c":"CONTROL",  "id":20714,   "ctx":"LogicalSessionCacheRefresh","msg":"Failed to refresh session cache, will try again at the next refresh interval","attr":{"error":"ShardNotFound: Failed to create config.system.sessions: cannot create the collection until there are shards"}}
{"t":{"$date":"2026-08-15T04:11:40.047+00:00"},"s":"I",  "c":"REPL",     "id":40440,   "ctx":"initandlisten","msg":"Starting the TopologyVersionObserver"}
{"t":{"$date":"2026-08-15T04:11:40.048+00:00"},"s":"I",  "c":"REPL",     "id":40445,   "ctx":"TopologyVersionObserver","msg":"Started TopologyVersionObserver"}
{"t":{"$date":"2026-08-15T04:11:40.048+00:00"},"s":"I",  "c":"NETWORK",  "id":23015,   "ctx":"listener","msg":"Listening on","attr":{"address":"/tmp/mongodb-27019.sock"}}
{"t":{"$date":"2026-08-15T04:11:40.049+00:00"},"s":"I",  "c":"NETWORK",  "id":23015,   "ctx":"listener","msg":"Listening on","attr":{"address":"0.0.0.0"}}
{"t":{"$date":"2026-08-15T04:11:40.049+00:00"},"s":"I",  "c":"NETWORK",  "id":23016,   "ctx":"listener","msg":"Waiting for connections","attr":{"port":27019,"ssl":"off"}}
{"t":{"$date":"2026-08-15T04:11:59.169+00:00"},"s":"I",  "c":"NETWORK",  "id":22943,   "ctx":"listener","msg":"connection accepted","attr":{"remote":"127.0.0.1:40950","sessionId":1,"connectionCount":1}}
{"t":{"$date":"2026-08-15T04:11:59.170+00:00"},"s":"I",  "c":"NETWORK",  "id":51800,   "ctx":"conn1","msg":"client metadata","attr":{"remote":"127.0.0.1:40950","client":"conn1","doc":{"application":{"name":"MongoDB Shell"},"driver":{"name":"MongoDB Internal Client","version":"4.4.0"},"os":{"type":"Linux","name":"Ubuntu","architecture":"x86_64","version":"18.04"}}}}
{"t":{"$date":"2026-08-15T04:11:59.194+00:00"},"s":"I",  "c":"ACCESS",   "id":20250,   "ctx":"conn1","msg":"Successful authentication","attr":{"mechanism":"SCRAM-SHA-256","principalName":"root","authenticationDatabase":"admin","client":"127.0.0.1:40950"}}
{"t":{"$date":"2026-08-15T04:12:09.902+00:00"},"s":"I",  "c":"SHARDING", "id":22727,   "ctx":"shard-registry-reload","msg":"Error running periodic reload of shard registry","attr":{"error":"NotYetInitialized: could not get updated shard list from config server :: caused by :: Cannot use non-local read concern until replica set is finished initializing.","shardRegistryReloadIntervalSeconds":30}}
{"t":{"$date":"2026-08-15T04:12:39.902+00:00"},"s":"I",  "c":"SHARDING", "id":22727,   "ctx":"shard-registry-reload","msg":"Error running periodic reload of shard registry","attr":{"error":"NotYetInitialized: could not get updated shard list from config server :: caused by :: Cannot use non-local read concern until replica set is finished initializing.","shardRegistryReloadIntervalSeconds":30}}
{"t":{"$date":"2026-08-15T04:12:50.207+00:00"},"s":"I",  "c":"REPL",     "id":21356,   "ctx":"conn1","msg":"replSetInitiate admin command received from client"}
{"t":{"$date":"2026-08-15T04:12:50.209+00:00"},"s":"I",  "c":"REPL",     "id":21357,   "ctx":"conn1","msg":"replSetInitiate config object parses ok","attr":{"numMembers":1}}
{"t":{"$date":"2026-08-15T04:12:50.209+00:00"},"s":"I",  "c":"REPL",     "id":21251,   "ctx":"conn1","msg":"Creating replication oplog","attr":{"oplogSizeMB":2224}}
{"t":{"$date":"2026-08-15T04:12:50.209+00:00"},"s":"I",  "c":"STORAGE",  "id":20320,   "ctx":"conn1","msg":"createCollection","attr":{"namespace":"local.oplog.rs","uuidDisposition":"generated","uuid":{"uuid":{"$uuid":"f0ddedd8-487b-456c-adc9-4bac38b434e0"}},"options":{"capped":true,"size":2332826009.0,"autoIndexId":false}}}
{"t":{"$date":"2026-08-15T04:12:50.228+00:00"},"s":"I",  "c":"STORAGE",  "id":22383,   "ctx":"conn1","msg":"The size storer reports that the oplog contains","attr":{"numRecords":0,"dataSize":0}}
{"t":{"$date":"2026-08-15T04:12:50.229+00:00"},"s":"I",  "c":"STORAGE",  "id":22382,   "ctx":"conn1","msg":"WiredTiger record store oplog processing finished","attr":{"durationMillis":0}}
{"t":{"$date":"2026-08-15T04:12:50.253+00:00"},"s":"I",  "c":"STORAGE",  "id":20320,   "ctx":"conn1","msg":"createCollection","attr":{"namespace":"local.system.replset","uuidDisposition":"generated","uuid":{"uuid":{"$uuid":"0e495f00-d4c7-4ecd-b4ab-5dff9cd24f76"}},"options":{}}}
{"t":{"$date":"2026-08-15T04:12:50.286+00:00"},"s":"I",  "c":"INDEX",    "id":20345,   "ctx":"conn1","msg":"Index build: done building","attr":{"buildUUID":null,"namespace":"local.system.replset","index":"_id_","commitTimestamp":{"$timestamp":{"t":1786767170,"i":1}}}}
{"t":{"$date":"2026-08-15T04:12:50.287+00:00"},"s":"I",  "c":"REPL",     "id":21392,   "ctx":"conn1","msg":"New replica set config in use","attr":{"config":{"_id":"configrs","version":1,"term":0,"configsvr":true,"protocolVersion":1,"writeConcernMajorityJournalDefault":true,"members":[{"_id":0,"host":"localhost:27019","arbiterOnly":false,"buildIndexes":true,"hidden":false,"priority":1.0,"tags":{},"slaveDelay":0,"votes":1}],"settings":{"chainingAllowed":true,"heartbeatIntervalMillis":2000,"heartbeatTimeoutSecs":10,"electionTimeoutMillis":10000,"catchUpTimeoutMillis":-1,"catchUpTakeoverDelayMillis":30000,"getLastErrorModes":{},"getLastErrorDefaults":{"w":1,"wtimeout":0},"replicaSetId":{"$oid":"6a7fe74215c0d5f1097da70b"}}}}}
{"t":{"$date":"2026-08-15T04:12:50.287+00:00"},"s":"I",  "c":"REPL",     "id":21393,   "ctx":"conn1","msg":"Found self in config","attr":{"hostAndPort":"localhost:27019"}}
{"t":{"$date":"2026-08-15T04:12:50.287+00:00"},"s":"I",  "c":"REPL",     "id":21358,   "ctx":"conn1","msg":"Replica set state transition","attr":{"newState":"STARTUP2","oldState":"STARTUP"}}
{"t":{"$date":"2026-08-15T04:12:50.287+00:00"},"s":"I",  "c":"REPL",     "id":21306,   "ctx":"conn1","msg":"Starting replication storage threads"}
{"t":{"$date":"2026-08-15T04:12:50.293+00:00"},"s":"I",  "c":"REPL",     "id":21358,   "ctx":"conn1","msg":"Replica set state transition","attr":{"newState":"RECOVERING","oldState":"STARTUP2"}}
{"t":{"$date":"2026-08-15T04:12:50.293+00:00"},"s":"I",  "c":"STORAGE",  "id":20320,   "ctx":"conn1","msg":"createCollection","attr":{"namespace":"local.replset.initialSyncId","uuidDisposition":"generated","uuid":{"uuid":{"$uuid":"da575a14-ea7c-4b0a-919a-302712adabdf"}},"options":{}}}
{"t":{"$date":"2026-08-15T04:12:50.324+00:00"},"s":"I",  "c":"INDEX",    "id":20345,   "ctx":"conn1","msg":"Index build: done building","attr":{"buildUUID":null,"namespace":"local.replset.initialSyncId","index":"_id_","commitTimestamp":{"$timestamp":{"t":1786767170,"i":1}}}}
{"t":{"$date":"2026-08-15T04:12:50.325+00:00"},"s":"I",  "c":"REPL",     "id":21299,   "ctx":"conn1","msg":"Starting replication fetcher thread"}
{"t":{"$date":"2026-08-15T04:12:50.325+00:00"},"s":"I",  "c":"REPL",     "id":21300,   "ctx":"conn1","msg":"Starting replication applier thread"}
{"t":{"$date":"2026-08-15T04:12:50.325+00:00"},"s":"I",  "c":"REPL",     "id":21301,   "ctx":"conn1","msg":"Starting replication reporter thread"}
{"t":{"$date":"2026-08-15T04:12:50.326+00:00"},"s":"I",  "c":"COMMAND",  "id":51803,   "ctx":"conn1","msg":"Slow query","attr":{"type":"command","ns":"local.system.replset","appName":"MongoDB Shell","command":{"replSetInitiate":{"_id":"configrs","configsvr":true,"members":[{"_id":0.0,"host":"localhost:27019"}]},"lsid":{"id":{"$uuid":"307a9128-5dc1-4c77-9802-2cf79bb8fa5b"}},"$db":"admin"},"numYields":0,"reslen":127,"locks":{"ParallelBatchWriterMode":{"acquireCount":{"r":10}},"ReplicationStateTransition":{"acquireCount":{"w":10}},"Global":{"acquireCount":{"r":4,"w":4,"W":2}},"Database":{"acquireCount":{"r":3,"w":4}},"Collection":{"acquireCount":{"r":2,"w":3}},"Mutex":{"acquireCount":{"r":7}},"oplog":{"acquireCount":{"r":1,"w":1}}},"flowControl":{"acquireCount":3,"timeAcquiringMicros":4},"storage":{},"protocol":"op_msg","durationMillis":118}}
{"t":{"$date":"2026-08-15T04:12:50.326+00:00"},"s":"I",  "c":"REPL",     "id":21224,   "ctx":"OplogApplier-0","msg":"Starting oplog application"}
{"t":{"$date":"2026-08-15T04:12:50.327+00:00"},"s":"I",  "c":"REPL",     "id":21358,   "ctx":"OplogApplier-0","msg":"Replica set state transition","attr":{"newState":"SECONDARY","oldState":"RECOVERING"}}
{"t":{"$date":"2026-08-15T04:12:50.328+00:00"},"s":"I",  "c":"ELECTION", "id":4615652, "ctx":"OplogApplier-0","msg":"Starting an election, since we've seen no PRIMARY in election timeout period","attr":{"electionTimeoutPeriodMillis":10000}}
{"t":{"$date":"2026-08-15T04:12:50.328+00:00"},"s":"I",  "c":"ELECTION", "id":21438,   "ctx":"OplogApplier-0","msg":"Conducting a dry run election to see if we could be elected","attr":{"currentTerm":0}}
{"t":{"$date":"2026-08-15T04:12:50.329+00:00"},"s":"I",  "c":"ELECTION", "id":21444,   "ctx":"ReplCoord-0","msg":"Dry election run succeeded, running for election","attr":{"newTerm":1}}
{"t":{"$date":"2026-08-15T04:12:50.333+00:00"},"s":"I",  "c":"ELECTION", "id":21450,   "ctx":"ReplCoord-0","msg":"Election succeeded, assuming primary role","attr":{"term":1}}
{"t":{"$date":"2026-08-15T04:12:50.333+00:00"},"s":"I",  "c":"REPL",     "id":21358,   "ctx":"ReplCoord-0","msg":"Replica set state transition","attr":{"newState":"PRIMARY","oldState":"SECONDARY"}}
{"t":{"$date":"2026-08-15T04:12:50.334+00:00"},"s":"I",  "c":"REPL",     "id":21106,   "ctx":"ReplCoord-0","msg":"Resetting sync source to empty","attr":{"previousSyncSource":":27017"}}
{"t":{"$date":"2026-08-15T04:12:50.334+00:00"},"s":"I",  "c":"REPL",     "id":21359,   "ctx":"ReplCoord-0","msg":"Entering primary catch-up mode"}
{"t":{"$date":"2026-08-15T04:12:50.334+00:00"},"s":"I",  "c":"REPL",     "id":21363,   "ctx":"ReplCoord-0","msg":"Exited primary catch-up mode"}
{"t":{"$date":"2026-08-15T04:12:50.334+00:00"},"s":"I",  "c":"REPL",     "id":21107,   "ctx":"ReplCoord-0","msg":"Stopping replication producer"}
{"t":{"$date":"2026-08-15T04:12:50.334+00:00"},"s":"I",  "c":"REPL",     "id":21239,   "ctx":"ReplBatcher","msg":"Oplog buffer has been drained","attr":{"term":1}}
{"t":{"$date":"2026-08-15T04:12:50.334+00:00"},"s":"I",  "c":"REPL",     "id":21239,   "ctx":"ReplBatcher","msg":"Oplog buffer has been drained","attr":{"term":1}}
{"t":{"$date":"2026-08-15T04:12:50.334+00:00"},"s":"I",  "c":"REPL",     "id":21343,   "ctx":"RstlKillOpThread","msg":"Starting to kill user operations"}
{"t":{"$date":"2026-08-15T04:12:50.335+00:00"},"s":"I",  "c":"REPL",     "id":21344,   "ctx":"RstlKillOpThread","msg":"Stopped killing user operations"}
{"t":{"$date":"2026-08-15T04:12:50.335+00:00"},"s":"I",  "c":"REPL",     "id":21340,   "ctx":"RstlKillOpThread","msg":"State transition ops metrics","attr":{"metrics":{"lastStateTransition":"stepUp","userOpsKilled":0,"userOpsRunning":0}}}
{"t":{"$date":"2026-08-15T04:12:50.335+00:00"},"s":"I",  "c":"REPL",     "id":4508103, "ctx":"OplogApplier-0","msg":"Increment the config term via reconfig"}
{"t":{"$date":"2026-08-15T04:12:50.335+00:00"},"s":"I",  "c":"REPL",     "id":21353,   "ctx":"OplogApplier-0","msg":"replSetReconfig config object parses ok","attr":{"numMembers":1}}
{"t":{"$date":"2026-08-15T04:12:50.335+00:00"},"s":"I",  "c":"REPL",     "id":51814,   "ctx":"OplogApplier-0","msg":"Persisting new config to disk"}
{"t":{"$date":"2026-08-15T04:12:50.337+00:00"},"s":"I",  "c":"REPL",     "id":21392,   "ctx":"OplogApplier-0","msg":"New replica set config in use","attr":{"config":{"_id":"configrs","version":1,"term":1,"configsvr":true,"protocolVersion":1,"writeConcernMajorityJournalDefault":true,"members":[{"_id":0,"host":"localhost:27019","arbiterOnly":false,"buildIndexes":true,"hidden":false,"priority":1.0,"tags":{},"slaveDelay":0,"votes":1}],"settings":{"chainingAllowed":true,"heartbeatIntervalMillis":2000,"heartbeatTimeoutSecs":10,"electionTimeoutMillis":10000,"catchUpTimeoutMillis":-1,"catchUpTakeoverDelayMillis":30000,"getLastErrorModes":{},"getLastErrorDefaults":{"w":1,"wtimeout":0},"replicaSetId":{"$oid":"6a7fe74215c0d5f1097da70b"}}}}}
{"t":{"$date":"2026-08-15T04:12:50.337+00:00"},"s":"I",  "c":"REPL",     "id":21393,   "ctx":"OplogApplier-0","msg":"Found self in config","attr":{"hostAndPort":"localhost:27019"}}
{"t":{"$date":"2026-08-15T04:12:50.338+00:00"},"s":"I",  "c":"STORAGE",  "id":20320,   "ctx":"OplogApplier-0","msg":"createCollection","attr":{"namespace":"config.transactions","uuidDisposition":"generated","uuid":{"uuid":{"$uuid":"c5aa968e-654a-4f5e-bdab-9b37d2026a14"}},"options":{}}}
{"t":{"$date":"2026-08-15T04:12:50.372+00:00"},"s":"I",  "c":"INDEX",    "id":20345,   "ctx":"OplogApplier-0","msg":"Index build: done building","attr":{"buildUUID":null,"namespace":"config.transactions","index":"_id_","commitTimestamp":{"$timestamp":{"t":1786767170,"i":3}}}}
{"t":{"$date":"2026-08-15T04:12:50.373+00:00"},"s":"I",  "c":"STORAGE",  "id":20320,   "ctx":"OplogApplier-0","msg":"createCollection","attr":{"namespace":"config.chunks","uuidDisposition":"provided","uuid":{"uuid":{"$uuid":"e6a3d0b1-47c6-4cf5-802c-dde199221f58"}},"options":{"uuid":{"$uuid":"e6a3d0b1-47c6-4cf5-802c-dde199221f58"}}}}
{"t":{"$date":"2026-08-15T04:12:50.405+00:00"},"s":"I",  "c":"INDEX",    "id":20345,   "ctx":"OplogApplier-0","msg":"Index build: done building","attr":{"buildUUID":null,"namespace":"config.chunks","index":"_id_","commitTimestamp":{"$timestamp":{"t":1786767170,"i":5}}}}
{"t":{"$date":"2026-08-15T04:12:50.419+00:00"},"s":"I",  "c":"INDEX",    "id":20345,   "ctx":"OplogApplier-0","msg":"Index build: done building","attr":{"buildUUID":null,"namespace":"config.chunks","index":"ns_1_min_1","commitTimestamp":{"$timestamp":{"t":1786767170,"i":6}}}}
{"t":{"$date":"2026-08-15T04:12:50.433+00:00"},"s":"I",  "c":"INDEX",    "id":20345,   "ctx":"OplogApplier-0","msg":"Index build: done building","attr":{"buildUUID":null,"namespace":"config.chunks","index":"ns_1_shard_1_min_1","commitTimestamp":{"$timestamp":{"t":1786767170,"i":7}}}}
{"t":{"$date":"2026-08-15T04:12:50.451+00:00"},"s":"I",  "c":"INDEX",    "id":20345,   "ctx":"OplogApplier-0","msg":"Index build: done building","attr":{"buildUUID":null,"namespace":"config.chunks","index":"ns_1_lastmod_1","commitTimestamp":{"$timestamp":{"t":1786767170,"i":8}}}}
{"t":{"$date":"2026-08-15T04:12:50.451+00:00"},"s":"I",  "c":"STORAGE",  "id":20320,   "ctx":"OplogApplier-0","msg":"createCollection","attr":{"namespace":"config.migrations","uuidDisposition":"provided","uuid":{"uuid":{"$uuid":"519087b4-2c19-4f7c-a830-216528f1331b"}},"options":{"uuid":{"$uuid":"519087b4-2c19-4f7c-a830-216528f1331b"}}}}
{"t":{"$date":"2026-08-15T04:12:50.484+00:00"},"s":"I",  "c":"INDEX",    "id":20345,   "ctx":"OplogApplier-0","msg":"Index build: done building","attr":{"buildUUID":null,"namespace":"config.migrations","index":"_id_","commitTimestamp":{"$timestamp":{"t":1786767170,"i":9}}}}
{"t":{"$date":"2026-08-15T04:12:50.500+00:00"},"s":"I",  "c":"INDEX",    "id":20345,   "ctx":"OplogApplier-0","msg":"Index build: done building","attr":{"buildUUID":null,"namespace":"config.migrations","index":"ns_1_min_1","commitTimestamp":{"$timestamp":{"t":1786767170,"i":10}}}}
{"t":{"$date":"2026-08-15T04:12:50.500+00:00"},"s":"I",  "c":"STORAGE",  "id":20320,   "ctx":"OplogApplier-0","msg":"createCollection","attr":{"namespace":"config.shards","uuidDisposition":"provided","uuid":{"uuid":{"$uuid":"509136c4-c5f7-4f03-baf8-0630d09cadb8"}},"options":{"uuid":{"$uuid":"509136c4-c5f7-4f03-baf8-0630d09cadb8"}}}}
{"t":{"$date":"2026-08-15T04:12:50.536+00:00"},"s":"I",  "c":"INDEX",    "id":20345,   "ctx":"OplogApplier-0","msg":"Index build: done building","attr":{"buildUUID":null,"namespace":"config.shards","index":"_id_","commitTimestamp":{"$timestamp":{"t":1786767170,"i":11}}}}
{"t":{"$date":"2026-08-15T04:12:50.553+00:00"},"s":"I",  "c":"INDEX",    "id":20345,   "ctx":"OplogApplier-0","msg":"Index build: done building","attr":{"buildUUID":null,"namespace":"config.shards","index":"host_1","commitTimestamp":{"$timestamp":{"t":1786767170,"i":12}}}}
{"t":{"$date":"2026-08-15T04:12:50.553+00:00"},"s":"I",  "c":"STORAGE",  "id":20320,   "ctx":"OplogApplier-0","msg":"createCollection","attr":{"namespace":"config.locks","uuidDisposition":"provided","uuid":{"uuid":{"$uuid":"cf932b12-b4f2-46f6-bd85-3bb211bc1bd9"}},"options":{"uuid":{"$uuid":"cf932b12-b4f2-46f6-bd85-3bb211bc1bd9"}}}}
{"t":{"$date":"2026-08-15T04:12:50.587+00:00"},"s":"I",  "c":"INDEX",    "id":20345,   "ctx":"OplogApplier-0","msg":"Index build: done building","attr":{"buildUUID":null,"namespace":"config.locks","index":"_id_","commitTimestamp":{"$timestamp":{"t":1786767170,"i":13}}}}
{"t":{"$date":"2026-08-15T04:12:50.602+00:00"},"s":"I",  "c":"INDEX",    "id":20345,   "ctx":"OplogApplier-0","msg":"Index build: done building","attr":{"buildUUID":null,"namespace":"config.locks","index":"ts_1","commitTimestamp":{"$timestamp":{"t":1786767170,"i":14}}}}
{"t":{"$date":"2026-08-15T04:12:50.621+00:00"},"s":"I",  "c":"INDEX",    "id":20345,   "ctx":"OplogApplier-0","msg":"Index build: done building","attr":{"buildUUID":null,"namespace":"config.locks","index":"state_1_process_1","commitTimestamp":{"$timestamp":{"t":1786767170,"i":15}}}}
{"t":{"$date":"2026-08-15T04:12:50.623+00:00"},"s":"F",  "c":"-",        "id":23081,   "ctx":"OplogApplier-0","msg":"Invariant failure","attr":{"expr":"collection->isEmpty(opCtx)","msg":"c63241be-c6f1-413a-959b-703b2ed5547e","file":"src/mongo/db/index_builds_coordinator.cpp","line":1478}}
{"t":{"$date":"2026-08-15T04:12:50.623+00:00"},"s":"F",  "c":"-",        "id":23082,   "ctx":"OplogApplier-0","msg":"\n\n***aborting after invariant() failure\n\n"}
{"t":{"$date":"2026-08-15T04:12:50.623+00:00"},"s":"F",  "c":"CONTROL",  "id":4757800, "ctx":"OplogApplier-0","msg":"Writing fatal message","attr":{"message":"Got signal: 6 (Aborted).\n"}}
{"t":{"$date":"2026-08-15T04:12:50.723+00:00"},"s":"I",  "c":"CONTROL",  "id":31431,   "ctx":"OplogApplier-0","msg":"BACKTRACE: {bt}","attr":{"bt":{"backtrace":[{"a":"607BC392E7A1","b":"607BC0C73000","o":"2CBB7A1","s":"_ZN5mongo18stack_trace_detail12_GLOBAL__N_119printStackTraceImplERKNS1_7OptionsEPNS_14StackTraceSinkE.constprop.606","s+":"1E1"},{"a":"607BC392FE49","b":"607BC0C73000","o":"2CBCE49","s":"_ZN5mongo15printStackTraceEv","s+":"29"},{"a":"607BC392D636","b":"607BC0C73000","o":"2CBA636","s":"_ZN5mongo12_GLOBAL__N_116abruptQuitActionEiP9siginfo_tPv","s+":"66"},{"a":"7AE61B2EE8A0","b":"7AE61B2DC000","o":"128A0","s":"funlockfile","s+":"50"},{"a":"7AE61AF29F47","b":"7AE61AEEB000","o":"3EF47","s":"gsignal","s+":"C7"},{"a":"7AE61AF2B8B1","b":"7AE61AEEB000","o":"408B1","s":"abort","s+":"141"},{"a":"607BC1B76CE8","b":"607BC0C73000","o":"F03CE8","s":"_ZN5mongo22invariantFailedWithMsgEPKcRKNSt7__cxx1112basic_stringIcSt11char_traitsIcESaIcEEES1_j","s+":"153"},{"a":"607BC25E62FE","b":"607BC0C73000","o":"19732FE","s":"_ZN5mongo22IndexBuildsCoordinator30createIndexesOnEmptyCollectionEPNS_16OperationContextENS_4UUIDERKSt6vectorINS_7BSONObjESaIS5_EEb","s+":"30E"},{"a":"607BC221D154","b":"607BC0C73000","o":"15AA154","s":"_ZZN5mongo10ShardLocal19createIndexOnConfigEPNS_16OperationContextERKNS_15NamespaceStringERKNS_7BSONObjEbENKUlvE0_clEv","s+":"64"},{"a":"607BC221DD31","b":"607BC0C73000","o":"15AAD31","s":"_ZN5mongo10ShardLocal19createIndexOnConfigEPNS_16OperationContextERKNS_15NamespaceStringERKNS_7BSONObjEb","s+":"4B1"},{"a":"607BC229E4C1","b":"607BC0C73000","o":"162B4C1","s":"_ZN5mongo22ShardingCatalogManager18_initConfigIndexesEPNS_16OperationContextE","s+":"DE1"},{"a":"607BC22A1634","b":"607BC0C73000","o":"162E634","s":"_ZN5mongo22ShardingCatalogManager32initializeConfigDatabaseIfNeededEPNS_16OperationContextE","s+":"54"},{"a":"607BC1EE254A","b":"607BC0C73000","o":"126F54A","s":"_ZN5mongo4repl39ReplicationCoordinatorExternalStateImpl34_shardingOnTransitionToPrimaryHookEPNS_16OperationContextE","s+":"24A"},{"a":"607BC1EE3E3B","b":"607BC0C73000","o":"1270E3B","s":"_ZN5mongo4repl39ReplicationCoordinatorExternalStateImpl21onTransitionToPrimaryEPNS_16OperationContextE","s+":"23B"},{"a":"607BC1F23528","b":"607BC0C73000","o":"12B0528","s":"_ZN5mongo4repl26ReplicationCoordinatorImpl19signalDrainCompleteEPNS_16OperationContextEx","s+":"418"},{"a":"607BC1FB4E04","b":"607BC0C73000","o":"1341E04","s":"_ZN5mongo4repl16OplogApplierImpl4_runEPNS0_11OplogBufferE","s+":"904"},{"a":"607BC2003AD8","b":"607BC0C73000","o":"1390AD8","s":"_ZZN5mongo15unique_functionIFvRKNS_8executor12TaskExecutor12CallbackArgsEEE8makeImplIZNS_4repl12OplogApplier7startupEvEUlS5_E_EEDaOT_EN12SpecificImpl4callES5_","s+":"F8"},{"a":"607BC32BD313","b":"607BC0C73000","o":"264A313","s":"_ZN5mongo8executor22ThreadPoolTaskExecutor11runCallbackESt10shared_ptrINS1_13CallbackStateEE","s+":"113"},{"a":"607BC32BD722","b":"607BC0C73000","o":"264A722","s":"_ZZN5mongo15unique_functionIFvNS_6StatusEEE8makeImplIZNS_8executor22ThreadPoolTaskExecutor23scheduleIntoPool_inlockEPNSt7__cxx114listISt10shared_ptrINS6_13CallbackStateEESaISB_EEERKSt14_List_iteratorISB_ESI_St11unique_lockINS_12latch_detail5LatchEEEUlT_E1_EEDaOSN_EN12SpecificImpl4callEOS1_","s+":"A2"},{"a":"607BC3466ED2","b":"607BC0C73000","o":"27F3ED2","s":"_ZN5mongo10ThreadPool10_doOneTaskEPSt11unique_lockINS_12latch_detail5LatchEE","s+":"132"},{"a":"607BC34696F6","b":"607BC0C73000","o":"27F66F6","s":"_ZN5mongo10ThreadPool13_consumeTasksEv","s+":"86"},{"a":"607BC346A4A1","b":"607BC0C73000","o":"27F74A1","s":"_ZN5mongo10ThreadPool17_workerThreadBodyEPS0_RKNSt7__cxx1112basic_stringIcSt11char_traitsIcESaIcEEE","s+":"E1"},{"a":"607BC346A7D0","b":"607BC0C73000","o":"27F77D0","s":"_ZNSt6thread11_State_implINS_8_InvokerISt5tupleIJZN5mongo4stdx6threadC4IZNS3_10ThreadPool25_startWorkerThread_inlockEvEUlvE2_JELi0EEET_DpOT0_EUlvE_EEEEE6_M_runEv","s+":"60"},{"a":"607BC3ADE84F","b":"607BC0C73000","o":"2E6B84F","s":"execute_native_thread_routine","s+":"F"},{"a":"7AE61B2E36DB","b":"7AE61B2DC000","o":"76DB","s":"start_thread","s+":"DB"},{"a":"7AE61B00CA3F","b":"7AE61AEEB000","o":"121A3F","s":"clone","s+":"3F"}],"processInfo":{"mongodbVersion":"4.4.0","gitVersion":"563487e100c4215e2dce98d0af2a6a5a2d67c5cf","compiledModules":[],"uname":{"sysname":"Linux","release":"6.8.0-136-generic","version":"#136-Ubuntu SMP PREEMPT_DYNAMIC Wed Jul  1 21:53:05 UTC 2026","machine":"x86_64"},"somap":[{"b":"607BC0C73000","elfType":3,"buildId":"14305847E9FA096FFA6F2C49379C2CAE0A1A6A39"},{"b":"7AE61B2DC000","path":"/lib/x86_64-linux-gnu/libpthread.so.0","elfType":3,"buildId":"BC3C06107774266C5F7DB3F1F380A3DA68AF90FA"},{"b":"7AE61AEEB000","path":"/lib/x86_64-linux-gnu/libc.so.6","elfType":3,"buildId":"D3CF764B2F97AC3EFE366DDD07AD902FB6928FD7"}]}}}}
{"t":{"$date":"2026-08-15T04:12:50.723+00:00"},"s":"I",  "c":"CONTROL",  "id":31427,   "ctx":"OplogApplier-0","msg":"  Frame: {frame}","attr":{"frame":{"a":"607BC392E7A1","b":"607BC0C73000","o":"2CBB7A1","s":"_ZN5mongo18stack_trace_detail12_GLOBAL__N_119printStackTraceImplERKNS1_7OptionsEPNS_14StackTraceSinkE.constprop.606","s+":"1E1"}}}
{"t":{"$date":"2026-08-15T04:12:50.723+00:00"},"s":"I",  "c":"CONTROL",  "id":31427,   "ctx":"OplogApplier-0","msg":"  Frame: {frame}","attr":{"frame":{"a":"607BC392FE49","b":"607BC0C73000","o":"2CBCE49","s":"_ZN5mongo15printStackTraceEv","s+":"29"}}}
{"t":{"$date":"2026-08-15T04:12:50.723+00:00"},"s":"I",  "c":"CONTROL",  "id":31427,   "ctx":"OplogApplier-0","msg":"  Frame: {frame}","attr":{"frame":{"a":"607BC392D636","b":"607BC0C73000","o":"2CBA636","s":"_ZN5mongo12_GLOBAL__N_116abruptQuitActionEiP9siginfo_tPv","s+":"66"}}}
{"t":{"$date":"2026-08-15T04:12:50.723+00:00"},"s":"I",  "c":"CONTROL",  "id":31427,   "ctx":"OplogApplier-0","msg":"  Frame: {frame}","attr":{"frame":{"a":"7AE61B2EE8A0","b":"7AE61B2DC000","o":"128A0","s":"funlockfile","s+":"50"}}}
{"t":{"$date":"2026-08-15T04:12:50.723+00:00"},"s":"I",  "c":"CONTROL",  "id":31427,   "ctx":"OplogApplier-0","msg":"  Frame: {frame}","attr":{"frame":{"a":"7AE61AF29F47","b":"7AE61AEEB000","o":"3EF47","s":"gsignal","s+":"C7"}}}
{"t":{"$date":"2026-08-15T04:12:50.723+00:00"},"s":"I",  "c":"CONTROL",  "id":31427,   "ctx":"OplogApplier-0","msg":"  Frame: {frame}","attr":{"frame":{"a":"7AE61AF2B8B1","b":"7AE61AEEB000","o":"408B1","s":"abort","s+":"141"}}}
{"t":{"$date":"2026-08-15T04:12:50.723+00:00"},"s":"I",  "c":"CONTROL",  "id":31427,   "ctx":"OplogApplier-0","msg":"  Frame: {frame}","attr":{"frame":{"a":"607BC1B76CE8","b":"607BC0C73000","o":"F03CE8","s":"_ZN5mongo22invariantFailedWithMsgEPKcRKNSt7__cxx1112basic_stringIcSt11char_traitsIcESaIcEEES1_j","s+":"153"}}}
{"t":{"$date":"2026-08-15T04:12:50.723+00:00"},"s":"I",  "c":"CONTROL",  "id":31427,   "ctx":"OplogApplier-0","msg":"  Frame: {frame}","attr":{"frame":{"a":"607BC25E62FE","b":"607BC0C73000","o":"19732FE","s":"_ZN5mongo22IndexBuildsCoordinator30createIndexesOnEmptyCollectionEPNS_16OperationContextENS_4UUIDERKSt6vectorINS_7BSONObjESaIS5_EEb","s+":"30E"}}}
{"t":{"$date":"2026-08-15T04:12:50.723+00:00"},"s":"I",  "c":"CONTROL",  "id":31427,   "ctx":"OplogApplier-0","msg":"  Frame: {frame}","attr":{"frame":{"a":"607BC221D154","b":"607BC0C73000","o":"15AA154","s":"_ZZN5mongo10ShardLocal19createIndexOnConfigEPNS_16OperationContextERKNS_15NamespaceStringERKNS_7BSONObjEbENKUlvE0_clEv","s+":"64"}}}
{"t":{"$date":"2026-08-15T04:12:50.723+00:00"},"s":"I",  "c":"CONTROL",  "id":31427,   "ctx":"OplogApplier-0","msg":"  Frame: {frame}","attr":{"frame":{"a":"607BC221DD31","b":"607BC0C73000","o":"15AAD31","s":"_ZN5mongo10ShardLocal19createIndexOnConfigEPNS_16OperationContextERKNS_15NamespaceStringERKNS_7BSONObjEb","s+":"4B1"}}}
{"t":{"$date":"2026-08-15T04:12:50.723+00:00"},"s":"I",  "c":"CONTROL",  "id":31427,   "ctx":"OplogApplier-0","msg":"  Frame: {frame}","attr":{"frame":{"a":"607BC229E4C1","b":"607BC0C73000","o":"162B4C1","s":"_ZN5mongo22ShardingCatalogManager18_initConfigIndexesEPNS_16OperationContextE","s+":"DE1"}}}
{"t":{"$date":"2026-08-15T04:12:50.723+00:00"},"s":"I",  "c":"CONTROL",  "id":31427,   "ctx":"OplogApplier-0","msg":"  Frame: {frame}","attr":{"frame":{"a":"607BC22A1634","b":"607BC0C73000","o":"162E634","s":"_ZN5mongo22ShardingCatalogManager32initializeConfigDatabaseIfNeededEPNS_16OperationContextE","s+":"54"}}}
{"t":{"$date":"2026-08-15T04:12:50.723+00:00"},"s":"I",  "c":"CONTROL",  "id":31427,   "ctx":"OplogApplier-0","msg":"  Frame: {frame}","attr":{"frame":{"a":"607BC1EE254A","b":"607BC0C73000","o":"126F54A","s":"_ZN5mongo4repl39ReplicationCoordinatorExternalStateImpl34_shardingOnTransitionToPrimaryHookEPNS_16OperationContextE","s+":"24A"}}}
{"t":{"$date":"2026-08-15T04:12:50.723+00:00"},"s":"I",  "c":"CONTROL",  "id":31427,   "ctx":"OplogApplier-0","msg":"  Frame: {frame}","attr":{"frame":{"a":"607BC1EE3E3B","b":"607BC0C73000","o":"1270E3B","s":"_ZN5mongo4repl39ReplicationCoordinatorExternalStateImpl21onTransitionToPrimaryEPNS_16OperationContextE","s+":"23B"}}}
{"t":{"$date":"2026-08-15T04:12:50.723+00:00"},"s":"I",  "c":"CONTROL",  "id":31427,   "ctx":"OplogApplier-0","msg":"  Frame: {frame}","attr":{"frame":{"a":"607BC1F23528","b":"607BC0C73000","o":"12B0528","s":"_ZN5mongo4repl26ReplicationCoordinatorImpl19signalDrainCompleteEPNS_16OperationContextEx","s+":"418"}}}
{"t":{"$date":"2026-08-15T04:12:50.724+00:00"},"s":"I",  "c":"CONTROL",  "id":31427,   "ctx":"OplogApplier-0","msg":"  Frame: {frame}","attr":{"frame":{"a":"607BC1FB4E04","b":"607BC0C73000","o":"1341E04","s":"_ZN5mongo4repl16OplogApplierImpl4_runEPNS0_11OplogBufferE","s+":"904"}}}
{"t":{"$date":"2026-08-15T04:12:50.724+00:00"},"s":"I",  "c":"CONTROL",  "id":31427,   "ctx":"OplogApplier-0","msg":"  Frame: {frame}","attr":{"frame":{"a":"607BC2003AD8","b":"607BC0C73000","o":"1390AD8","s":"_ZZN5mongo15unique_functionIFvRKNS_8executor12TaskExecutor12CallbackArgsEEE8makeImplIZNS_4repl12OplogApplier7startupEvEUlS5_E_EEDaOT_EN12SpecificImpl4callES5_","s+":"F8"}}}
{"t":{"$date":"2026-08-15T04:12:50.724+00:00"},"s":"I",  "c":"CONTROL",  "id":31427,   "ctx":"OplogApplier-0","msg":"  Frame: {frame}","attr":{"frame":{"a":"607BC32BD313","b":"607BC0C73000","o":"264A313","s":"_ZN5mongo8executor22ThreadPoolTaskExecutor11runCallbackESt10shared_ptrINS1_13CallbackStateEE","s+":"113"}}}
{"t":{"$date":"2026-08-15T04:12:50.724+00:00"},"s":"I",  "c":"CONTROL",  "id":31427,   "ctx":"OplogApplier-0","msg":"  Frame: {frame}","attr":{"frame":{"a":"607BC32BD722","b":"607BC0C73000","o":"264A722","s":"_ZZN5mongo15unique_functionIFvNS_6StatusEEE8makeImplIZNS_8executor22ThreadPoolTaskExecutor23scheduleIntoPool_inlockEPNSt7__cxx114listISt10shared_ptrINS6_13CallbackStateEESaISB_EEERKSt14_List_iteratorISB_ESI_St11unique_lockINS_12latch_detail5LatchEEEUlT_E1_EEDaOSN_EN12SpecificImpl4callEOS1_","s+":"A2"}}}
{"t":{"$date":"2026-08-15T04:12:50.724+00:00"},"s":"I",  "c":"CONTROL",  "id":31427,   "ctx":"OplogApplier-0","msg":"  Frame: {frame}","attr":{"frame":{"a":"607BC3466ED2","b":"607BC0C73000","o":"27F3ED2","s":"_ZN5mongo10ThreadPool10_doOneTaskEPSt11unique_lockINS_12latch_detail5LatchEE","s+":"132"}}}
{"t":{"$date":"2026-08-15T04:12:50.724+00:00"},"s":"I",  "c":"CONTROL",  "id":31427,   "ctx":"OplogApplier-0","msg":"  Frame: {frame}","attr":{"frame":{"a":"607BC34696F6","b":"607BC0C73000","o":"27F66F6","s":"_ZN5mongo10ThreadPool13_consumeTasksEv","s+":"86"}}}
{"t":{"$date":"2026-08-15T04:12:50.724+00:00"},"s":"I",  "c":"CONTROL",  "id":31427,   "ctx":"OplogApplier-0","msg":"  Frame: {frame}","attr":{"frame":{"a":"607BC346A4A1","b":"607BC0C73000","o":"27F74A1","s":"_ZN5mongo10ThreadPool17_workerThreadBodyEPS0_RKNSt7__cxx1112basic_stringIcSt11char_traitsIcESaIcEEE","s+":"E1"}}}
{"t":{"$date":"2026-08-15T04:12:50.724+00:00"},"s":"I",  "c":"CONTROL",  "id":31427,   "ctx":"OplogApplier-0","msg":"  Frame: {frame}","attr":{"frame":{"a":"607BC346A7D0","b":"607BC0C73000","o":"27F77D0","s":"_ZNSt6thread11_State_implINS_8_InvokerISt5tupleIJZN5mongo4stdx6threadC4IZNS3_10ThreadPool25_startWorkerThread_inlockEvEUlvE2_JELi0EEET_DpOT0_EUlvE_EEEEE6_M_runEv","s+":"60"}}}
{"t":{"$date":"2026-08-15T04:12:50.724+00:00"},"s":"I",  "c":"CONTROL",  "id":31427,   "ctx":"OplogApplier-0","msg":"  Frame: {frame}","attr":{"frame":{"a":"607BC3ADE84F","b":"607BC0C73000","o":"2E6B84F","s":"execute_native_thread_routine","s+":"F"}}}
{"t":{"$date":"2026-08-15T04:12:50.724+00:00"},"s":"I",  "c":"CONTROL",  "id":31427,   "ctx":"OplogApplier-0","msg":"  Frame: {frame}","attr":{"frame":{"a":"7AE61B2E36DB","b":"7AE61B2DC000","o":"76DB","s":"start_thread","s+":"DB"}}}
{"t":{"$date":"2026-08-15T04:12:50.724+00:00"},"s":"I",  "c":"CONTROL",  "id":31427,   "ctx":"OplogApplier-0","msg":"  Frame: {frame}","attr":{"frame":{"a":"7AE61B00CA3F","b":"7AE61AEEB000","o":"121A3F","s":"clone","s+":"3F"}}}
