INFO  [main] 2026-08-10 10:43:42,478 YamlConfigurationLoader.java:89 - Configuration location: file:/etc/cassandra/cassandra.yaml
INFO  [main] 2026-08-10 10:43:42,641 Config.java:516 - Node configuration:[allocate_tokens_for_keyspace=null; authenticator=AllowAllAuthenticator; authorizer=AllowAllAuthorizer; auto_bootstrap=true; auto_snapshot=true; back_pressure_enabled=false; back_pressure_strategy=org.apache.cassandra.net.RateBasedBackPressure{high_ratio=0.9, factor=5, flow=FAST}; batch_size_fail_threshold_in_kb=50; batch_size_warn_threshold_in_kb=5; batchlog_replay_throttle_in_kb=1024; broadcast_address=172.18.0.2; broadcast_rpc_address=172.18.0.2; buffer_pool_use_heap_if_exhausted=true; cas_contention_timeout_in_ms=1000; cdc_enabled=false; cdc_free_space_check_interval_ms=250; cdc_raw_directory=null; cdc_total_space_in_mb=0; client_encryption_options=<REDACTED>; cluster_name=Test Cluster; column_index_cache_size_in_kb=2; column_index_size_in_kb=64; commit_failure_policy=stop; commitlog_compression=null; commitlog_directory=null; commitlog_max_compression_buffers_in_pool=3; commitlog_periodic_queue_size=-1; commitlog_segment_size_in_mb=32; commitlog_sync=periodic; commitlog_sync_batch_window_in_ms=NaN; commitlog_sync_period_in_ms=10000; commitlog_total_space_in_mb=null; compaction_large_partition_warning_threshold_mb=100; compaction_throughput_mb_per_sec=16; concurrent_compactors=null; concurrent_counter_writes=32; concurrent_materialized_view_writes=32; concurrent_reads=32; concurrent_replicates=null; concurrent_writes=32; counter_cache_keys_to_save=2147483647; counter_cache_save_period=7200; counter_cache_size_in_mb=null; counter_write_request_timeout_in_ms=5000; credentials_cache_max_entries=1000; credentials_update_interval_in_ms=-1; credentials_validity_in_ms=2000; cross_node_timeout=false; data_file_directories=[Ljava.lang.String;@5906ebcb; disk_access_mode=auto; disk_failure_policy=stop; disk_optimization_estimate_percentile=0.95; disk_optimization_page_cross_chance=0.1; disk_optimization_strategy=ssd; dynamic_snitch=true; dynamic_snitch_badness_threshold=0.1; dynamic_snitch_reset_interval_in_ms=600000; dynamic_snitch_update_interval_in_ms=100; enable_materialized_views=true; enable_sasi_indexes=true; enable_scripted_user_defined_functions=false; enable_user_defined_functions=false; enable_user_defined_functions_threads=true; encryption_options=null; endpoint_snitch=SimpleSnitch; file_cache_round_up=null; file_cache_size_in_mb=null; gc_log_threshold_in_ms=200; gc_warn_threshold_in_ms=1000; hinted_handoff_disabled_datacenters=[]; hinted_handoff_enabled=true; hinted_handoff_throttle_in_kb=1024; hints_compression=null; hints_directory=null; hints_flush_period_in_ms=10000; incremental_backups=false; index_interval=null; index_summary_capacity_in_mb=null; index_summary_resize_interval_in_minutes=60; initial_token=null; inter_dc_stream_throughput_outbound_megabits_per_sec=200; inter_dc_tcp_nodelay=false; internode_authenticator=null; internode_compression=dc; internode_recv_buff_size_in_bytes=0; internode_send_buff_size_in_bytes=0; key_cache_keys_to_save=2147483647; key_cache_save_period=14400; key_cache_size_in_mb=null; listen_address=172.18.0.2; listen_interface=null; listen_interface_prefer_ipv6=false; listen_on_broadcast_address=false; max_hint_window_in_ms=10800000; max_hints_delivery_threads=2; max_hints_file_size_in_mb=128; max_mutation_size_in_kb=null; max_streaming_retries=3; max_value_size_in_mb=256; memtable_allocation_type=heap_buffers; memtable_cleanup_threshold=null; memtable_flush_writers=0; memtable_heap_space_in_mb=null; memtable_offheap_space_in_mb=null; min_free_space_per_drive_in_mb=50; native_transport_flush_in_batches_legacy=true; native_transport_max_concurrent_connections=-1; native_transport_max_concurrent_connections_per_ip=-1; native_transport_max_concurrent_requests_in_bytes=-1; native_transport_max_concurrent_requests_in_bytes_per_ip=-1; native_transport_max_frame_size_in_mb=256; native_transport_max_negotiable_protocol_version=-2147483648; native_transport_max_threads=128; native_transport_port=9042; native_transport_port_ssl=null; num_tokens=256; otc_backlog_expiration_interval_ms=200; otc_coalescing_enough_coalesced_messages=8; otc_coalescing_strategy=DISABLED; otc_coalescing_window_us=200; partitioner=org.apache.cassandra.dht.Murmur3Partitioner; permissions_cache_max_entries=1000; permissions_update_interval_in_ms=-1; permissions_validity_in_ms=2000; phi_convict_threshold=8.0; prepared_statements_cache_size_mb=null; range_request_timeout_in_ms=10000; read_request_timeout_in_ms=5000; repair_session_max_tree_depth=18; request_scheduler=org.apache.cassandra.scheduler.NoScheduler; request_scheduler_id=null; request_scheduler_options=null; request_timeout_in_ms=10000; role_manager=CassandraRoleManager; roles_cache_max_entries=1000; roles_update_interval_in_ms=-1; roles_validity_in_ms=2000; row_cache_class_name=org.apache.cassandra.cache.OHCProvider; row_cache_keys_to_save=2147483647; row_cache_save_period=0; row_cache_size_in_mb=0; rpc_address=0.0.0.0; rpc_interface=null; rpc_interface_prefer_ipv6=false; rpc_keepalive=true; rpc_listen_backlog=50; rpc_max_threads=2147483647; rpc_min_threads=16; rpc_port=9160; rpc_recv_buff_size_in_bytes=null; rpc_send_buff_size_in_bytes=null; rpc_server_type=sync; saved_caches_directory=null; seed_provider=org.apache.cassandra.locator.SimpleSeedProvider{seeds=172.18.0.2}; server_encryption_options=<REDACTED>; slow_query_log_timeout_in_ms=500; snapshot_before_compaction=false; ssl_storage_port=7001; sstable_preemptive_open_interval_in_mb=50; start_native_transport=true; start_rpc=false; storage_port=7000; stream_throughput_outbound_megabits_per_sec=200; streaming_keep_alive_period_in_secs=300; streaming_socket_timeout_in_ms=86400000; thrift_framed_transport_size_in_mb=15; thrift_max_message_length_in_mb=16; thrift_prepared_statements_cache_size_mb=null; tombstone_failure_threshold=100000; tombstone_warn_threshold=1000; tracetype_query_ttl=86400; tracetype_repair_ttl=604800; transparent_data_encryption_options=org.apache.cassandra.config.TransparentDataEncryptionOptions@258e2e41; trickle_fsync=false; trickle_fsync_interval_in_kb=10240; truncate_request_timeout_in_ms=60000; unlogged_batch_across_partitions_warn_threshold=10; user_defined_function_fail_timeout=1500; user_defined_function_warn_timeout=500; user_function_timeout_policy=die; windows_timer_interval=1; write_request_timeout_in_ms=2000]
INFO  [main] 2026-08-10 10:43:42,641 DatabaseDescriptor.java:381 - DiskAccessMode 'auto' determined to be mmap, indexAccessMode is mmap
INFO  [main] 2026-08-10 10:43:42,642 DatabaseDescriptor.java:439 - Global memtable on-heap threshold is enabled at 938MB
INFO  [main] 2026-08-10 10:43:42,642 DatabaseDescriptor.java:443 - Global memtable off-heap threshold is enabled at 938MB
INFO  [main] 2026-08-10 10:43:42,724 RateBasedBackPressure.java:123 - Initialized back-pressure with high ratio: 0.9, factor: 5, flow: FAST, window size: 2000.
INFO  [main] 2026-08-10 10:43:42,724 DatabaseDescriptor.java:773 - Back-pressure is disabled with strategy org.apache.cassandra.net.RateBasedBackPressure{high_ratio=0.9, factor=5, flow=FAST}.
INFO  [main] 2026-08-10 10:43:42,791 JMXServerUtils.java:246 - Configured JMX server at: service:jmx:rmi://127.0.0.1/jndi/rmi://127.0.0.1:7199/jmxrmi
INFO  [main] 2026-08-10 10:43:42,796 CassandraDaemon.java:489 - Hostname: f8c4882517be
INFO  [main] 2026-08-10 10:43:42,796 CassandraDaemon.java:496 - JVM vendor/version: OpenJDK 64-Bit Server VM/1.8.0_262
INFO  [main] 2026-08-10 10:43:42,797 CassandraDaemon.java:497 - Heap size: 3.666GiB/3.666GiB
INFO  [main] 2026-08-10 10:43:42,797 CassandraDaemon.java:502 - Code Cache Non-heap memory: init = 2555904(2496K) used = 6964032(6800K) committed = 7012352(6848K) max = 251658240(245760K)
INFO  [main] 2026-08-10 10:43:42,798 CassandraDaemon.java:502 - Metaspace Non-heap memory: init = 0(0K) used = 17316920(16911K) committed = 17956864(17536K) max = -1(-1K)
INFO  [main] 2026-08-10 10:43:42,798 CassandraDaemon.java:502 - Compressed Class Space Non-heap memory: init = 0(0K) used = 2116592(2066K) committed = 2228224(2176K) max = 1073741824(1048576K)
INFO  [main] 2026-08-10 10:43:42,798 CassandraDaemon.java:502 - Par Eden Space Heap memory: init = 807010304(788096K) used = 193695960(189156K) committed = 807010304(788096K) max = 807010304(788096K)
INFO  [main] 2026-08-10 10:43:42,798 CassandraDaemon.java:502 - Par Survivor Space Heap memory: init = 100859904(98496K) used = 0(0K) committed = 100859904(98496K) max = 100859904(98496K)
INFO  [main] 2026-08-10 10:43:42,806 CassandraDaemon.java:502 - CMS Old Gen Heap memory: init = 3028287488(2957312K) used = 0(0K) committed = 3028287488(2957312K) max = 3028287488(2957312K)
INFO  [main] 2026-08-10 10:43:42,807 CassandraDaemon.java:504 - Classpath: /etc/cassandra:/opt/cassandra/build/classes/main:/opt/cassandra/build/classes/thrift:/opt/cassandra/lib/HdrHistogram-2.1.9.jar:/opt/cassandra/lib/ST4-4.0.8.jar:/opt/cassandra/lib/airline-0.6.jar:/opt/cassandra/lib/antlr-runtime-3.5.2.jar:/opt/cassandra/lib/apache-cassandra-3.11.6.jar:/opt/cassandra/lib/apache-cassandra-thrift-3.11.6.jar:/opt/cassandra/lib/asm-5.0.4.jar:/opt/cassandra/lib/caffeine-2.2.6.jar:/opt/cassandra/lib/cassandra-driver-core-3.0.1-shaded.jar:/opt/cassandra/lib/commons-cli-1.1.jar:/opt/cassandra/lib/commons-codec-1.9.jar:/opt/cassandra/lib/commons-lang3-3.1.jar:/opt/cassandra/lib/commons-math3-3.2.jar:/opt/cassandra/lib/compress-lzf-0.8.4.jar:/opt/cassandra/lib/concurrent-trees-2.4.0.jar:/opt/cassandra/lib/concurrentlinkedhashmap-lru-1.4.jar:/opt/cassandra/lib/disruptor-3.0.1.jar:/opt/cassandra/lib/ecj-4.4.2.jar:/opt/cassandra/lib/guava-18.0.jar:/opt/cassandra/lib/high-scale-lib-1.0.6.jar:/opt/cassandra/lib/hppc-0.5.4.jar:/opt/cassandra/lib/jackson-core-asl-1.9.13.jar:/opt/cassandra/lib/jackson-mapper-asl-1.9.13.jar:/opt/cassandra/lib/jamm-0.3.0.jar:/opt/cassandra/lib/javax.inject.jar:/opt/cassandra/lib/jbcrypt-0.3m.jar:/opt/cassandra/lib/jcl-over-slf4j-1.7.7.jar:/opt/cassandra/lib/jctools-core-1.2.1.jar:/opt/cassandra/lib/jflex-1.6.0.jar:/opt/cassandra/lib/jna-4.2.2.jar:/opt/cassandra/lib/joda-time-2.4.jar:/opt/cassandra/lib/json-simple-1.1.jar:/opt/cassandra/lib/jstackjunit-0.0.1.jar:/opt/cassandra/lib/libthrift-0.9.2.jar:/opt/cassandra/lib/log4j-over-slf4j-1.7.7.jar:/opt/cassandra/lib/logback-classic-1.1.3.jar:/opt/cassandra/lib/logback-core-1.1.3.jar:/opt/cassandra/lib/lz4-1.3.0.jar:/opt/cassandra/lib/metrics-core-3.1.5.jar:/opt/cassandra/lib/metrics-jvm-3.1.5.jar:/opt/cassandra/lib/metrics-logback-3.1.5.jar:/opt/cassandra/lib/netty-all-4.0.44.Final.jar:/opt/cassandra/lib/ohc-core-0.4.4.jar:/opt/cassandra/lib/ohc-core-j8-0.4.4.jar:/opt/cassandra/lib/reporter-config-base-3.0.3.jar:/opt/cassandra/lib/reporter-config3-3.0.3.jar:/opt/cassandra/lib/sigar-1.6.4.jar:/opt/cassandra/lib/slf4j-api-1.7.7.jar:/opt/cassandra/lib/snakeyaml-1.11.jar:/opt/cassandra/lib/snappy-java-1.1.1.7.jar:/opt/cassandra/lib/snowball-stemmer-1.3.0.581.1.jar:/opt/cassandra/lib/stream-2.5.2.jar:/opt/cassandra/lib/thrift-server-0.3.7.jar:/opt/cassandra/lib/jsr223/*/*.jar:/opt/cassandra/lib/jamm-0.3.0.jar
INFO  [main] 2026-08-10 10:43:42,807 CassandraDaemon.java:506 - JVM Arguments: [-Xloggc:/opt/cassandra/logs/gc.log, -ea, -XX:+UseThreadPriorities, -XX:ThreadPriorityPolicy=42, -XX:+HeapDumpOnOutOfMemoryError, -Xss256k, -XX:StringTableSize=1000003, -XX:+AlwaysPreTouch, -XX:-UseBiasedLocking, -XX:+UseTLAB, -XX:+ResizeTLAB, -XX:+UseNUMA, -XX:+PerfDisableSharedMem, -Djava.net.preferIPv4Stack=true, -XX:+UseParNewGC, -XX:+UseConcMarkSweepGC, -XX:+CMSParallelRemarkEnabled, -XX:SurvivorRatio=8, -XX:MaxTenuringThreshold=1, -XX:CMSInitiatingOccupancyFraction=75, -XX:+UseCMSInitiatingOccupancyOnly, -XX:CMSWaitDuration=10000, -XX:+CMSParallelInitialMarkEnabled, -XX:+CMSEdenChunksRecordAlways, -XX:+CMSClassUnloadingEnabled, -XX:+PrintGCDetails, -XX:+PrintGCDateStamps, -XX:+PrintHeapAtGC, -XX:+PrintTenuringDistribution, -XX:+PrintGCApplicationStoppedTime, -XX:+PrintPromotionFailure, -XX:+UseGCLogFileRotation, -XX:NumberOfGCLogFiles=10, -XX:GCLogFileSize=10M, -Xms3850M, -Xmx3850M, -Xmn962M, -XX:+UseCondCardMark, -XX:CompileCommandFile=/etc/cassandra/hotspot_compiler, -javaagent:/opt/cassandra/lib/jamm-0.3.0.jar, -Dcassandra.jmx.local.port=7199, -Dcom.sun.management.jmxremote.authenticate=false, -Dcom.sun.management.jmxremote.password.file=/etc/cassandra/jmxremote.password, -Djava.library.path=/opt/cassandra/lib/sigar-bin, -Dcassandra.libjemalloc=/usr/lib/x86_64-linux-gnu/libjemalloc.so.1, -XX:OnOutOfMemoryError=kill -9 %p, -Dlogback.configurationFile=logback.xml, -Dcassandra.logdir=/opt/cassandra/logs, -Dcassandra.storagedir=/opt/cassandra/data, -Dcassandra-foreground=yes]
WARN  [main] 2026-08-10 10:43:42,839 NativeLibrary.java:189 - Unable to lock JVM memory (ENOMEM). This can result in part of the JVM being swapped out, especially with mmapped I/O enabled. Increase RLIMIT_MEMLOCK or run Cassandra as root.
INFO  [main] 2026-08-10 10:43:42,839 StartupChecks.java:140 - jemalloc seems to be preloaded from /usr/lib/x86_64-linux-gnu/libjemalloc.so.1
WARN  [main] 2026-08-10 10:43:42,839 StartupChecks.java:169 - JMX is not enabled to receive remote connections. Please see cassandra-env.sh for more info.
INFO  [main] 2026-08-10 10:43:42,841 SigarLibrary.java:44 - Initializing SIGAR library
WARN  [main] 2026-08-10 10:43:42,847 SigarLibrary.java:174 - Cassandra server running in degraded mode. Is swap disabled? : false,  Address space adequate? : true,  nofile limit adequate? : true, nproc limit adequate? : true 
WARN  [main] 2026-08-10 10:43:42,858 StartupChecks.java:332 - Directory /opt/cassandra/data/data doesn't exist
WARN  [main] 2026-08-10 10:43:42,862 StartupChecks.java:332 - Directory /opt/cassandra/data/commitlog doesn't exist
WARN  [main] 2026-08-10 10:43:42,863 StartupChecks.java:332 - Directory /opt/cassandra/data/saved_caches doesn't exist
WARN  [main] 2026-08-10 10:43:42,863 StartupChecks.java:332 - Directory /opt/cassandra/data/hints doesn't exist
INFO  [main] 2026-08-10 10:43:42,904 QueryProcessor.java:116 - Initialized prepared statement caches with 14 MB (native) and 14 MB (Thrift)
INFO  [main] 2026-08-10 10:43:43,227 ColumnFamilyStore.java:427 - Initializing system.IndexInfo
INFO  [main] 2026-08-10 10:43:43,582 ColumnFamilyStore.java:427 - Initializing system.batches
INFO  [main] 2026-08-10 10:43:43,585 ColumnFamilyStore.java:427 - Initializing system.paxos
INFO  [main] 2026-08-10 10:43:43,592 ColumnFamilyStore.java:427 - Initializing system.local
INFO  [main] 2026-08-10 10:43:43,598 ColumnFamilyStore.java:427 - Initializing system.peers
INFO  [main] 2026-08-10 10:43:43,603 ColumnFamilyStore.java:427 - Initializing system.peer_events
INFO  [main] 2026-08-10 10:43:43,607 ColumnFamilyStore.java:427 - Initializing system.range_xfers
INFO  [main] 2026-08-10 10:43:43,612 ColumnFamilyStore.java:427 - Initializing system.compaction_history
INFO  [main] 2026-08-10 10:43:43,616 ColumnFamilyStore.java:427 - Initializing system.sstable_activity
INFO  [main] 2026-08-10 10:43:43,621 ColumnFamilyStore.java:427 - Initializing system.size_estimates
INFO  [main] 2026-08-10 10:43:43,626 ColumnFamilyStore.java:427 - Initializing system.available_ranges
INFO  [main] 2026-08-10 10:43:43,631 ColumnFamilyStore.java:427 - Initializing system.transferred_ranges
INFO  [main] 2026-08-10 10:43:43,635 ColumnFamilyStore.java:427 - Initializing system.views_builds_in_progress
INFO  [main] 2026-08-10 10:43:43,638 ColumnFamilyStore.java:427 - Initializing system.built_views
INFO  [main] 2026-08-10 10:43:43,641 ColumnFamilyStore.java:427 - Initializing system.hints
INFO  [main] 2026-08-10 10:43:43,645 ColumnFamilyStore.java:427 - Initializing system.batchlog
INFO  [main] 2026-08-10 10:43:43,651 ColumnFamilyStore.java:427 - Initializing system.prepared_statements
INFO  [main] 2026-08-10 10:43:43,655 ColumnFamilyStore.java:427 - Initializing system.schema_keyspaces
INFO  [main] 2026-08-10 10:43:43,658 ColumnFamilyStore.java:427 - Initializing system.schema_columnfamilies
INFO  [main] 2026-08-10 10:43:43,662 ColumnFamilyStore.java:427 - Initializing system.schema_columns
INFO  [main] 2026-08-10 10:43:43,666 ColumnFamilyStore.java:427 - Initializing system.schema_triggers
INFO  [main] 2026-08-10 10:43:43,673 ColumnFamilyStore.java:427 - Initializing system.schema_usertypes
INFO  [main] 2026-08-10 10:43:43,677 ColumnFamilyStore.java:427 - Initializing system.schema_functions
INFO  [main] 2026-08-10 10:43:43,682 ColumnFamilyStore.java:427 - Initializing system.schema_aggregates
INFO  [main] 2026-08-10 10:43:43,684 ViewManager.java:137 - Not submitting build tasks for views in keyspace system as storage service is not initialized
INFO  [main] 2026-08-10 10:43:43,738 ApproximateTime.java:44 - Scheduling approximate time-check task with a precision of 10 milliseconds
INFO  [main] 2026-08-10 10:43:43,756 ColumnFamilyStore.java:427 - Initializing system_schema.keyspaces
INFO  [main] 2026-08-10 10:43:43,759 ColumnFamilyStore.java:427 - Initializing system_schema.tables
INFO  [main] 2026-08-10 10:43:43,762 ColumnFamilyStore.java:427 - Initializing system_schema.columns
INFO  [main] 2026-08-10 10:43:43,765 ColumnFamilyStore.java:427 - Initializing system_schema.triggers
INFO  [main] 2026-08-10 10:43:43,768 ColumnFamilyStore.java:427 - Initializing system_schema.dropped_columns
INFO  [main] 2026-08-10 10:43:43,773 ColumnFamilyStore.java:427 - Initializing system_schema.views
INFO  [main] 2026-08-10 10:43:43,777 ColumnFamilyStore.java:427 - Initializing system_schema.types
INFO  [main] 2026-08-10 10:43:43,779 ColumnFamilyStore.java:427 - Initializing system_schema.functions
INFO  [main] 2026-08-10 10:43:43,782 ColumnFamilyStore.java:427 - Initializing system_schema.aggregates
INFO  [main] 2026-08-10 10:43:43,785 ColumnFamilyStore.java:427 - Initializing system_schema.indexes
INFO  [main] 2026-08-10 10:43:43,786 ViewManager.java:137 - Not submitting build tasks for views in keyspace system_schema as storage service is not initialized
INFO  [MemtableFlushWriter:1] 2026-08-10 10:43:44,093 CacheService.java:100 - Initializing key cache with capacity of 100 MBs.
INFO  [MemtableFlushWriter:1] 2026-08-10 10:43:44,097 CacheService.java:122 - Initializing row cache with capacity of 0 MBs
INFO  [MemtableFlushWriter:1] 2026-08-10 10:43:44,098 CacheService.java:151 - Initializing counter cache with capacity of 50 MBs
INFO  [MemtableFlushWriter:1] 2026-08-10 10:43:44,098 CacheService.java:162 - Scheduling counter cache save to every 7200 seconds (going to save all keys).
INFO  [CompactionExecutor:2] 2026-08-10 10:43:44,269 BufferPool.java:234 - Global buffer pool is enabled, when pool is exhausted (max is 512.000MiB) it will allocate on heap
INFO  [main] 2026-08-10 10:43:44,400 StorageService.java:639 - Populating token metadata from system tables
INFO  [main] 2026-08-10 10:43:44,424 StorageService.java:646 - Token metadata: 
INFO  [pool-3-thread-1] 2026-08-10 10:43:44,452 AutoSavingCache.java:174 - Completed loading (1 ms; 5 keys) KeyCache cache
INFO  [main] 2026-08-10 10:43:44,465 CommitLog.java:142 - No commitlog files found; skipping replay
INFO  [main] 2026-08-10 10:43:44,465 StorageService.java:639 - Populating token metadata from system tables
INFO  [main] 2026-08-10 10:43:44,473 StorageService.java:646 - Token metadata: 
INFO  [main] 2026-08-10 10:43:44,523 QueryProcessor.java:163 - Preloaded 0 prepared statements
INFO  [main] 2026-08-10 10:43:44,523 StorageService.java:657 - Cassandra version: 3.11.6
INFO  [main] 2026-08-10 10:43:44,523 StorageService.java:658 - Thrift API version: 20.1.0
INFO  [main] 2026-08-10 10:43:44,523 StorageService.java:659 - CQL supported versions: 3.4.4 (default: 3.4.4)
INFO  [main] 2026-08-10 10:43:44,524 StorageService.java:661 - Native protocol supported versions: 3/v3, 4/v4, 5/v5-beta (default: 4/v4)
INFO  [main] 2026-08-10 10:43:44,544 IndexSummaryManager.java:87 - Initializing index summary manager with a memory pool size of 187 MB and a resize interval of 60 minutes
INFO  [main] 2026-08-10 10:43:44,555 MessagingService.java:750 - Starting Messaging Service on /172.18.0.2:7000 (eth0)
WARN  [main] 2026-08-10 10:43:44,558 SystemKeyspace.java:1130 - No host ID found, created 7a0ab60c-f78f-4e73-986c-9bff958690e2 (Note: This should happen exactly once per node).
INFO  [main] 2026-08-10 10:43:44,566 StorageService.java:589 - Unable to gossip with any peers but continuing anyway since node is in its own seed list
INFO  [main] 2026-08-10 10:43:44,577 StorageService.java:743 - Loading persisted ring state
INFO  [main] 2026-08-10 10:43:44,578 StorageService.java:871 - Starting up server gossip
INFO  [main] 2026-08-10 10:43:44,642 StorageService.java:933 - This node will not auto bootstrap because it is configured to be a seed node.
INFO  [main] 2026-08-10 10:43:44,651 BootStrapper.java:228 - Generated random tokens. tokens are [-5570233269048997715, -1027817556716484898, 3510711236647223467, 2812091042595010825, -3293387146056437012, 1678438491015119845, -5037400508384279919, -8034217044514023938, 773387075027293498, 8289030671021501160, -3628773881695517824, -2761333314426564243, 4267927525186165640, -7437176237145214578, -7780356054048030421, 4798003233427148203, 8802225245803348527, 4477414754608057972, 8592723534280302715, -4938125449000508350, -6185048748241799046, -3001883874469303884, -2270399808328260785, -4102234493928057787, -2231835459056424549, 7798437894604661543, -4278424061418456585, -7853624118514138681, 4481515245492042585, 3062508847068902438, -4959501222445473283, -7566339561673247493, 8899405659948172998, -752869816276474985, -1770055367331348910, -4747230244027320662, 8863982460035557356, 1392686701874479763, -7245770985984315362, -3971335077336153043, 866084983951395421, 545851698584998095, -8062778582939320173, 392172536080569422, -5309417493487450995, -453369537475916320, -8297572485489457900, -8272604111753553295, -1807913285200251372, -2267177613580267834, -2801768382637076475, -2372052429933628763, -8358013253390709518, -4120336551342612179, 6599301584761309043, -87501159715182807, -9003391993212470496, -2615708300399367616, -4655359085649773185, -9175334677678946575, 524984852731056825, 6319371823116626566, 1075053887707173002, -1674174441183651775, -1379026747608600790, 5347888655910530874, -8069108378733087909, 6190811497994829895, -132570044618273741, -1956655375976408297, -5198641699951509377, -4379335554900838458, 733299341217925689, -3899111864958610765, -6459390153807014774, 7417643292437538148, -6858511895346480735, -2274514242112676391, -7879705006873947034, -7811158311393250099, -2383640535983946827, -736991017934755160, -311374993521404895, 5830091864846467069, 3995635237887568007, -8062861645559489055, -6967734763663257760, 1652327111585040982, -7959392925487998585, 1224967557253501634, -3000572349577476774, 5935005159484778527, -7117029296458869505, -6059891919787868008, 2019566459682459520, 2293444789826290036, 4715698756728175141, -7696341639383345815, -7023612099736470207, 8754999522949894876, -4433375844458280510, -3586926724682393546, 2874834536233659328, -6980998176104000695, -2205531592498742472, -1425825162153646216, 7533522808908558095, 3704121922609404197, -6478901484659095618, 3917027173372933567, -5800748897061358226, 6044749797136029322, -2668360522242975964, -5723656124922395414, 5907304529870626753, 8533737150623787864, 1101600699832176022, -1903090514321893301, -8977170391536212773, -2408350745821003412, 2822508936908307194, 6918245465953563250, 8693967246623402148, -4203506206183683728, -4451372612512710480, 7901208892627572795, -9132339187360657571, 680447169481726977, -6519544227303509059, -6242781377636748105, 4811316244894675560, -2372546691963233851, -7063919676576650430, 6540729677626719228, -3894767555993231578, 732208803444391817, -6482930037996286491, 7010225293883813883, 5906238086305563647, -1677377287354635915, -6505202299569530302, -6405680067746722111, -685054901453337, -6791705919535571206, -6170038870825184504, -3412289484616981526, 6664932354270902188, 2389150419631039676, -974469362480033037, 1594104182771919211, -5343580362230517407, 4955744342359382326, -4292160058250510675, 2814183572920991109, -7060560758464193292, -2830010990458137294, -2020422926589670871, 7846105504628159325, 3762338450312613437, 2748958398096768155, 7033466431869187989, 6549941381409957319, -2324313220978004645, -2609528545607079226, -3341733662447709719, 6367221565865345239, -4337910065019402827, -914839870939237969, 2538141052368563199, -8417972533048171449, 8409655313689154805, -2282234222097031500, -37216756606034598, -5551772851963979119, 2723633358939795633, 4133263178043993167, -7746233326592562709, -575229637233940295, -2213479038079915566, 7536790414437549086, 3983163696795569611, -160518045254752373, -4370497486850964195, 7457770601030022766, 6886698978361742482, -7436657438773797541, -4417727052013566094, 8293000339918238897, 39804335273062494, 7432888823408631707, -6024368044917056439, -6335064513193099261, 2311191666632648318, -1927811286852511669, -6376575261429944193, -5259005891622211929, 8308265957057837822, 6232517397825378733, 4128237277043503518, -5532119792458884743, 1640112502258172980, 4510549979152707405, 8480402962913027886, 8476730102533399417, 7459883409566133110, -6324508584395260061, 6257308141244687070, 7629774505679979100, 4724953774614782546, -144222946001524035, -2779842370775625591, -5688927994374153724, -7794588938888438394, 7762204226174326950, -673294748655510096, 2393648491864328376, 8408179012394977015, 195289275033556801, 3570696975739770970, -3545153807948030150, 3843166663290328913, -8516525280151910658, -8721097083408827759, -8169302120578956272, 7778941516055989080, -2490426928085428406, -560959183090985651, 2264269463259809947, 5083739496594563637, -7223544647896893306, -7238014369829954285, -4251203824102986003, -1610786936448133737, -987207462373578730, 3620654753394004421, 2964517938526140843, 4579583848134013533, 6990938263654108240, -8520401072438417602, -3148487198360078353, 8998658791824711396, -703936063412471879, 1514004018299494200, -3226193804475042172, -7863895661133637418, 4455825162027728575, -851199643183107447, -3563783354886914293, -6873977991864931567, -4025255837302077570, 624552148496521552, 1216944366069732253, 9048346899903232200, -6648167515191227612, -7580679641468834047, -1785108355819417504]
INFO  [MigrationStage:1] 2026-08-10 10:43:45,056 ViewManager.java:137 - Not submitting build tasks for views in keyspace system_traces as storage service is not initialized
INFO  [MigrationStage:1] 2026-08-10 10:43:45,060 ColumnFamilyStore.java:427 - Initializing system_traces.events
INFO  [MigrationStage:1] 2026-08-10 10:43:45,066 ColumnFamilyStore.java:427 - Initializing system_traces.sessions
INFO  [MigrationStage:1] 2026-08-10 10:43:45,070 ViewManager.java:137 - Not submitting build tasks for views in keyspace system_distributed as storage service is not initialized
INFO  [MigrationStage:1] 2026-08-10 10:43:45,074 ColumnFamilyStore.java:427 - Initializing system_distributed.parent_repair_history
INFO  [MigrationStage:1] 2026-08-10 10:43:45,080 ColumnFamilyStore.java:427 - Initializing system_distributed.repair_history
INFO  [MigrationStage:1] 2026-08-10 10:43:45,084 ColumnFamilyStore.java:427 - Initializing system_distributed.view_build_status
INFO  [MigrationStage:1] 2026-08-10 10:43:45,089 ViewManager.java:137 - Not submitting build tasks for views in keyspace system_auth as storage service is not initialized
INFO  [MigrationStage:1] 2026-08-10 10:43:45,092 ColumnFamilyStore.java:427 - Initializing system_auth.resource_role_permissons_index
INFO  [MigrationStage:1] 2026-08-10 10:43:45,096 ColumnFamilyStore.java:427 - Initializing system_auth.role_members
INFO  [MigrationStage:1] 2026-08-10 10:43:45,101 ColumnFamilyStore.java:427 - Initializing system_auth.role_permissions
INFO  [MigrationStage:1] 2026-08-10 10:43:45,106 ColumnFamilyStore.java:427 - Initializing system_auth.roles
INFO  [main] 2026-08-10 10:43:45,132 StorageService.java:1478 - JOINING: Finish joining ring
INFO  [main] 2026-08-10 10:43:45,276 Gossiper.java:1780 - Waiting for gossip to settle...
INFO  [main] 2026-08-10 10:43:53,277 Gossiper.java:1811 - No gossip backlog; proceeding
INFO  [main] 2026-08-10 10:43:53,437 NativeTransportService.java:68 - Netty using native Epoll event loop
INFO  [main] 2026-08-10 10:43:53,472 Server.java:158 - Using Netty Version: [netty-buffer=netty-buffer-4.0.44.Final.452812a, netty-codec=netty-codec-4.0.44.Final.452812a, netty-codec-haproxy=netty-codec-haproxy-4.0.44.Final.452812a, netty-codec-http=netty-codec-http-4.0.44.Final.452812a, netty-codec-socks=netty-codec-socks-4.0.44.Final.452812a, netty-common=netty-common-4.0.44.Final.452812a, netty-handler=netty-handler-4.0.44.Final.452812a, netty-tcnative=netty-tcnative-1.1.33.Fork26.142ecbb, netty-transport=netty-transport-4.0.44.Final.452812a, netty-transport-native-epoll=netty-transport-native-epoll-4.0.44.Final.452812a, netty-transport-rxtx=netty-transport-rxtx-4.0.44.Final.452812a, netty-transport-sctp=netty-transport-sctp-4.0.44.Final.452812a, netty-transport-udt=netty-transport-udt-4.0.44.Final.452812a]
INFO  [main] 2026-08-10 10:43:53,472 Server.java:159 - Starting listening for CQL clients on /0.0.0.0:9042 (unencrypted)...
INFO  [main] 2026-08-10 10:43:53,496 CassandraDaemon.java:556 - Not starting RPC server as requested. Use JMX (StorageService->startRPCServer()) or nodetool (enablethrift) to start it
INFO  [OptionalTasks:1] 2026-08-10 10:43:55,368 CassandraRoleManager.java:372 - Created default superuser role 'cassandra'
INFO  [Native-Transport-Requests-1] 2026-08-10 10:44:16,328 MigrationManager.java:338 - Create new Keyspace: KeyspaceMetadata{name=test_suite, params=KeyspaceParams{durable_writes=true, replication=ReplicationParams{class=org.apache.cassandra.locator.SimpleStrategy, replication_factor=1}}, tables=[], views=[], functions=[], types=[]}
INFO  [Native-Transport-Requests-9] 2026-08-10 10:44:17,412 MigrationManager.java:368 - Create new table: org.apache.cassandra.config.CFMetaData@48e26816[cfId=6fab7440-94a8-11f1-885c-9116fc548b6b,ksName=test_suite,cfName=test,flags=[COMPOUND],params=TableParams{comment=, read_repair_chance=0.0, dclocal_read_repair_chance=0.1, bloom_filter_fp_chance=0.01, crc_check_chance=1.0, gc_grace_seconds=864000, default_time_to_live=0, memtable_flush_period_in_ms=0, min_index_interval=128, max_index_interval=2048, speculative_retry=99PERCENTILE, caching={'keys' : 'ALL', 'rows_per_partition' : 'NONE'}, compaction=CompactionParams{class=org.apache.cassandra.db.compaction.SizeTieredCompactionStrategy, options={min_threshold=4, max_threshold=32}}, compression=org.apache.cassandra.schema.CompressionParams@d4abafbc, extensions={}, cdc=false},comparator=comparator(),partitionColumns=[[] | [another_id subject]],partitionKeyColumns=[id],clusteringColumns=[],keyValidator=org.apache.cassandra.db.marshal.UUIDType,columnMetadata=[id, another_id, subject],droppedColumns={},triggers=[],indexes=[]]
INFO  [MigrationStage:1] 2026-08-10 10:44:17,535 ColumnFamilyStore.java:427 - Initializing test_suite.test
ERROR [Native-Transport-Requests-11] 2026-08-10 10:44:18,649 ErrorMessage.java:384 - Unexpected exception during request
java.lang.NullPointerException: null
	at org.apache.cassandra.db.marshal.AbstractType.toJSONString(AbstractType.java:156) ~[apache-cassandra-3.11.6.jar:3.11.6]
	at org.apache.cassandra.cql3.selection.Selection.rowToJson(Selection.java:343) ~[apache-cassandra-3.11.6.jar:3.11.6]
	at org.apache.cassandra.cql3.selection.Selection$ResultSetBuilder.getOutputRow(Selection.java:494) ~[apache-cassandra-3.11.6.jar:3.11.6]
	at org.apache.cassandra.cql3.selection.Selection$ResultSetBuilder.build(Selection.java:477) ~[apache-cassandra-3.11.6.jar:3.11.6]
	at org.apache.cassandra.cql3.statements.SelectStatement.process(SelectStatement.java:794) ~[apache-cassandra-3.11.6.jar:3.11.6]
	at org.apache.cassandra.cql3.statements.SelectStatement.processResults(SelectStatement.java:438) ~[apache-cassandra-3.11.6.jar:3.11.6]
	at org.apache.cassandra.cql3.statements.SelectStatement.execute(SelectStatement.java:416) ~[apache-cassandra-3.11.6.jar:3.11.6]
	at org.apache.cassandra.cql3.statements.SelectStatement.execute(SelectStatement.java:289) ~[apache-cassandra-3.11.6.jar:3.11.6]
	at org.apache.cassandra.cql3.statements.SelectStatement.execute(SelectStatement.java:117) ~[apache-cassandra-3.11.6.jar:3.11.6]
	at org.apache.cassandra.cql3.QueryProcessor.processStatement(QueryProcessor.java:225) ~[apache-cassandra-3.11.6.jar:3.11.6]
	at org.apache.cassandra.cql3.QueryProcessor.processPrepared(QueryProcessor.java:532) ~[apache-cassandra-3.11.6.jar:3.11.6]
	at org.apache.cassandra.cql3.QueryProcessor.processPrepared(QueryProcessor.java:509) ~[apache-cassandra-3.11.6.jar:3.11.6]
	at org.apache.cassandra.transport.messages.ExecuteMessage.execute(ExecuteMessage.java:146) ~[apache-cassandra-3.11.6.jar:3.11.6]
	at org.apache.cassandra.transport.Message$Dispatcher.processRequest(Message.java:686) [apache-cassandra-3.11.6.jar:3.11.6]
	at org.apache.cassandra.transport.Message$Dispatcher.lambda$channelRead0$0(Message.java:592) [apache-cassandra-3.11.6.jar:3.11.6]
	at java.util.concurrent.Executors$RunnableAdapter.call(Executors.java:511) ~[na:1.8.0_262]
	at org.apache.cassandra.concurrent.AbstractLocalAwareExecutorService$FutureTask.run(AbstractLocalAwareExecutorService.java:165) ~[apache-cassandra-3.11.6.jar:3.11.6]
	at org.apache.cassandra.concurrent.SEPWorker.run(SEPWorker.java:113) ~[apache-cassandra-3.11.6.jar:3.11.6]
	at java.lang.Thread.run(Thread.java:748) ~[na:1.8.0_262]
INFO  [Native-Transport-Requests-11] 2026-08-10 10:44:18,654 MigrationManager.java:511 - Drop table 'test_suite/test'
INFO  [Native-Transport-Requests-4] 2026-08-10 10:44:20,069 MigrationManager.java:495 - Drop Keyspace 'test_suite'
INFO  [StorageServiceShutdownHook] 2026-08-10 10:44:31,643 HintsService.java:209 - Paused hints dispatch
INFO  [StorageServiceShutdownHook] 2026-08-10 10:44:31,644 Server.java:179 - Stop listening for CQL clients
INFO  [StorageServiceShutdownHook] 2026-08-10 10:44:31,645 Gossiper.java:1647 - Announcing shutdown
INFO  [StorageServiceShutdownHook] 2026-08-10 10:44:31,646 StorageService.java:2386 - Node /172.18.0.2 state jump to shutdown
INFO  [StorageServiceShutdownHook] 2026-08-10 10:44:33,647 MessagingService.java:985 - Waiting for messaging service to quiesce
INFO  [ACCEPT-/172.18.0.2] 2026-08-10 10:44:33,648 MessagingService.java:1346 - MessagingService has terminated the accept() thread
INFO  [StorageServiceShutdownHook] 2026-08-10 10:44:33,685 HintsService.java:209 - Paused hints dispatch
